Component: ARM Compiler 5.06 update 2 (build 183) Tool: armlink [4d35b7]

==============================================================================

Section Cross References

    tim.o(i.HAL_TIM_Base_MspDeInit) refers to stm32f1xx_hal_cortex.o(i.HAL_NVIC_DisableIRQ) for HAL_NVIC_DisableIRQ
    tim.o(i.HAL_TIM_Base_MspInit) refers to stm32f1xx_hal_cortex.o(i.HAL_NVIC_SetPriority) for HAL_NVIC_SetPriority
    tim.o(i.HAL_TIM_Base_MspInit) refers to stm32f1xx_hal_cortex.o(i.HAL_NVIC_EnableIRQ) for HAL_NVIC_EnableIRQ
    tim.o(i.HAL_TIM_IC_MspDeInit) refers to stm32f1xx_hal_gpio.o(i.HAL_GPIO_DeInit) for HAL_GPIO_DeInit
    tim.o(i.HAL_TIM_IC_MspDeInit) refers to stm32f1xx_hal_cortex.o(i.HAL_NVIC_DisableIRQ) for HAL_NVIC_DisableIRQ
    tim.o(i.HAL_TIM_IC_MspInit) refers to stm32f1xx_hal_gpio.o(i.HAL_GPIO_Init) for HAL_GPIO_Init
    tim.o(i.HAL_TIM_IC_MspInit) refers to stm32f1xx_hal_cortex.o(i.HAL_NVIC_SetPriority) for HAL_NVIC_SetPriority
    tim.o(i.HAL_TIM_IC_MspInit) refers to stm32f1xx_hal_cortex.o(i.HAL_NVIC_EnableIRQ) for HAL_NVIC_EnableIRQ
    tim.o(i.HAL_TIM_MspPostInit) refers to stm32f1xx_hal_gpio.o(i.HAL_GPIO_Init) for HAL_GPIO_Init
    tim.o(i.MX_TIM1_Init) refers to stm32f1xx_hal_tim.o(i.HAL_TIM_PWM_Init) for HAL_TIM_PWM_Init
    tim.o(i.MX_TIM1_Init) refers to main.o(i._Error_Handler) for _Error_Handler
    tim.o(i.MX_TIM1_Init) refers to stm32f1xx_hal_tim_ex.o(i.HAL_TIMEx_MasterConfigSynchronization) for HAL_TIMEx_MasterConfigSynchronization
    tim.o(i.MX_TIM1_Init) refers to stm32f1xx_hal_tim.o(i.HAL_TIM_PWM_ConfigChannel) for HAL_TIM_PWM_ConfigChannel
    tim.o(i.MX_TIM1_Init) refers to stm32f1xx_hal_tim_ex.o(i.HAL_TIMEx_ConfigBreakDeadTime) for HAL_TIMEx_ConfigBreakDeadTime
    tim.o(i.MX_TIM1_Init) refers to tim.o(i.HAL_TIM_MspPostInit) for HAL_TIM_MspPostInit
    tim.o(i.MX_TIM1_Init) refers to tim.o(.bss) for .bss
    tim.o(i.MX_TIM2_Init) refers to stm32f1xx_hal_tim.o(i.HAL_TIM_Base_Init) for HAL_TIM_Base_Init
    tim.o(i.MX_TIM2_Init) refers to main.o(i._Error_Handler) for _Error_Handler
    tim.o(i.MX_TIM2_Init) refers to stm32f1xx_hal_tim.o(i.HAL_TIM_ConfigClockSource) for HAL_TIM_ConfigClockSource
    tim.o(i.MX_TIM2_Init) refers to stm32f1xx_hal_tim_ex.o(i.HAL_TIMEx_MasterConfigSynchronization) for HAL_TIMEx_MasterConfigSynchronization
    tim.o(i.MX_TIM2_Init) refers to tim.o(.bss) for .bss
    tim.o(i.MX_TIM3_Init) refers to stm32f1xx_hal_tim.o(i.HAL_TIM_IC_Init) for HAL_TIM_IC_Init
    tim.o(i.MX_TIM3_Init) refers to main.o(i._Error_Handler) for _Error_Handler
    tim.o(i.MX_TIM3_Init) refers to stm32f1xx_hal_tim_ex.o(i.HAL_TIMEx_MasterConfigSynchronization) for HAL_TIMEx_MasterConfigSynchronization
    tim.o(i.MX_TIM3_Init) refers to stm32f1xx_hal_tim.o(i.HAL_TIM_IC_ConfigChannel) for HAL_TIM_IC_ConfigChannel
    tim.o(i.MX_TIM3_Init) refers to tim.o(.bss) for .bss
    tim.o(i.MX_TIM4_Init) refers to stm32f1xx_hal_tim.o(i.HAL_TIM_Base_Init) for HAL_TIM_Base_Init
    tim.o(i.MX_TIM4_Init) refers to main.o(i._Error_Handler) for _Error_Handler
    tim.o(i.MX_TIM4_Init) refers to stm32f1xx_hal_tim.o(i.HAL_TIM_ConfigClockSource) for HAL_TIM_ConfigClockSource
    tim.o(i.MX_TIM4_Init) refers to stm32f1xx_hal_tim_ex.o(i.HAL_TIMEx_MasterConfigSynchronization) for HAL_TIMEx_MasterConfigSynchronization
    tim.o(i.MX_TIM4_Init) refers to tim.o(.bss) for .bss
    dma.o(i.MX_DMA_Init) refers to stm32f1xx_hal_cortex.o(i.HAL_NVIC_SetPriority) for HAL_NVIC_SetPriority
    dma.o(i.MX_DMA_Init) refers to stm32f1xx_hal_cortex.o(i.HAL_NVIC_EnableIRQ) for HAL_NVIC_EnableIRQ
    adc.o(i.HAL_ADC_MspDeInit) refers to stm32f1xx_hal_gpio.o(i.HAL_GPIO_DeInit) for HAL_GPIO_DeInit
    adc.o(i.HAL_ADC_MspDeInit) refers to stm32f1xx_hal_cortex.o(i.HAL_NVIC_DisableIRQ) for HAL_NVIC_DisableIRQ
    adc.o(i.HAL_ADC_MspInit) refers to stm32f1xx_hal_gpio.o(i.HAL_GPIO_Init) for HAL_GPIO_Init
    adc.o(i.HAL_ADC_MspInit) refers to stm32f1xx_hal_cortex.o(i.HAL_NVIC_SetPriority) for HAL_NVIC_SetPriority
    adc.o(i.HAL_ADC_MspInit) refers to stm32f1xx_hal_cortex.o(i.HAL_NVIC_EnableIRQ) for HAL_NVIC_EnableIRQ
    adc.o(i.MX_ADC1_Init) refers to stm32f1xx_hal_adc.o(i.HAL_ADC_Init) for HAL_ADC_Init
    adc.o(i.MX_ADC1_Init) refers to main.o(i._Error_Handler) for _Error_Handler
    adc.o(i.MX_ADC1_Init) refers to stm32f1xx_hal_adc.o(i.HAL_ADC_ConfigChannel) for HAL_ADC_ConfigChannel
    adc.o(i.MX_ADC1_Init) refers to adc.o(.bss) for .bss
    usart.o(i.HAL_UART_MspDeInit) refers to stm32f1xx_hal_gpio.o(i.HAL_GPIO_DeInit) for HAL_GPIO_DeInit
    usart.o(i.HAL_UART_MspDeInit) refers to stm32f1xx_hal_dma.o(i.HAL_DMA_DeInit) for HAL_DMA_DeInit
    usart.o(i.HAL_UART_MspDeInit) refers to stm32f1xx_hal_cortex.o(i.HAL_NVIC_DisableIRQ) for HAL_NVIC_DisableIRQ
    usart.o(i.HAL_UART_MspInit) refers to stm32f1xx_hal_gpio.o(i.HAL_GPIO_Init) for HAL_GPIO_Init
    usart.o(i.HAL_UART_MspInit) refers to stm32f1xx_hal_dma.o(i.HAL_DMA_Init) for HAL_DMA_Init
[...]
    Removing stm32f1xx_hal.o(i.HAL_MspInit), (2 bytes).
    Removing stm32f1xx_hal.o(i.HAL_ResumeTick), (14 bytes).
    Removing stm32f1xx_hal.o(i.HAL_SuspendTick), (14 bytes).
    Removing startup_stm32f103xe.o(HEAP), (512 bytes).
    Removing system_stm32f1xx.o(.rev16_text), (4 bytes).
    Removing system_stm32f1xx.o(.revsh_text), (4 bytes).
    Removing system_stm32f1xx.o(.rrx_text), (6 bytes).
    Removing system_stm32f1xx.o(i.SystemCoreClockUpdate), (104 bytes).
    Removing led.o(.rev16_text), (4 bytes).
    Removing led.o(.revsh_text), (4 bytes).
    Removing led.o(.rrx_text), (6 bytes).
    Removing led.o(i.delay_ms_nointer), (36 bytes).
    Removing my_adc.o(.rev16_text), (4 bytes).
    Removing my_adc.o(.revsh_text), (4 bytes).
    Removing my_adc.o(.rrx_text), (6 bytes).
    Removing my_pwm_input.o(.rev16_text), (4 bytes).
    Removing my_pwm_input.o(.revsh_text), (4 bytes).
    Removing my_pwm_input.o(.rrx_text), (6 bytes).
    Removing my_pwm_input.o(.data), (4 bytes).
    Removing my_pwm_input.o(.data), (4 bytes).
    Removing my_pwm_input.o(.data), (4 bytes).
    Removing process.o(.rev16_text), (4 bytes).
    Removing process.o(.revsh_text), (4 bytes).
    Removing process.o(.rrx_text), (6 bytes).
    Removing process.o(.data), (2 bytes).
    Removing system_control.o(.rev16_text), (4 bytes).
    Removing system_control.o(.revsh_text), (4 bytes).
    Removing system_control.o(.rrx_text), (6 bytes).
    Removing system_control.o(.data), (2 bytes).
    Removing 24cxx.o(.rev16_text), (4 bytes).
    Removing 24cxx.o(.revsh_text), (4 bytes).
    Removing 24cxx.o(.rrx_text), (6 bytes).
    Removing 24cxx.o(i.AT24CXX_Check), (38 bytes).
    Removing 24cxx.o(i.AT24CXX_Init), (4 bytes).
    Removing 24cxx.o(i.AT24CXX_Read), (34 bytes).
    Removing 24cxx.o(i.AT24CXX_ReadLenByte), (42 bytes).
    Removing 24cxx.o(i.AT24CXX_ReadOneByte), (66 bytes).
    Removing 24cxx.o(i.AT24CXX_Write), (32 bytes).
    Removing 24cxx.o(i.AT24CXX_WriteLenByte), (42 bytes).
    Removing 24cxx.o(i.AT24CXX_WriteOneByte), (62 bytes).
    Removing myiic.o(.rev16_text), (4 bytes).
    Removing myiic.o(.revsh_text), (4 bytes).
    Removing myiic.o(.rrx_text), (6 bytes).
    Removing myiic.o(i.IIC_Ack), (60 bytes).
    Removing myiic.o(i.IIC_Init), (68 bytes).
    Removing myiic.o(i.IIC_NAck), (60 bytes).
    Removing myiic.o(i.IIC_Read_Byte), (104 bytes).
    Removing mynop.o(.rev16_text), (4 bytes).
    Removing mynop.o(.revsh_text), (4 bytes).
    Removing mynop.o(.rrx_text), (6 bytes).
    Removing stm32_bsp_timer.o(.rev16_text), (4 bytes).
    Removing stm32_bsp_timer.o(.revsh_text), (4 bytes).
    Removing stm32_bsp_timer.o(.rrx_text), (6 bytes).
    Removing stm32_bsp_timer.o(i.Disable_Pwm_Output), (60 bytes).
    Removing stm32_bsp_timer.o(i.Enable_Pwm_Output), (60 bytes).
    Removing stm32_bsp_timer.o(i.Get_Function_Period), (52 bytes).
    Removing stm32_bsp_timer.o(i.Pause_User_Timer), (24 bytes).
    Removing stm32_bsp_timer.o(i.Resume_User_Timer), (38 bytes).
    Removing stm32_bsp_timer.o(i.Start_Pwm_Tiemr), (36 bytes).
    Removing stm32_bsp_uart.o(.rev16_text), (4 bytes).
    Removing stm32_bsp_uart.o(.revsh_text), (4 bytes).
    Removing stm32_bsp_uart.o(.rrx_text), (6 bytes).
    Removing board_gimbal_cmd_process.o(.rev16_text), (4 bytes).
    Removing board_gimbal_cmd_process.o(.revsh_text), (4 bytes).
    Removing board_gimbal_cmd_process.o(.rrx_text), (6 bytes).
    Removing sys.o(.rev16_text), (4 bytes).
    Removing sys.o(.revsh_text), (4 bytes).
    Removing sys.o(.rrx_text), (6 bytes).
    Removing sys.o(.emb_text), (6 bytes).
    Removing sys.o(i.INTX_DISABLE), (4 bytes).
    Removing sys.o(i.INTX_ENABLE), (4 bytes).
    Removing sys.o(i.WFI_SET), (4 bytes).
    Removing delay.o(.rev16_text), (4 bytes).
    Removing delay.o(.revsh_text), (4 bytes).
    Removing delay.o(.rrx_text), (6 bytes).
    Removing delay.o(i.delay_ms), (26 bytes).
    Removing delay.o(i.delay_us), (52 bytes).
    Removing fdiv.o(.text), (124 bytes).
    Removing ffltui.o(.text), (10 bytes).

410 unused section(s) (total 21992 bytes) removed from the image.

==============================================================================

Image Symbol Table

    Local Symbols

    Symbol Name                              Value     Ov Type        Size  Object(Section)

    ../Drivers/STM32F1xx_HAL_Driver/Src/stm32f1xx_hal.c 0x00000000   Number         0  stm32f1xx_hal.o ABSOLUTE
    ../Drivers/STM32F1xx_HAL_Driver/Src/stm32f1xx_hal_adc.c 0x00000000   Number         0  stm32f1xx_hal_adc.o ABSOLUTE
    ../Drivers/STM32F1xx_HAL_Driver/Src/stm32f1xx_hal_adc_ex.c 0x00000000   Number         0  stm32f1xx_hal_adc_ex.o ABSOLUTE
    ../Drivers/STM32F1xx_HAL_Driver/Src/stm32f1xx_hal_cortex.c 0x00000000   Number         0  stm32f1xx_hal_cortex.o ABSOLUTE
    ../Drivers/STM32F1xx_HAL_Driver/Src/stm32f1xx_hal_dma.c 0x00000000   Number         0  stm32f1xx_hal_dma.o ABSOLUTE
    ../Drivers/STM32F1xx_HAL_Driver/Src/stm32f1xx_hal_flash.c 0x00000000   Number         0  stm32f1xx_hal_flash.o ABSOLUTE
    ../Drivers/STM32F1xx_HAL_Driver/Src/stm32f1xx_hal_flash_ex.c 0x00000000   Number         0  stm32f1xx_hal_flash_ex.o ABSOLUTE
    ../Drivers/STM32F1xx_HAL_Driver/Src/stm32f1xx_hal_gpio.c 0x00000000   Number         0  stm32f1xx_hal_gpio.o ABSOLUTE
    ../Drivers/STM32F1xx_HAL_Driver/Src/stm32f1xx_hal_gpio_ex.c 0x00000000   Number         0  stm32f1xx_hal_gpio_ex.o ABSOLUTE
    ../Drivers/STM32F1xx_HAL_Driver/Src/stm32f1xx_hal_pwr.c 0x00000000   Number         0  stm32f1xx_hal_pwr.o ABSOLUTE
    ../Drivers/STM32F1xx_HAL_Driver/Src/stm32f1xx_hal_rcc.c 0x00000000   Number         0  stm32f1xx_hal_rcc.o ABSOLUTE
    ../Drivers/STM32F1xx_HAL_Driver/Src/stm32f1xx_hal_rcc_ex.c 0x00000000   Number         0  stm32f1xx_hal_rcc_ex.o ABSOLUTE
    ../Drivers/STM32F1xx_HAL_Driver/Src/stm32f1xx_hal_tim.c 0x00000000   Number         0  stm32f1xx_hal_tim.o ABSOLUTE
    ../Drivers/STM32F1xx_HAL_Driver/Src/stm32f1xx_hal_tim_ex.c 0x00000000   Number         0  stm32f1xx_hal_tim_ex.o ABSOLUTE
    ../Drivers/STM32F1xx_HAL_Driver/Src/stm32f1xx_hal_uart.c 0x00000000   Number         0  stm32f1xx_hal_uart.o ABSOLUTE
    ../Src/adc.c                             0x00000000   Number         0  adc.o ABSOLUTE
    ../Src/dma.c                             0x00000000   Number         0  dma.o ABSOLUTE
    ../Src/gpio.c                            0x00000000   Number         0  gpio.o ABSOLUTE
    ../Src/main.c                            0x00000000   Number         0  main.o ABSOLUTE
    ../Src/stm32f1xx_hal_msp.c               0x00000000   Number         0  stm32f1xx_hal_msp.o ABSOLUTE
    ../Src/stm32f1xx_it.c                    0x00000000   Number         0  stm32f1xx_it.o ABSOLUTE
    ../Src/system_stm32f1xx.c                0x00000000   Number         0  system_stm32f1xx.o ABSOLUTE
    ../Src/tim.c                             0x00000000   Number         0  tim.o ABSOLUTE
    ../Src/usart.c                           0x00000000   Number         0  usart.o ABSOLUTE
    ../clib/microlib/init/entry.s            0x00000000   Number         0  entry11b.o ABSOLUTE
    ../clib/microlib/init/entry.s            0x00000000   Number         0  entry11a.o ABSOLUTE
    ../clib/microlib/init/entry.s            0x00000000   Number         0  entry9a.o ABSOLUTE
    ../clib/microlib/init/entry.s            0x00000000   Number         0  entry8b.o ABSOLUTE
    ../clib/microlib/init/entry.s            0x00000000   Number         0  entry8a.o ABSOLUTE
    ../clib/microlib/init/entry.s            0x00000000   Number         0  entry7a.o ABSOLUTE
    ../clib/microlib/init/entry.s            0x00000000   Number         0  entry5.o ABSOLUTE
    ../clib/microlib/init/entry.s            0x00000000   Number         0  entry2.o ABSOLUTE
    ../clib/microlib/init/entry.s            0x00000000   Number         0  entry.o ABSOLUTE
    ../clib/microlib/init/entry.s            0x00000000   Number         0  entry9b.o ABSOLUTE
    ../clib/microlib/init/entry.s            0x00000000   Number         0  entry10a.o ABSOLUTE
    ../clib/microlib/init/entry.s            0x00000000   Number         0  entry7b.o ABSOLUTE
    ../clib/microlib/init/entry.s            0x00000000   Number         0  entry10b.o ABSOLUTE
    ../clib/microlib/longlong.c              0x00000000   Number         0  llshl.o ABSOLUTE
    ../clib/microlib/longlong.c              0x00000000   Number         0  llushr.o ABSOLUTE
    ../clib/microlib/stubs.s                 0x00000000   Number         0  iusefp.o ABSOLUTE
    ../fplib/microlib/d2f.c                  0x00000000   Number         0  d2f.o ABSOLUTE
    ../fplib/microlib/fpdiv.c                0x00000000   Number         0  fdiv.o ABSOLUTE
    ../fplib/microlib/fpepilogue.c           0x00000000   Number         0  depilogue.o ABSOLUTE
    ../fplib/microlib/fpepilogue.c           0x00000000   Number         0  fepilogue.o ABSOLUTE
    ../fplib/microlib/fpfix.c                0x00000000   Number         0  ffixui.o ABSOLUTE
    ../fplib/microlib/fpflt.c                0x00000000   Number         0  ffltui.o ABSOLUTE
    ../fplib/microlib/fpflt.c                0x00000000   Number         0  dfltui.o ABSOLUTE
    ../fplib/microlib/fpmul.c                0x00000000   Number         0  dmul.o ABSOLUTE
    ../fplib/microlib/fpscalb.c              0x00000000   Number         0  dscalb.o ABSOLUTE
    ..\Application\Communication\src\board_gimbal_cmd_process.c 0x00000000   Number         0  board_gimbal_cmd_process.o ABSOLUTE
    ..\Drivers\STM32F1xx_HAL_Driver\Src\stm32f1xx_hal.c 0x00000000   Number         0  stm32f1xx_hal.o ABSOLUTE
    ..\Drivers\STM32F1xx_HAL_Driver\Src\stm32f1xx_hal_adc.c 0x00000000   Number         0  stm32f1xx_hal_adc.o ABSOLUTE
    ..\Drivers\STM32F1xx_HAL_Driver\Src\stm32f1xx_hal_adc_ex.c 0x00000000   Number         0  stm32f1xx_hal_adc_ex.o ABSOLUTE
    ..\Drivers\STM32F1xx_HAL_Driver\Src\stm32f1xx_hal_cortex.c 0x00000000   Number         0  stm32f1xx_hal_cortex.o ABSOLUTE
    ..\Drivers\STM32F1xx_HAL_Driver\Src\stm32f1xx_hal_dma.c 0x00000000   Number         0  stm32f1xx_hal_dma.o ABSOLUTE
    ..\Drivers\STM32F1xx_HAL_Driver\Src\stm32f1xx_hal_flash.c 0x00000000   Number         0  stm32f1xx_hal_flash.o ABSOLUTE
    ..\Drivers\STM32F1xx_HAL_Driver\Src\stm32f1xx_hal_flash_ex.c 0x00000000   Number         0  stm32f1xx_hal_flash_ex.o ABSOLUTE
    ..\Drivers\STM32F1xx_HAL_Driver\Src\stm32f1xx_hal_gpio.c 0x00000000   Number         0  stm32f1xx_hal_gpio.o ABSOLUTE
    ..\Drivers\STM32F1xx_HAL_Driver\Src\stm32f1xx_hal_gpio_ex.c 0x00000000   Number         0  stm32f1xx_hal_gpio_ex.o ABSOLUTE
    ..\Drivers\STM32F1xx_HAL_Driver\Src\stm32f1xx_hal_pwr.c 0x00000000   Number         0  stm32f1xx_hal_pwr.o ABSOLUTE
    ..\Drivers\STM32F1xx_HAL_Driver\Src\stm32f1xx_hal_rcc.c 0x00000000   Number         0  stm32f1xx_hal_rcc.o ABSOLUTE
    ..\Drivers\STM32F1xx_HAL_Driver\Src\stm32f1xx_hal_rcc_ex.c 0x00000000   Number         0  stm32f1xx_hal_rcc_ex.o ABSOLUTE
    ..\Drivers\STM32F1xx_HAL_Driver\Src\stm32f1xx_hal_tim.c 0x00000000   Number         0  stm32f1xx_hal_tim.o ABSOLUTE
    ..\Drivers\STM32F1xx_HAL_Driver\Src\stm32f1xx_hal_tim_ex.c 0x00000000   Number         0  stm32f1xx_hal_tim_ex.o ABSOLUTE
    ..\Drivers\STM32F1xx_HAL_Driver\Src\stm32f1xx_hal_uart.c 0x00000000   Number         0  stm32f1xx_hal_uart.o ABSOLUTE
    ..\Drivers\STM32_BSP_Driver\src\stm32_bsp_timer.C 0x00000000   Number         0  stm32_bsp_timer.o ABSOLUTE
    ..\Drivers\STM32_BSP_Driver\src\stm32_bsp_uart.C 0x00000000   Number         0  stm32_bsp_uart.o ABSOLUTE
    ..\SYSTEM\delay\delay.c                  0x00000000   Number         0  delay.o ABSOLUTE
    ..\SYSTEM\sys\sys.c                      0x00000000   Number         0  sys.o ABSOLUTE
    ..\Src\adc.c                             0x00000000   Number         0  adc.o ABSOLUTE
    ..\Src\dma.c                             0x00000000   Number         0  dma.o ABSOLUTE
    ..\Src\gpio.c                            0x00000000   Number         0  gpio.o ABSOLUTE
    ..\Src\main.c                            0x00000000   Number         0  main.o ABSOLUTE
    ..\Src\stm32f1xx_hal_msp.c               0x00000000   Number         0  stm32f1xx_hal_msp.o ABSOLUTE
    ..\Src\stm32f1xx_it.c                    0x00000000   Number         0  stm32f1xx_it.o ABSOLUTE
    ..\Src\system_control.c                  0x00000000   Number         0  system_control.o ABSOLUTE
    ..\Src\system_stm32f1xx.c                0x00000000   Number         0  system_stm32f1xx.o ABSOLUTE
    ..\Src\tim.c                             0x00000000   Number         0  tim.o ABSOLUTE
    ..\Src\usart.c                           0x00000000   Number         0  usart.o ABSOLUTE
    ..\USER\24cxx.c                          0x00000000   Number         0  24cxx.o ABSOLUTE
    ..\USER\led.c                            0x00000000   Number         0  led.o ABSOLUTE
    ..\USER\my_adc.c                         0x00000000   Number         0  my_adc.o ABSOLUTE
    ..\USER\my_pwm_input.c                   0x00000000   Number         0  my_pwm_input.o ABSOLUTE
    ..\USER\myiic.c                          0x00000000   Number         0  myiic.o ABSOLUTE
    ..\USER\mynop.c                          0x00000000   Number         0  mynop.o ABSOLUTE
    ..\USER\process.c                        0x00000000   Number         0  process.o ABSOLUTE
    ..\\Application\\Communication\\src\\board_gimbal_cmd_process.c 0x00000000   Number         0  board_gimbal_cmd_process.o ABSOLUTE
    ..\\Drivers\\STM32_BSP_Driver\\src\\stm32_bsp_timer.C 0x00000000   Number         0  stm32_bsp_timer.o ABSOLUTE
    ..\\Drivers\\STM32_BSP_Driver\\src\\stm32_bsp_uart.C 0x00000000   Number         0  stm32_bsp_uart.o ABSOLUTE
    ..\\SYSTEM\\delay\\delay.c               0x00000000   Number         0  delay.o ABSOLUTE
    ..\\SYSTEM\\sys\\sys.c                   0x00000000   Number         0  sys.o ABSOLUTE
    ..\\Src\\system_control.c                0x00000000   Number         0  system_control.o ABSOLUTE
    ..\\USER\\24cxx.c                        0x00000000   Number         0  24cxx.o ABSOLUTE
    ..\\USER\\led.c                          0x00000000   Number         0  led.o ABSOLUTE
    ..\\USER\\my_adc.c                       0x00000000   Number         0  my_adc.o ABSOLUTE
    ..\\USER\\my_pwm_input.c                 0x00000000   Number         0  my_pwm_input.o ABSOLUTE
    ..\\USER\\myiic.c                        0x00000000   Number         0  myiic.o ABSOLUTE
    ..\\USER\\mynop.c                        0x00000000   Number         0  mynop.o ABSOLUTE
    ..\\USER\\process.c                      0x00000000   Number         0  process.o ABSOLUTE
    dc.s                                     0x00000000   Number         0  dc.o ABSOLUTE
    handlers.s                               0x00000000   Number         0  handlers.o ABSOLUTE
    init.s                                   0x00000000   Number         0  init.o ABSOLUTE
    startup_stm32f103xe.s                    0x00000000   Number         0  startup_stm32f103xe.o ABSOLUTE
    RESET                                    0x08000000   Section      304  startup_stm32f103xe.o(RESET)
    .ARM.Collect$$$$00000000                 0x08000130   Section        0  entry.o(.ARM.Collect$$$$00000000)
    .ARM.Collect$$$$00000001                 0x08000130   Section        4  entry2.o(.ARM.Collect$$$$00000001)
    .ARM.Collect$$$$00000004                 0x08000134   Section        4  entry5.o(.ARM.Collect$$$$00000004)
    .ARM.Collect$$$$00000008                 0x08000138   Section        0  entry7b.o(.ARM.Collect$$$$00000008)
    .ARM.Collect$$$$0000000A                 0x08000138   Section        0  entry8b.o(.ARM.Collect$$$$0000000A)
    .ARM.Collect$$$$0000000B                 0x08000138   Section        8  entry9a.o(.ARM.Collect$$$$0000000B)
    .ARM.Collect$$$$0000000D                 0x08000140   Section        0  entry10a.o(.ARM.Collect$$$$0000000D)
    .ARM.Collect$$$$0000000F                 0x08000140   Section        0  entry11a.o(.ARM.Collect$$$$0000000F)
    .ARM.Collect$$$$00002712                 0x08000140   Section        4  entry2.o(.ARM.Collect$$$$00002712)
    __lit__00000000                          0x08000140   Data           4  entry2.o(.ARM.Collect$$$$00002712)
    .text                                    0x08000144   Section       36  startup_stm32f103xe.o(.text)
    .text                                    0x08000168   Section        0  llushr.o(.text)
    .text                                    0x08000188   Section        0  dmul.o(.text)
    .text                                    0x0800026c   Section        0  dscalb.o(.text)
    .text                                    0x0800029a   Section        0  dfltui.o(.text)
    .text                                    0x080002b4   Section        0  ffixui.o(.text)
    .text                                    0x080002dc   Section        0  d2f.o(.text)
    .text                                    0x08000314   Section        0  fepilogue.o(.text)
    .text                                    0x08000314   Section        0  iusefp.o(.text)
    .text                                    0x08000382   Section        0  depilogue.o(.text)
    .text                                    0x0800043c   Section       36  init.o(.text)
    .text                                    0x08000460   Section        0  llshl.o(.text)
    i.ADC1_2_IRQHandler                      0x08000480   Section        0  stm32f1xx_it.o(i.ADC1_2_IRQHandler)
    i.ADC_ConversionStop_Disable             0x0800048c   Section        0  stm32f1xx_hal_adc.o(i.ADC_ConversionStop_Disable)
    i.ADC_Enable                             0x080004d8   Section        0  stm32f1xx_hal_adc.o(i.ADC_Enable)
    i.Board_Gimbal_Cmd_Trans_Process         0x08000548   Section        0  board_gimbal_cmd_process.o(i.Board_Gimbal_Cmd_Trans_Process)
    i.BusFault_Handler                       0x0800054a   Section        0  stm32f1xx_it.o(i.BusFault_Handler)
    i.DMA1_Channel2_IRQHandler               0x0800054c   Section        0  stm32f1xx_it.o(i.DMA1_Channel2_IRQHandler)
    i.DMA1_Channel3_IRQHandler               0x08000558   Section        0  stm32f1xx_it.o(i.DMA1_Channel3_IRQHandler)
    i.DMA1_Channel4_IRQHandler               0x08000564   Section        0  stm32f1xx_it.o(i.DMA1_Channel4_IRQHandler)
    i.DMA1_Channel5_IRQHandler               0x08000570   Section        0  stm32f1xx_it.o(i.DMA1_Channel5_IRQHandler)
    i.DMA1_Channel6_IRQHandler               0x0800057c   Section        0  stm32f1xx_it.o(i.DMA1_Channel6_IRQHandler)
    i.DMA1_Channel7_IRQHandler               0x08000588   Section        0  stm32f1xx_it.o(i.DMA1_Channel7_IRQHandler)
    i.DebugMon_Handler                       0x08000594   Section        0  stm32f1xx_it.o(i.DebugMon_Handler)
    i.Delay_nop_1us                          0x08000596   Section        0  mynop.o(i.Delay_nop_1us)
    i.Delay_nop_2us                          0x080005a8   Section        0  mynop.o(i.Delay_nop_2us)
    i.Delay_nop_4us                          0x080005ba   Section        0  mynop.o(i.Delay_nop_4us)
    i.Get_Adc                                0x080005cc   Section        0  my_adc.o(i.Get_Adc)
    i.Get_Adc_Average                        0x080005fc   Section        0  my_adc.o(i.Get_Adc_Average)
    i.HAL_ADCEx_Calibration_Start            0x08000620   Section        0  stm32f1xx_hal_adc_ex.o(i.HAL_ADCEx_Calibration_Start)
    i.HAL_ADCEx_InjectedConvCpltCallback     0x080006e8   Section        0  stm32f1xx_hal_adc_ex.o(i.HAL_ADCEx_InjectedConvCpltCallback)
    i.HAL_ADC_ConfigChannel                  0x080006ec   Section        0  stm32f1xx_hal_adc.o(i.HAL_ADC_ConfigChannel)
    i.HAL_ADC_ConvCpltCallback               0x08000854   Section        0  stm32f1xx_hal_adc.o(i.HAL_ADC_ConvCpltCallback)
    i.HAL_ADC_GetState                       0x08000856   Section        0  stm32f1xx_hal_adc.o(i.HAL_ADC_GetState)
    i.HAL_ADC_GetValue                       0x0800085a   Section        0  stm32f1xx_hal_adc.o(i.HAL_ADC_GetValue)
    i.HAL_ADC_IRQHandler                     0x08000860   Section        0  stm32f1xx_hal_adc.o(i.HAL_ADC_IRQHandler)
    i.HAL_ADC_Init                           0x08000948   Section        0  stm32f1xx_hal_adc.o(i.HAL_ADC_Init)
    i.HAL_ADC_LevelOutOfWindowCallback       0x08000a90   Section        0  stm32f1xx_hal_adc.o(i.HAL_ADC_LevelOutOfWindowCallback)
    i.HAL_ADC_MspInit                        0x08000a94   Section        0  adc.o(i.HAL_ADC_MspInit)
    i.HAL_ADC_PollForConversion              0x08000ae4   Section        0  stm32f1xx_hal_adc.o(i.HAL_ADC_PollForConversion)
    i.HAL_ADC_Start                          0x08000c14   Section        0  stm32f1xx_hal_adc.o(i.HAL_ADC_Start)
    i.HAL_DMA_IRQHandler                     0x08000cd4   Section        0  stm32f1xx_hal_dma.o(i.HAL_DMA_IRQHandler)
    i.HAL_DMA_Init                           0x0800118c   Section        0  stm32f1xx_hal_dma.o(i.HAL_DMA_Init)
    i.HAL_Delay                              0x080011dc   Section        0  stm32f1xx_hal.o(i.HAL_Delay)
    i.HAL_GPIO_Init                          0x080011f4   Section        0  stm32f1xx_hal_gpio.o(i.HAL_GPIO_Init)
    i.HAL_GPIO_WritePin                      0x080013dc   Section        0  stm32f1xx_hal_gpio.o(i.HAL_GPIO_WritePin)
    i.HAL_GetTick                            0x080013e8   Section        0  stm32f1xx_hal.o(i.HAL_GetTick)
    i.HAL_IncTick                            0x080013f4   Section        0  stm32f1xx_hal.o(i.HAL_IncTick)
    i.HAL_Init                               0x08001404   Section        0  stm32f1xx_hal.o(i.HAL_Init)
    i.HAL_InitTick                           0x08001428   Section        0  stm32f1xx_hal.o(i.HAL_InitTick)
    i.HAL_MspInit                            0x0800144c   Section        0  stm32f1xx_hal_msp.o(i.HAL_MspInit)
    i.HAL_NVIC_EnableIRQ                     0x080014cc   Section        0  stm32f1xx_hal_cortex.o(i.HAL_NVIC_EnableIRQ)
    i.HAL_NVIC_SetPriority                   0x080014e4   Section        0  stm32f1xx_hal_cortex.o(i.HAL_NVIC_SetPriority)
    i.HAL_NVIC_SetPriorityGrouping           0x08001524   Section        0  stm32f1xx_hal_cortex.o(i.HAL_NVIC_SetPriorityGrouping)
    i.HAL_RCCEx_GetPeriphCLKFreq             0x08001548   Section        0  stm32f1xx_hal_rcc_ex.o(i.HAL_RCCEx_GetPeriphCLKFreq)
    i.HAL_RCCEx_PeriphCLKConfig              0x08001648   Section        0  stm32f1xx_hal_rcc_ex.o(i.HAL_RCCEx_PeriphCLKConfig)
    i.HAL_RCC_ClockConfig                    0x08001774   Section        0  stm32f1xx_hal_rcc.o(i.HAL_RCC_ClockConfig)
    i.HAL_RCC_GetHCLKFreq                    0x080018fc   Section        0  stm32f1xx_hal_rcc.o(i.HAL_RCC_GetHCLKFreq)
    i.HAL_RCC_GetPCLK1Freq                   0x08001908   Section        0  stm32f1xx_hal_rcc.o(i.HAL_RCC_GetPCLK1Freq)
    i.HAL_RCC_GetPCLK2Freq                   0x08001938   Section        0  stm32f1xx_hal_rcc.o(i.HAL_RCC_GetPCLK2Freq)
    i.HAL_RCC_GetSysClockFreq                0x08001968   Section        0  stm32f1xx_hal_rcc.o(i.HAL_RCC_GetSysClockFreq)
    i.HAL_RCC_OscConfig                      0x080019f0   Section        0  stm32f1xx_hal_rcc.o(i.HAL_RCC_OscConfig)
    i.HAL_SYSTICK_CLKSourceConfig            0x08001f6e   Section        0  stm32f1xx_hal_cortex.o(i.HAL_SYSTICK_CLKSourceConfig)
    i.HAL_SYSTICK_Callback                   0x08001f86   Section        0  stm32f1xx_hal_cortex.o(i.HAL_SYSTICK_Callback)
    i.HAL_SYSTICK_Config                     0x08001f88   Section        0  stm32f1xx_hal_cortex.o(i.HAL_SYSTICK_Config)
    i.HAL_SYSTICK_IRQHandler                 0x08001fb0   Section        0  stm32f1xx_hal_cortex.o(i.HAL_SYSTICK_IRQHandler)
    i.HAL_TIMEx_BreakCallback                0x08001fb8   Section        0  stm32f1xx_hal_tim_ex.o(i.HAL_TIMEx_BreakCallback)
    i.HAL_TIMEx_CommutationCallback          0x08001fba   Section        0  stm32f1xx_hal_tim_ex.o(i.HAL_TIMEx_CommutationCallback)
    i.HAL_TIMEx_ConfigBreakDeadTime          0x08001fbc   Section        0  stm32f1xx_hal_tim_ex.o(i.HAL_TIMEx_ConfigBreakDeadTime)
    i.HAL_TIMEx_MasterConfigSynchronization  0x08001ffe   Section        0  stm32f1xx_hal_tim_ex.o(i.HAL_TIMEx_MasterConfigSynchronization)
    i.HAL_TIM_Base_Init                      0x0800204e   Section        0  stm32f1xx_hal_tim.o(i.HAL_TIM_Base_Init)
    i.HAL_TIM_Base_MspInit                   0x08002084   Section        0  tim.o(i.HAL_TIM_Base_MspInit)
    i.HAL_TIM_Base_Start                     0x080020c0   Section        0  stm32f1xx_hal_tim.o(i.HAL_TIM_Base_Start)
    i.HAL_TIM_Base_Start_IT                  0x080020da   Section        0  stm32f1xx_hal_tim.o(i.HAL_TIM_Base_Start_IT)
    i.HAL_TIM_ConfigClockSource              0x080020f2   Section        0  stm32f1xx_hal_tim.o(i.HAL_TIM_ConfigClockSource)
    i.HAL_TIM_IC_CaptureCallback             0x080021e4   Section        0  my_pwm_input.o(i.HAL_TIM_IC_CaptureCallback)
    i.HAL_TIM_IC_ConfigChannel               0x08002264   Section        0  stm32f1xx_hal_tim.o(i.HAL_TIM_IC_ConfigChannel)
    i.HAL_TIM_IC_Init                        0x08002382   Section        0  stm32f1xx_hal_tim.o(i.HAL_TIM_IC_Init)
    i.HAL_TIM_IC_MspInit                     0x080023b8   Section        0  tim.o(i.HAL_TIM_IC_MspInit)
    i.HAL_TIM_IC_Start_IT                    0x08002408   Section        0  stm32f1xx_hal_tim.o(i.HAL_TIM_IC_Start_IT)
    i.HAL_TIM_IRQHandler                     0x08002454   Section        0  stm32f1xx_hal_tim.o(i.HAL_TIM_IRQHandler)
    i.HAL_TIM_MspPostInit                    0x080025bc   Section        0  tim.o(i.HAL_TIM_MspPostInit)
    i.HAL_TIM_OC_DelayElapsedCallback        0x080025e4   Section        0  stm32f1xx_hal_tim.o(i.HAL_TIM_OC_DelayElapsedCallback)
    i.HAL_TIM_PWM_ConfigChannel              0x080025e6   Section        0  stm32f1xx_hal_tim.o(i.HAL_TIM_PWM_ConfigChannel)
    i.HAL_TIM_PWM_Init                       0x080026b6   Section        0  stm32f1xx_hal_tim.o(i.HAL_TIM_PWM_Init)
    i.HAL_TIM_PWM_MspInit                    0x080026ec   Section        0  tim.o(i.HAL_TIM_PWM_MspInit)
    i.HAL_TIM_PWM_PulseFinishedCallback      0x08002714   Section        0  stm32f1xx_hal_tim.o(i.HAL_TIM_PWM_PulseFinishedCallback)
    i.HAL_TIM_PWM_Start                      0x08002718   Section        0  stm32f1xx_hal_tim.o(i.HAL_TIM_PWM_Start)
    i.HAL_TIM_PeriodElapsedCallback          0x08002750   Section        0  my_pwm_input.o(i.HAL_TIM_PeriodElapsedCallback)
    i.HAL_TIM_ReadCapturedValue              0x0800276c   Section        0  stm32f1xx_hal_tim.o(i.HAL_TIM_ReadCapturedValue)
    i.HAL_TIM_TriggerCallback                0x080027b0   Section        0  stm32f1xx_hal_tim.o(i.HAL_TIM_TriggerCallback)
    i.HAL_UART_ErrorCallback                 0x080027b2   Section        0  stm32f1xx_hal_uart.o(i.HAL_UART_ErrorCallback)
    i.HAL_UART_IRQHandler                    0x080027b4   Section        0  stm32f1xx_hal_uart.o(i.HAL_UART_IRQHandler)
    i.HAL_UART_Init                          0x0800288e   Section        0  stm32f1xx_hal_uart.o(i.HAL_UART_Init)
    i.HAL_UART_MspInit                       0x080028ec   Section        0  usart.o(i.HAL_UART_MspInit)
    i.HAL_UART_RxCpltCallback                0x08002b5c   Section        0  stm32f1xx_hal_uart.o(i.HAL_UART_RxCpltCallback)
    i.HAL_UART_TxCpltCallback                0x08002b5e   Section        0  stm32f1xx_hal_uart.o(i.HAL_UART_TxCpltCallback)
    i.HardFault_Handler                      0x08002b60   Section        0  stm32f1xx_it.o(i.HardFault_Handler)
    i.IIC_Send_Byte                          0x08002b64   Section        0  myiic.o(i.IIC_Send_Byte)
    i.IIC_Start                              0x08002bbc   Section        0  myiic.o(i.IIC_Start)
    i.IIC_Stop                               0x08002bf8   Section        0  myiic.o(i.IIC_Stop)
    i.IIC_Wait_Ack                           0x08002c38   Section        0  myiic.o(i.IIC_Wait_Ack)
    i.MX_ADC1_Init                           0x08002c8c   Section        0  adc.o(i.MX_ADC1_Init)
    i.MX_DMA_Init                            0x08002cec   Section        0  dma.o(i.MX_DMA_Init)
    i.MX_GPIO_Init                           0x08002d68   Section        0  gpio.o(i.MX_GPIO_Init)
    i.MX_TIM1_Init                           0x08002ddc   Section        0  tim.o(i.MX_TIM1_Init)
    i.MX_TIM2_Init                           0x08002e8c   Section        0  tim.o(i.MX_TIM2_Init)
    i.MX_TIM3_Init                           0x08002f04   Section        0  tim.o(i.MX_TIM3_Init)
    i.MX_TIM4_Init                           0x08002f80   Section        0  tim.o(i.MX_TIM4_Init)
    i.MX_USART1_UART_Init                    0x08002ff8   Section        0  usart.o(i.MX_USART1_UART_Init)
    i.MX_USART2_UART_Init                    0x08003044   Section        0  usart.o(i.MX_USART2_UART_Init)
    i.MX_USART3_UART_Init                    0x08003090   Section        0  usart.o(i.MX_USART3_UART_Init)
    i.MemManage_Handler                      0x080030dc   Section        0  stm32f1xx_it.o(i.MemManage_Handler)
    i.NMI_Handler                            0x080030de   Section        0  stm32f1xx_it.o(i.NMI_Handler)
    i.NVIC_SetPriority                       0x080030e0   Section        0  stm32f1xx_hal_cortex.o(i.NVIC_SetPriority)
    NVIC_SetPriority                         0x080030e1   Thumb Code    32  stm32f1xx_hal_cortex.o(i.NVIC_SetPriority)
    i.Pack_And_Send_Cmd                      0x08003100   Section        0  process.o(i.Pack_And_Send_Cmd)
    i.PendSV_Handler                         0x0800319c   Section        0  stm32f1xx_it.o(i.PendSV_Handler)
    i.Reset_User_Timer                       0x0800319e   Section        0  stm32_bsp_timer.o(i.Reset_User_Timer)
    i.SVC_Handler                            0x080031c8   Section        0  stm32f1xx_it.o(i.SVC_Handler)
    i.Start_ADC_Conv_Period                  0x080031cc   Section        0  my_adc.o(i.Start_ADC_Conv_Period)
    i.Start_User_Timer                       0x0800320c   Section        0  stm32_bsp_timer.o(i.Start_User_Timer)
    i.Statr_Microsecond_Timer                0x08003238   Section        0  stm32_bsp_timer.o(i.Statr_Microsecond_Timer)
    i.Stop_User_Timer                        0x08003244   Section        0  stm32_bsp_timer.o(i.Stop_User_Timer)
    i.SysTick_Handler                        0x0800326c   Section        0  stm32f1xx_it.o(i.SysTick_Handler)
    i.SystemClock_Config                     0x0800327a   Section        0  main.o(i.SystemClock_Config)
    i.SystemInit                             0x080032f4   Section        0  system_stm32f1xx.o(i.SystemInit)
    i.System_Init                            0x0800333c   Section        0  system_control.o(i.System_Init)
    i.System_Run                             0x0800339c   Section        0  system_control.o(i.System_Run)
    i.TCA62724FMG_Write_OFF                  0x080033ec   Section        0  24cxx.o(i.TCA62724FMG_Write_OFF)
    i.TIM3_IRQHandler                        0x0800345c   Section        0  stm32f1xx_it.o(i.TIM3_IRQHandler)
    i.TIM4_IRQHandler                        0x08003468   Section        0  stm32f1xx_it.o(i.TIM4_IRQHandler)
    i.TIM_Base_SetConfig                     0x08003474   Section        0  stm32f1xx_hal_tim.o(i.TIM_Base_SetConfig)
    i.TIM_CCxChannelCmd                      0x080034f8   Section        0  stm32f1xx_hal_tim.o(i.TIM_CCxChannelCmd)
    i.TIM_ETR_SetConfig                      0x0800350e   Section        0  stm32f1xx_hal_tim.o(i.TIM_ETR_SetConfig)
    TIM_ETR_SetConfig                        0x0800350f   Thumb Code    20  stm32f1xx_hal_tim.o(i.TIM_ETR_SetConfig)
    i.TIM_ITRx_SetConfig                     0x08003522   Section        0  stm32f1xx_hal_tim.o(i.TIM_ITRx_SetConfig)
    TIM_ITRx_SetConfig                       0x08003523   Thumb Code    16  stm32f1xx_hal_tim.o(i.TIM_ITRx_SetConfig)
    i.TIM_OC1_SetConfig                      0x08003534   Section        0  stm32f1xx_hal_tim.o(i.TIM_OC1_SetConfig)
    TIM_OC1_SetConfig                        0x08003535   Thumb Code    88  stm32f1xx_hal_tim.o(i.TIM_OC1_SetConfig)
    i.TIM_OC2_SetConfig                      0x08003594   Section        0  stm32f1xx_hal_tim.o(i.TIM_OC2_SetConfig)
    i.TIM_OC3_SetConfig                      0x08003600   Section        0  stm32f1xx_hal_tim.o(i.TIM_OC3_SetConfig)
    TIM_OC3_SetConfig                        0x08003601   Thumb Code    96  stm32f1xx_hal_tim.o(i.TIM_OC3_SetConfig)
    i.TIM_OC4_SetConfig                      0x08003668   Section        0  stm32f1xx_hal_tim.o(i.TIM_OC4_SetConfig)
    TIM_OC4_SetConfig                        0x08003669   Thumb Code    70  stm32f1xx_hal_tim.o(i.TIM_OC4_SetConfig)
    i.TIM_TI1_ConfigInputStage               0x080036b8   Section        0  stm32f1xx_hal_tim.o(i.TIM_TI1_ConfigInputStage)
    TIM_TI1_ConfigInputStage                 0x080036b9   Thumb Code    34  stm32f1xx_hal_tim.o(i.TIM_TI1_ConfigInputStage)
    i.TIM_TI1_SetConfig                      0x080036dc   Section        0  stm32f1xx_hal_tim.o(i.TIM_TI1_SetConfig)
    i.TIM_TI2_ConfigInputStage               0x08003748   Section        0  stm32f1xx_hal_tim.o(i.TIM_TI2_ConfigInputStage)
    TIM_TI2_ConfigInputStage                 0x08003749   Thumb Code    36  stm32f1xx_hal_tim.o(i.TIM_TI2_ConfigInputStage)
    i.TIM_TI2_SetConfig                      0x0800376c   Section        0  stm32f1xx_hal_tim.o(i.TIM_TI2_SetConfig)
    TIM_TI2_SetConfig                        0x0800376d   Thumb Code    54  stm32f1xx_hal_tim.o(i.TIM_TI2_SetConfig)
    i.Task_Anasyse_Protocol                  0x080037a4   Section        0  process.o(i.Task_Anasyse_Protocol)
    i.UART_DelChar                           0x08003c10   Section        0  stm32_bsp_uart.o(i.UART_DelChar)
    i.UART_GetChar                           0x08003c56   Section        0  stm32_bsp_uart.o(i.UART_GetChar)
    i.UART_PutChar                           0x08003c94   Section        0  stm32_bsp_uart.o(i.UART_PutChar)
    i.UART_ReadChar                          0x08003ce8   Section        0  stm32_bsp_uart.o(i.UART_ReadChar)
    i.UART_Receive_IT                        0x08003d08   Section        0  stm32f1xx_hal_uart.o(i.UART_Receive_IT)
    UART_Receive_IT                          0x08003d09   Thumb Code   168  stm32f1xx_hal_uart.o(i.UART_Receive_IT)
    i.UART_Rx_ISR                            0x08003db0   Section        0  stm32_bsp_uart.o(i.UART_Rx_ISR)
    i.UART_SetConfig                         0x08003dfc   Section        0  stm32f1xx_hal_uart.o(i.UART_SetConfig)
    UART_SetConfig                           0x08003dfd   Thumb Code   364  stm32f1xx_hal_uart.o(i.UART_SetConfig)
    i.UART_Transmit_IT                       0x08003f6c   Section        0  stm32f1xx_hal_uart.o(i.UART_Transmit_IT)
    UART_Transmit_IT                         0x08003f6d   Thumb Code   102  stm32f1xx_hal_uart.o(i.UART_Transmit_IT)
    i.UART_TxRx_ISR                          0x08003fd2   Section        0  stm32_bsp_uart.o(i.UART_TxRx_ISR)
    i.UART_Tx_ISR                            0x0800404c   Section        0  stm32_bsp_uart.o(i.UART_Tx_ISR)
    i.USART1_IRQHandler                      0x0800409c   Section        0  stm32f1xx_it.o(i.USART1_IRQHandler)
    i.USART2_IRQHandler                      0x080040a8   Section        0  stm32f1xx_it.o(i.USART2_IRQHandler)
    i.USART3_IRQHandler                      0x080040b4   Section        0  stm32f1xx_it.o(i.USART3_IRQHandler)
    i.Update_User_Timer_Cnt                  0x080040d8   Section        0  stm32_bsp_timer.o(i.Update_User_Timer_Cnt)
    i.UsageFault_Handler                     0x08004118   Section        0  stm32f1xx_it.o(i.UsageFault_Handler)
    i._Error_Handler                         0x0800411a   Section        0  main.o(i._Error_Handler)
    i.__scatterload_copy                     0x0800411c   Section       14  handlers.o(i.__scatterload_copy)
    i.__scatterload_null                     0x0800412a   Section        2  handlers.o(i.__scatterload_null)
    i.__scatterload_zeroinit                 0x0800412c   Section       14  handlers.o(i.__scatterload_zeroinit)
    i.delay_init                             0x0800413c   Section        0  delay.o(i.delay_init)
    i.main                                   0x08004150   Section        0  main.o(i.main)
    .constdata                               0x08004192   Section       16  system_stm32f1xx.o(.constdata)
    .constdata                               0x080041a2   Section        8  system_stm32f1xx.o(.constdata)
    .data                                    0x20000000   Section        4  stm32f1xx_hal.o(.data)
    uwTick                                   0x20000000   Data           4  stm32f1xx_hal.o(.data)
    .data                                    0x20000004   Section        4  system_stm32f1xx.o(.data)
    .data                                    0x20000008   Section        8  my_adc.o(.data)
    .data                                    0x20000010   Section        8  my_pwm_input.o(.data)
    .data                                    0x20000018   Section        1  system_control.o(.data)
    .data                                    0x20000019   Section        1  system_control.o(.data)
    .data                                    0x2000001a   Section        1  system_control.o(.data)
    .data                                    0x2000001b   Section        4  system_control.o(.data)
    .data                                    0x2000001f   Section        4  system_control.o(.data)
    .data                                    0x20000023   Section        4  system_control.o(.data)
    .data                                    0x20000027   Section        4  system_control.o(.data)
    .data                                    0x2000002c   Section       20  stm32_bsp_uart.o(.data)
    .data                                    0x20000040   Section       20  stm32_bsp_uart.o(.data)
    .data                                    0x20000054   Section        4  delay.o(.data)
    fac_us                                   0x20000054   Data           4  delay.o(.data)
    .bss                                     0x20000058   Section      240  tim.o(.bss)
    .bss                                     0x20000148   Section       48  adc.o(.bss)
    .bss                                     0x20000178   Section      528  usart.o(.bss)
    .bss                                     0x20000388   Section       35  system_control.o(.bss)
    Pack_And_Send_timer                      0x20000388   Data          24  system_control.o(.bss)
    .bss                                     0x200003ab   Section       25  system_control.o(.bss)
    .bss                                     0x200003c4   Section       24  stm32_bsp_uart.o(.bss)
    .bss                                     0x200003dc   Section       24  stm32_bsp_uart.o(.bss)
    .bss                                     0x200003f4   Section       30  stm32_bsp_uart.o(.bss)
    .bss                                     0x20000412   Section       30  stm32_bsp_uart.o(.bss)
    STACK                                    0x20000430   Section     1024  startup_stm32f103xe.o(STACK)

    Global Symbols

    Symbol Name                              Value     Ov Type        Size  Object(Section)

    BuildAttributes$$THM_ISAv4$P$D$K$B$S$PE$A:L22UL41UL21$X:L11$S22US41US21$IEEE1$IW$USESV6$~STKCKD$USESV7$~SHL$OTIME$ROPI$EBA8$MICROLIB$REQ8$PRES8$EABIv2 0x00000000   Number         0  anon$$obj.o ABSOLUTE
    __ARM_use_no_argv                        0x00000000   Number         0  main.o ABSOLUTE
    __cpp_initialize__aeabi_                  - Undefined Weak Reference
    __cxa_finalize                            - Undefined Weak Reference
    __decompress                              - Undefined Weak Reference
    _clock_init                               - Undefined Weak Reference
    _microlib_exit                            - Undefined Weak Reference
    __Vectors_Size                           0x00000130   Number         0  startup_stm32f103xe.o ABSOLUTE
    __Vectors                                0x08000000   Data           4  startup_stm32f103xe.o(RESET)
    __Vectors_End                            0x08000130   Data           0  startup_stm32f103xe.o(RESET)
    __main                                   0x08000131   Thumb Code     0  entry.o(.ARM.Collect$$$$00000000)
    _main_stk                                0x08000131   Thumb Code     0  entry2.o(.ARM.Collect$$$$00000001)
    _main_scatterload                        0x08000135   Thumb Code     0  entry5.o(.ARM.Collect$$$$00000004)
    __main_after_scatterload                 0x08000139   Thumb Code     0  entry5.o(.ARM.Collect$$$$00000004)
    _main_clock                              0x08000139   Thumb Code     0  entry7b.o(.ARM.Collect$$$$00000008)
    _main_cpp_init                           0x08000139   Thumb Code     0  entry8b.o(.ARM.Collect$$$$0000000A)
    _main_init                               0x08000139   Thumb Code     0  entry9a.o(.ARM.Collect$$$$0000000B)
    __rt_final_cpp                           0x08000141   Thumb Code     0  entry10a.o(.ARM.Collect$$$$0000000D)
    __rt_final_exit                          0x08000141   Thumb Code     0  entry11a.o(.ARM.Collect$$$$0000000F)
    Reset_Handler                            0x08000145   Thumb Code     8  startup_stm32f103xe.o(.text)
    ADC3_IRQHandler                          0x0800015f   Thumb Code     0  startup_stm32f103xe.o(.text)
    CAN1_RX1_IRQHandler                      0x0800015f   Thumb Code     0  startup_stm32f103xe.o(.text)
    CAN1_SCE_IRQHandler                      0x0800015f   Thumb Code     0  startup_stm32f103xe.o(.text)
    DMA1_Channel1_IRQHandler                 0x0800015f   Thumb Code     0  startup_stm32f103xe.o(.text)
    DMA2_Channel1_IRQHandler                 0x0800015f   Thumb Code     0  startup_stm32f103xe.o(.text)
    DMA2_Channel2_IRQHandler                 0x0800015f   Thumb Code     0  startup_stm32f103xe.o(.text)
    DMA2_Channel3_IRQHandler                 0x0800015f   Thumb Code     0  startup_stm32f103xe.o(.text)
    DMA2_Channel4_5_IRQHandler               0x0800015f   Thumb Code     0  startup_stm32f103xe.o(.text)
    EXTI0_IRQHandler                         0x0800015f   Thumb Code     0  startup_stm32f103xe.o(.text)
    EXTI15_10_IRQHandler                     0x0800015f   Thumb Code     0  startup_stm32f103xe.o(.text)
    EXTI1_IRQHandler                         0x0800015f   Thumb Code     0  startup_stm32f103xe.o(.text)
    EXTI2_IRQHandler                         0x0800015f   Thumb Code     0  startup_stm32f103xe.o(.text)
    EXTI3_IRQHandler                         0x0800015f   Thumb Code     0  startup_stm32f103xe.o(.text)
    EXTI4_IRQHandler                         0x0800015f   Thumb Code     0  startup_stm32f103xe.o(.text)
    EXTI9_5_IRQHandler                       0x0800015f   Thumb Code     0  startup_stm32f103xe.o(.text)
    FLASH_IRQHandler                         0x0800015f   Thumb Code     0  startup_stm32f103xe.o(.text)
    FSMC_IRQHandler                          0x0800015f   Thumb Code     0  startup_stm32f103xe.o(.text)
    I2C1_ER_IRQHandler                       0x0800015f   Thumb Code     0  startup_stm32f103xe.o(.text)
    I2C1_EV_IRQHandler                       0x0800015f   Thumb Code     0  startup_stm32f103xe.o(.text)
    I2C2_ER_IRQHandler                       0x0800015f   Thumb Code     0  startup_stm32f103xe.o(.text)
    I2C2_EV_IRQHandler                       0x0800015f   Thumb Code     0  startup_stm32f103xe.o(.text)
    PVD_IRQHandler                           0x0800015f   Thumb Code     0  startup_stm32f103xe.o(.text)
    RCC_IRQHandler                           0x0800015f   Thumb Code     0  startup_stm32f103xe.o(.text)
    RTC_Alarm_IRQHandler                     0x0800015f   Thumb Code     0  startup_stm32f103xe.o(.text)
    RTC_IRQHandler                           0x0800015f   Thumb Code     0  startup_stm32f103xe.o(.text)
    SDIO_IRQHandler                          0x0800015f   Thumb Code     0  startup_stm32f103xe.o(.text)
    SPI1_IRQHandler                          0x0800015f   Thumb Code     0  startup_stm32f103xe.o(.text)
    SPI2_IRQHandler                          0x0800015f   Thumb Code     0  startup_stm32f103xe.o(.text)
    SPI3_IRQHandler                          0x0800015f   Thumb Code     0  startup_stm32f103xe.o(.text)
    TAMPER_IRQHandler                        0x0800015f   Thumb Code     0  startup_stm32f103xe.o(.text)
    TIM1_BRK_IRQHandler                      0x0800015f   Thumb Code     0  startup_stm32f103xe.o(.text)
    TIM1_CC_IRQHandler                       0x0800015f   Thumb Code     0  startup_stm32f103xe.o(.text)
    TIM1_TRG_COM_IRQHandler                  0x0800015f   Thumb Code     0  startup_stm32f103xe.o(.text)
    TIM1_UP_IRQHandler                       0x0800015f   Thumb Code     0  startup_stm32f103xe.o(.text)
    TIM2_IRQHandler                          0x0800015f   Thumb Code     0  startup_stm32f103xe.o(.text)
    TIM5_IRQHandler                          0x0800015f   Thumb Code     0  startup_stm32f103xe.o(.text)
    TIM6_IRQHandler                          0x0800015f   Thumb Code     0  startup_stm32f103xe.o(.text)
    TIM7_IRQHandler                          0x0800015f   Thumb Code     0  startup_stm32f103xe.o(.text)
    TIM8_BRK_IRQHandler                      0x0800015f   Thumb Code     0  startup_stm32f103xe.o(.text)
    TIM8_CC_IRQHandler                       0x0800015f   Thumb Code     0  startup_stm32f103xe.o(.text)
    TIM8_TRG_COM_IRQHandler                  0x0800015f   Thumb Code     0  startup_stm32f103xe.o(.text)
    TIM8_UP_IRQHandler                       0x0800015f   Thumb Code     0  startup_stm32f103xe.o(.text)
    UART4_IRQHandler                         0x0800015f   Thumb Code     0  startup_stm32f103xe.o(.text)
    UART5_IRQHandler                         0x0800015f   Thumb Code     0  startup_stm32f103xe.o(.text)
    USBWakeUp_IRQHandler                     0x0800015f   Thumb Code     0  startup_stm32f103xe.o(.text)
    USB_HP_CAN1_TX_IRQHandler                0x0800015f   Thumb Code     0  startup_stm32f103xe.o(.text)
    USB_LP_CAN1_RX0_IRQHandler               0x0800015f   Thumb Code     0  startup_stm32f103xe.o(.text)
    WWDG_IRQHandler                          0x0800015f   Thumb Code     0  startup_stm32f103xe.o(.text)
    __aeabi_llsr                             0x08000169   Thumb Code    32  llushr.o(.text)
    _ll_ushift_r                             0x08000169   Thumb Code     0  llushr.o(.text)
    __aeabi_dmul                             0x08000189   Thumb Code   228  dmul.o(.text)
    __ARM_scalbn                             0x0800026d   Thumb Code    46  dscalb.o(.text)
    scalbn                                   0x0800026d   Thumb Code     0  dscalb.o(.text)
    __aeabi_ui2d                             0x0800029b   Thumb Code    26  dfltui.o(.text)
    __aeabi_f2uiz                            0x080002b5   Thumb Code    40  ffixui.o(.text)
    __aeabi_d2f                              0x080002dd   Thumb Code    56  d2f.o(.text)
    __I$use$fp                               0x08000315   Thumb Code     0  iusefp.o(.text)
    _float_round                             0x08000315   Thumb Code    18  fepilogue.o(.text)
    _float_epilogue                          0x08000327   Thumb Code    92  fepilogue.o(.text)
    _double_round                            0x08000383   Thumb Code    30  depilogue.o(.text)
    _double_epilogue                         0x080003a1   Thumb Code   156  depilogue.o(.text)
    __scatterload                            0x0800043d   Thumb Code    28  init.o(.text)
    __scatterload_rt2                        0x0800043d   Thumb Code     0  init.o(.text)
    __aeabi_llsl                             0x08000461   Thumb Code    30  llshl.o(.text)
    _ll_shift_l                              0x08000461   Thumb Code     0  llshl.o(.text)
    ADC1_2_IRQHandler                        0x08000481   Thumb Code     6  stm32f1xx_it.o(i.ADC1_2_IRQHandler)
    ADC_ConversionStop_Disable               0x0800048d   Thumb Code    76  stm32f1xx_hal_adc.o(i.ADC_ConversionStop_Disable)
    ADC_Enable                               0x080004d9   Thumb Code   104  stm32f1xx_hal_adc.o(i.ADC_Enable)
    Board_Gimbal_Cmd_Trans_Process           0x08000549   Thumb Code     2  board_gimbal_cmd_process.o(i.Board_Gimbal_Cmd_Trans_Process)
    BusFault_Handler                         0x0800054b   Thumb Code     2  stm32f1xx_it.o(i.BusFault_Handler)
    DMA1_Channel2_IRQHandler                 0x0800054d   Thumb Code     6  stm32f1xx_it.o(i.DMA1_Channel2_IRQHandler)
    DMA1_Channel3_IRQHandler                 0x08000559   Thumb Code     6  stm32f1xx_it.o(i.DMA1_Channel3_IRQHandler)
    DMA1_Channel4_IRQHandler                 0x08000565   Thumb Code     6  stm32f1xx_it.o(i.DMA1_Channel4_IRQHandler)
    DMA1_Channel5_IRQHandler                 0x08000571   Thumb Code     6  stm32f1xx_it.o(i.DMA1_Channel5_IRQHandler)
    DMA1_Channel6_IRQHandler                 0x0800057d   Thumb Code     6  stm32f1xx_it.o(i.DMA1_Channel6_IRQHandler)
    DMA1_Channel7_IRQHandler                 0x08000589   Thumb Code     6  stm32f1xx_it.o(i.DMA1_Channel7_IRQHandler)
    DebugMon_Handler                         0x08000595   Thumb Code     2  stm32f1xx_it.o(i.DebugMon_Handler)
    Delay_nop_1us                            0x08000597   Thumb Code    18  mynop.o(i.Delay_nop_1us)
    Delay_nop_2us                            0x080005a9   Thumb Code    18  mynop.o(i.Delay_nop_2us)
    Delay_nop_4us                            0x080005bb   Thumb Code    18  mynop.o(i.Delay_nop_4us)
    Get_Adc                                  0x080005cd   Thumb Code    40  my_adc.o(i.Get_Adc)
    Get_Adc_Average                          0x080005fd   Thumb Code    34  my_adc.o(i.Get_Adc_Average)
    HAL_ADCEx_Calibration_Start              0x08000621   Thumb Code   194  stm32f1xx_hal_adc_ex.o(i.HAL_ADCEx_Calibration_Start)
    HAL_ADCEx_InjectedConvCpltCallback       0x080006e9   Thumb Code     2  stm32f1xx_hal_adc_ex.o(i.HAL_ADCEx_InjectedConvCpltCallback)
    HAL_ADC_ConfigChannel                    0x080006ed   Thumb Code   346  stm32f1xx_hal_adc.o(i.HAL_ADC_ConfigChannel)
    HAL_ADC_ConvCpltCallback                 0x08000855   Thumb Code     2  stm32f1xx_hal_adc.o(i.HAL_ADC_ConvCpltCallback)
    HAL_ADC_GetState                         0x08000857   Thumb Code     4  stm32f1xx_hal_adc.o(i.HAL_ADC_GetState)
    HAL_ADC_GetValue                         0x0800085b   Thumb Code     6  stm32f1xx_hal_adc.o(i.HAL_ADC_GetValue)
    HAL_ADC_IRQHandler                       0x08000861   Thumb Code   230  stm32f1xx_hal_adc.o(i.HAL_ADC_IRQHandler)
    HAL_ADC_Init                             0x08000949   Thumb Code   316  stm32f1xx_hal_adc.o(i.HAL_ADC_Init)
    HAL_ADC_LevelOutOfWindowCallback         0x08000a91   Thumb Code     2  stm32f1xx_hal_adc.o(i.HAL_ADC_LevelOutOfWindowCallback)
    HAL_ADC_MspInit                          0x08000a95   Thumb Code    66  adc.o(i.HAL_ADC_MspInit)
    HAL_ADC_PollForConversion                0x08000ae5   Thumb Code   290  stm32f1xx_hal_adc.o(i.HAL_ADC_PollForConversion)
    HAL_ADC_Start                            0x08000c15   Thumb Code   184  stm32f1xx_hal_adc.o(i.HAL_ADC_Start)
    HAL_DMA_IRQHandler                       0x08000cd5   Thumb Code  1198  stm32f1xx_hal_dma.o(i.HAL_DMA_IRQHandler)
    HAL_DMA_Init                             0x0800118d   Thumb Code    80  stm32f1xx_hal_dma.o(i.HAL_DMA_Init)
    HAL_Delay                                0x080011dd   Thumb Code    22  stm32f1xx_hal.o(i.HAL_Delay)
    HAL_GPIO_Init                            0x080011f5   Thumb Code   446  stm32f1xx_hal_gpio.o(i.HAL_GPIO_Init)
    HAL_GPIO_WritePin                        0x080013dd   Thumb Code    10  stm32f1xx_hal_gpio.o(i.HAL_GPIO_WritePin)
    HAL_GetTick                              0x080013e9   Thumb Code     6  stm32f1xx_hal.o(i.HAL_GetTick)
    HAL_IncTick                              0x080013f5   Thumb Code    10  stm32f1xx_hal.o(i.HAL_IncTick)
    HAL_Init                                 0x08001405   Thumb Code    32  stm32f1xx_hal.o(i.HAL_Init)
    HAL_InitTick                             0x08001429   Thumb Code    34  stm32f1xx_hal.o(i.HAL_InitTick)
    HAL_MspInit                              0x0800144d   Thumb Code   118  stm32f1xx_hal_msp.o(i.HAL_MspInit)
    HAL_NVIC_EnableIRQ                       0x080014cd   Thumb Code    22  stm32f1xx_hal_cortex.o(i.HAL_NVIC_EnableIRQ)
    HAL_NVIC_SetPriority                     0x080014e5   Thumb Code    60  stm32f1xx_hal_cortex.o(i.HAL_NVIC_SetPriority)
    HAL_NVIC_SetPriorityGrouping             0x08001525   Thumb Code    26  stm32f1xx_hal_cortex.o(i.HAL_NVIC_SetPriorityGrouping)
    HAL_RCCEx_GetPeriphCLKFreq               0x08001549   Thumb Code   222  stm32f1xx_hal_rcc_ex.o(i.HAL_RCCEx_GetPeriphCLKFreq)
    HAL_RCCEx_PeriphCLKConfig                0x08001649   Thumb Code   288  stm32f1xx_hal_rcc_ex.o(i.HAL_RCCEx_PeriphCLKConfig)
    HAL_RCC_ClockConfig                      0x08001775   Thumb Code   374  stm32f1xx_hal_rcc.o(i.HAL_RCC_ClockConfig)
    HAL_RCC_GetHCLKFreq                      0x080018fd   Thumb Code     6  stm32f1xx_hal_rcc.o(i.HAL_RCC_GetHCLKFreq)
    HAL_RCC_GetPCLK1Freq                     0x08001909   Thumb Code    34  stm32f1xx_hal_rcc.o(i.HAL_RCC_GetPCLK1Freq)
    HAL_RCC_GetPCLK2Freq                     0x08001939   Thumb Code    34  stm32f1xx_hal_rcc.o(i.HAL_RCC_GetPCLK2Freq)
    HAL_RCC_GetSysClockFreq                  0x08001969   Thumb Code   102  stm32f1xx_hal_rcc.o(i.HAL_RCC_GetSysClockFreq)
    HAL_RCC_OscConfig                        0x080019f1   Thumb Code  1406  stm32f1xx_hal_rcc.o(i.HAL_RCC_OscConfig)
    HAL_SYSTICK_CLKSourceConfig              0x08001f6f   Thumb Code    24  stm32f1xx_hal_cortex.o(i.HAL_SYSTICK_CLKSourceConfig)
    HAL_SYSTICK_Callback                     0x08001f87   Thumb Code     2  stm32f1xx_hal_cortex.o(i.HAL_SYSTICK_Callback)
    HAL_SYSTICK_Config                       0x08001f89   Thumb Code    40  stm32f1xx_hal_cortex.o(i.HAL_SYSTICK_Config)
    HAL_SYSTICK_IRQHandler                   0x08001fb1   Thumb Code     8  stm32f1xx_hal_cortex.o(i.HAL_SYSTICK_IRQHandler)
    HAL_TIMEx_BreakCallback                  0x08001fb9   Thumb Code     2  stm32f1xx_hal_tim_ex.o(i.HAL_TIMEx_BreakCallback)
    HAL_TIMEx_CommutationCallback            0x08001fbb   Thumb Code     2  stm32f1xx_hal_tim_ex.o(i.HAL_TIMEx_CommutationCallback)
    HAL_TIMEx_ConfigBreakDeadTime            0x08001fbd   Thumb Code    66  stm32f1xx_hal_tim_ex.o(i.HAL_TIMEx_ConfigBreakDeadTime)
    HAL_TIMEx_MasterConfigSynchronization    0x08001fff   Thumb Code    80  stm32f1xx_hal_tim_ex.o(i.HAL_TIMEx_MasterConfigSynchronization)
    HAL_TIM_Base_Init                        0x0800204f   Thumb Code    54  stm32f1xx_hal_tim.o(i.HAL_TIM_Base_Init)
    HAL_TIM_Base_MspInit                     0x08002085   Thumb Code    50  tim.o(i.HAL_TIM_Base_MspInit)
    HAL_TIM_Base_Start                       0x080020c1   Thumb Code    26  stm32f1xx_hal_tim.o(i.HAL_TIM_Base_Start)
    HAL_TIM_Base_Start_IT                    0x080020db   Thumb Code    24  stm32f1xx_hal_tim.o(i.HAL_TIM_Base_Start_IT)
    HAL_TIM_ConfigClockSource                0x080020f3   Thumb Code   242  stm32f1xx_hal_tim.o(i.HAL_TIM_ConfigClockSource)
    HAL_TIM_IC_CaptureCallback               0x080021e5   Thumb Code   110  my_pwm_input.o(i.HAL_TIM_IC_CaptureCallback)
    HAL_TIM_IC_ConfigChannel                 0x08002265   Thumb Code   286  stm32f1xx_hal_tim.o(i.HAL_TIM_IC_ConfigChannel)
    HAL_TIM_IC_Init                          0x08002383   Thumb Code    54  stm32f1xx_hal_tim.o(i.HAL_TIM_IC_Init)
    HAL_TIM_IC_MspInit                       0x080023b9   Thumb Code    68  tim.o(i.HAL_TIM_IC_MspInit)
    HAL_TIM_IC_Start_IT                      0x08002409   Thumb Code    76  stm32f1xx_hal_tim.o(i.HAL_TIM_IC_Start_IT)
    HAL_TIM_IRQHandler                       0x08002455   Thumb Code   358  stm32f1xx_hal_tim.o(i.HAL_TIM_IRQHandler)
    HAL_TIM_MspPostInit                      0x080025bd   Thumb Code    30  tim.o(i.HAL_TIM_MspPostInit)
    HAL_TIM_OC_DelayElapsedCallback          0x080025e5   Thumb Code     2  stm32f1xx_hal_tim.o(i.HAL_TIM_OC_DelayElapsedCallback)
    HAL_TIM_PWM_ConfigChannel                0x080025e7   Thumb Code   208  stm32f1xx_hal_tim.o(i.HAL_TIM_PWM_ConfigChannel)
    HAL_TIM_PWM_Init                         0x080026b7   Thumb Code    54  stm32f1xx_hal_tim.o(i.HAL_TIM_PWM_Init)
    HAL_TIM_PWM_MspInit                      0x080026ed   Thumb Code    30  tim.o(i.HAL_TIM_PWM_MspInit)
    HAL_TIM_PWM_PulseFinishedCallback        0x08002715   Thumb Code     2  stm32f1xx_hal_tim.o(i.HAL_TIM_PWM_PulseFinishedCallback)
    HAL_TIM_PWM_Start                        0x08002719   Thumb Code    48  stm32f1xx_hal_tim.o(i.HAL_TIM_PWM_Start)
    HAL_TIM_PeriodElapsedCallback            0x08002751   Thumb Code    18  my_pwm_input.o(i.HAL_TIM_PeriodElapsedCallback)
    HAL_TIM_ReadCapturedValue                0x0800276d   Thumb Code    68  stm32f1xx_hal_tim.o(i.HAL_TIM_ReadCapturedValue)
    HAL_TIM_TriggerCallback                  0x080027b1   Thumb Code     2  stm32f1xx_hal_tim.o(i.HAL_TIM_TriggerCallback)
    HAL_UART_ErrorCallback                   0x080027b3   Thumb Code     2  stm32f1xx_hal_uart.o(i.HAL_UART_ErrorCallback)
    HAL_UART_IRQHandler                      0x080027b5   Thumb Code   218  stm32f1xx_hal_uart.o(i.HAL_UART_IRQHandler)
    HAL_UART_Init                            0x0800288f   Thumb Code    94  stm32f1xx_hal_uart.o(i.HAL_UART_Init)
    HAL_UART_MspInit                         0x080028ed   Thumb Code   572  usart.o(i.HAL_UART_MspInit)
    HAL_UART_RxCpltCallback                  0x08002b5d   Thumb Code     2  stm32f1xx_hal_uart.o(i.HAL_UART_RxCpltCallback)
    HAL_UART_TxCpltCallback                  0x08002b5f   Thumb Code     2  stm32f1xx_hal_uart.o(i.HAL_UART_TxCpltCallback)
    HardFault_Handler                        0x08002b61   Thumb Code     2  stm32f1xx_it.o(i.HardFault_Handler)
    IIC_Send_Byte                            0x08002b65   Thumb Code    80  myiic.o(i.IIC_Send_Byte)
    IIC_Start                                0x08002bbd   Thumb Code    52  myiic.o(i.IIC_Start)
    IIC_Stop                                 0x08002bf9   Thumb Code    54  myiic.o(i.IIC_Stop)
    IIC_Wait_Ack                             0x08002c39   Thumb Code    74  myiic.o(i.IIC_Wait_Ack)
    MX_ADC1_Init                             0x08002c8d   Thumb Code    72  adc.o(i.MX_ADC1_Init)
    MX_DMA_Init                              0x08002ced   Thumb Code   120  dma.o(i.MX_DMA_Init)
    MX_GPIO_Init                             0x08002d69   Thumb Code   106  gpio.o(i.MX_GPIO_Init)
    MX_TIM1_Init                             0x08002ddd   Thumb Code   150  tim.o(i.MX_TIM1_Init)
    MX_TIM2_Init                             0x08002e8d   Thumb Code   100  tim.o(i.MX_TIM2_Init)
    MX_TIM3_Init                             0x08002f05   Thumb Code   100  tim.o(i.MX_TIM3_Init)
    MX_TIM4_Init                             0x08002f81   Thumb Code    92  tim.o(i.MX_TIM4_Init)
    MX_USART1_UART_Init                      0x08002ff9   Thumb Code    52  usart.o(i.MX_USART1_UART_Init)
    MX_USART2_UART_Init                      0x08003045   Thumb Code    52  usart.o(i.MX_USART2_UART_Init)
    MX_USART3_UART_Init                      0x08003091   Thumb Code    52  usart.o(i.MX_USART3_UART_Init)
    MemManage_Handler                        0x080030dd   Thumb Code     2  stm32f1xx_it.o(i.MemManage_Handler)
    NMI_Handler                              0x080030df   Thumb Code     2  stm32f1xx_it.o(i.NMI_Handler)
    Pack_And_Send_Cmd                        0x08003101   Thumb Code   156  process.o(i.Pack_And_Send_Cmd)
    PendSV_Handler                           0x0800319d   Thumb Code     2  stm32f1xx_it.o(i.PendSV_Handler)
    Reset_User_Timer                         0x0800319f   Thumb Code    42  stm32_bsp_timer.o(i.Reset_User_Timer)
    SVC_Handler                              0x080031c9   Thumb Code     2  stm32f1xx_it.o(i.SVC_Handler)
    Start_ADC_Conv_Period                    0x080031cd   Thumb Code    50  my_adc.o(i.Start_ADC_Conv_Period)
    Start_User_Timer                         0x0800320d   Thumb Code    42  stm32_bsp_timer.o(i.Start_User_Timer)
    Statr_Microsecond_Timer                  0x08003239   Thumb Code     6  stm32_bsp_timer.o(i.Statr_Microsecond_Timer)
    Stop_User_Timer                          0x08003245   Thumb Code    40  stm32_bsp_timer.o(i.Stop_User_Timer)
    SysTick_Handler                          0x0800326d   Thumb Code    14  stm32f1xx_it.o(i.SysTick_Handler)
    SystemClock_Config                       0x0800327b   Thumb Code   122  main.o(i.SystemClock_Config)
    SystemInit                               0x080032f5   Thumb Code    56  system_stm32f1xx.o(i.SystemInit)
    System_Init                              0x0800333d   Thumb Code    76  system_control.o(i.System_Init)
    System_Run                               0x0800339d   Thumb Code    62  system_control.o(i.System_Run)
    TCA62724FMG_Write_OFF                    0x080033ed   Thumb Code   110  24cxx.o(i.TCA62724FMG_Write_OFF)
    TIM3_IRQHandler                          0x0800345d   Thumb Code     6  stm32f1xx_it.o(i.TIM3_IRQHandler)
    TIM4_IRQHandler                          0x08003469   Thumb Code     6  stm32f1xx_it.o(i.TIM4_IRQHandler)
    TIM_Base_SetConfig                       0x08003475   Thumb Code   112  stm32f1xx_hal_tim.o(i.TIM_Base_SetConfig)
    TIM_CCxChannelCmd                        0x080034f9   Thumb Code    22  stm32f1xx_hal_tim.o(i.TIM_CCxChannelCmd)
    TIM_OC2_SetConfig                        0x08003595   Thumb Code    98  stm32f1xx_hal_tim.o(i.TIM_OC2_SetConfig)
    TIM_TI1_SetConfig                        0x080036dd   Thumb Code    88  stm32f1xx_hal_tim.o(i.TIM_TI1_SetConfig)
    Task_Anasyse_Protocol                    0x080037a5   Thumb Code  1132  process.o(i.Task_Anasyse_Protocol)
    UART_DelChar                             0x08003c11   Thumb Code    70  stm32_bsp_uart.o(i.UART_DelChar)
    UART_GetChar                             0x08003c57   Thumb Code    62  stm32_bsp_uart.o(i.UART_GetChar)
    UART_PutChar                             0x08003c95   Thumb Code    84  stm32_bsp_uart.o(i.UART_PutChar)
    UART_ReadChar                            0x08003ce9   Thumb Code    30  stm32_bsp_uart.o(i.UART_ReadChar)
    UART_Rx_ISR                              0x08003db1   Thumb Code    74  stm32_bsp_uart.o(i.UART_Rx_ISR)
    UART_TxRx_ISR                            0x08003fd3   Thumb Code   122  stm32_bsp_uart.o(i.UART_TxRx_ISR)
    UART_Tx_ISR                              0x0800404d   Thumb Code    80  stm32_bsp_uart.o(i.UART_Tx_ISR)
    USART1_IRQHandler                        0x0800409d   Thumb Code     6  stm32f1xx_it.o(i.USART1_IRQHandler)
    USART2_IRQHandler                        0x080040a9   Thumb Code     6  stm32f1xx_it.o(i.USART2_IRQHandler)
    USART3_IRQHandler                        0x080040b5   Thumb Code    24  stm32f1xx_it.o(i.USART3_IRQHandler)
    Update_User_Timer_Cnt                    0x080040d9   Thumb Code    64  stm32_bsp_timer.o(i.Update_User_Timer_Cnt)
    UsageFault_Handler                       0x08004119   Thumb Code     2  stm32f1xx_it.o(i.UsageFault_Handler)
    _Error_Handler                           0x0800411b   Thumb Code     2  main.o(i._Error_Handler)
    __scatterload_copy                       0x0800411d   Thumb Code    14  handlers.o(i.__scatterload_copy)
    __scatterload_null                       0x0800412b   Thumb Code     2  handlers.o(i.__scatterload_null)
    __scatterload_zeroinit                   0x0800412d   Thumb Code    14  handlers.o(i.__scatterload_zeroinit)
    delay_init                               0x0800413d   Thumb Code    16  delay.o(i.delay_init)
    main                                     0x08004151   Thumb Code    66  main.o(i.main)
    AHBPrescTable                            0x08004192   Data          16  system_stm32f1xx.o(.constdata)
    APBPrescTable                            0x080041a2   Data           8  system_stm32f1xx.o(.constdata)
    Region$$Table$$Base                      0x080041ac   Number         0  anon$$obj.o(Region$$Table)
    Region$$Table$$Limit                     0x080041cc   Number         0  anon$$obj.o(Region$$Table)
    SystemCoreClock                          0x20000004   Data           4  system_stm32f1xx.o(.data)
    adcx                                     0x20000008   Data           2  my_adc.o(.data)
    ADC_ConvertedValue                       0x2000000a   Data           2  my_adc.o(.data)
    ADC_ConvertedValueLocal                  0x2000000c   Data           4  my_adc.o(.data)
    cntTime                                  0x20000010   Data           1  my_pwm_input.o(.data)
    strCapture                               0x20000012   Data           6  my_pwm_input.o(.data)
    AircraftModule1                          0x20000018   Data           1  system_control.o(.data)
    AirExceptionInf                          0x20000019   Data           1  system_control.o(.data)
    AirCustomerInf                           0x2000001a   Data           1  system_control.o(.data)
    AirLongitude                             0x2000001b   Data           4  system_control.o(.data)
    AirLatitude                              0x2000001f   Data           4  system_control.o(.data)
    AirHight                                 0x20000023   Data           4  system_control.o(.data)
    AirSatelliteTime                         0x20000027   Data           4  system_control.o(.data)
    RxBuf_Struct1                            0x2000002c   Data          20  stm32_bsp_uart.o(.data)
    TxBuf_Struct1                            0x20000040   Data          20  stm32_bsp_uart.o(.data)
    htim2                                    0x20000058   Data          60  tim.o(.bss)
    htim1                                    0x20000094   Data          60  tim.o(.bss)
    htim3                                    0x200000d0   Data          60  tim.o(.bss)
    htim4                                    0x2000010c   Data          60  tim.o(.bss)
    hadc1                                    0x20000148   Data          48  adc.o(.bss)
    huart1                                   0x20000178   Data          64  usart.o(.bss)
    huart2                                   0x200001b8   Data          64  usart.o(.bss)
    huart3                                   0x200001f8   Data          64  usart.o(.bss)
    hdma_usart1_rx                           0x20000238   Data          56  usart.o(.bss)
    hdma_usart1_tx                           0x20000270   Data          56  usart.o(.bss)
    hdma_usart2_rx                           0x200002a8   Data          56  usart.o(.bss)
    hdma_usart2_tx                           0x200002e0   Data          56  usart.o(.bss)
    hdma_usart3_rx                           0x20000318   Data          56  usart.o(.bss)
    hdma_usart3_tx                           0x20000350   Data          56  usart.o(.bss)
    uc_Pack_And_Send_Buf                     0x200003a0   Data          11  system_control.o(.bss)
    myUart1_4g_module_data                   0x200003ab   Data          25  system_control.o(.bss)
    st_usart1_rx_com_timer                   0x200003c4   Data          24  stm32_bsp_uart.o(.bss)
    st_usart1_tx_com_timer                   0x200003dc   Data          24  stm32_bsp_uart.o(.bss)
    RxBuf1                                   0x200003f4   Data          30  stm32_bsp_uart.o(.bss)
    TxBuf1                                   0x20000412   Data          30  stm32_bsp_uart.o(.bss)
    __initial_sp                             0x20000830   Data           0  startup_stm32f103xe.o(STACK)



==============================================================================

Memory Map of the image

  Image Entry point : 0x08000131

  Load Region LR_IROM1 (Base: 0x08000000, Size: 0x00004224, Max: 0x00040000, ABSOLUTE)

    Execution Region ER_IROM1 (Base: 0x08000000, Size: 0x000041cc, Max: 0x00040000, ABSOLUTE)

    Base Addr    Size         Type   Attr      Idx    E Section Name        Object

    0x08000000   0x00000130   Data   RO         2856    RESET               startup_stm32f103xe.o
    0x08000130   0x00000000   Code   RO         3535  * .ARM.Collect$$$$00000000  mc_w.l(entry.o)
    0x08000130   0x00000004   Code   RO         3554    .ARM.Collect$$$$00000001  mc_w.l(entry2.o)
    0x08000134   0x00000004   Code   RO         3557    .ARM.Collect$$$$00000004  mc_w.l(entry5.o)
    0x08000138   0x00000000   Code   RO         3559    .ARM.Collect$$$$00000008  mc_w.l(entry7b.o)
    0x08000138   0x00000000   Code   RO         3561    .ARM.Collect$$$$0000000A  mc_w.l(entry8b.o)
    0x08000138   0x00000008   Code   RO         3562    .ARM.Collect$$$$0000000B  mc_w.l(entry9a.o)
    0x08000140   0x00000000   Code   RO         3564    .ARM.Collect$$$$0000000D  mc_w.l(entry10a.o)
    0x08000140   0x00000000   Code   RO         3566    .ARM.Collect$$$$0000000F  mc_w.l(entry11a.o)
    0x08000140   0x00000004   Code   RO         3555    .ARM.Collect$$$$00002712  mc_w.l(entry2.o)
    0x08000144   0x00000024   Code   RO         2857    .text               startup_stm32f103xe.o
    0x08000168   0x00000020   Code   RO         3538    .text               mc_w.l(llushr.o)
    0x08000188   0x000000e4   Code   RO         3542    .text               mf_w.l(dmul.o)
    0x0800026c   0x0000002e   Code   RO         3544    .text               mf_w.l(dscalb.o)
    0x0800029a   0x0000001a   Code   RO         3548    .text               mf_w.l(dfltui.o)
    0x080002b4   0x00000028   Code   RO         3550    .text               mf_w.l(ffixui.o)
    0x080002dc   0x00000038   Code   RO         3552    .text               mf_w.l(d2f.o)
    0x08000314   0x00000000   Code   RO         3568    .text               mc_w.l(iusefp.o)
    0x08000314   0x0000006e   Code   RO         3569    .text               mf_w.l(fepilogue.o)
    0x08000382   0x000000ba   Code   RO         3571    .text               mf_w.l(depilogue.o)
    0x0800043c   0x00000024   Code   RO         3573    .text               mc_w.l(init.o)
    0x08000460   0x0000001e   Code   RO         3575    .text               mc_w.l(llshl.o)
    0x0800047e   0x00000002   PAD
    0x08000480   0x0000000c   Code   RO          319    i.ADC1_2_IRQHandler  stm32f1xx_it.o
    0x0800048c   0x0000004c   Code   RO         1565    i.ADC_ConversionStop_Disable  stm32f1xx_hal_adc.o
    0x080004d8   0x00000070   Code   RO         1569    i.ADC_Enable        stm32f1xx_hal_adc.o
    0x08000548   0x00000002   Code   RO         3436    i.Board_Gimbal_Cmd_Trans_Process  board_gimbal_cmd_process.o
    0x0800054a   0x00000002   Code   RO          320    i.BusFault_Handler  stm32f1xx_it.o
    0x0800054c   0x0000000c   Code   RO          321    i.DMA1_Channel2_IRQHandler  stm32f1xx_it.o
    0x08000558   0x0000000c   Code   RO          322    i.DMA1_Channel3_IRQHandler  stm32f1xx_it.o
    0x08000564   0x0000000c   Code   RO          323    i.DMA1_Channel4_IRQHandler  stm32f1xx_it.o
    0x08000570   0x0000000c   Code   RO          324    i.DMA1_Channel5_IRQHandler  stm32f1xx_it.o
    0x0800057c   0x0000000c   Code   RO          325    i.DMA1_Channel6_IRQHandler  stm32f1xx_it.o
    0x08000588   0x0000000c   Code   RO          326    i.DMA1_Channel7_IRQHandler  stm32f1xx_it.o
    0x08000594   0x00000002   Code   RO          327    i.DebugMon_Handler  stm32f1xx_it.o
    0x08000596   0x00000012   Code   RO         3244    i.Delay_nop_1us     mynop.o
    0x080005a8   0x00000012   Code   RO         3245    i.Delay_nop_2us     mynop.o
    0x080005ba   0x00000012   Code   RO         3246    i.Delay_nop_4us     mynop.o
    0x080005cc   0x00000030   Code   RO         2926    i.Get_Adc           my_adc.o
    0x080005fc   0x00000022   Code   RO         2927    i.Get_Adc_Average   my_adc.o
    0x0800061e   0x00000002   PAD
    0x08000620   0x000000c8   Code   RO         2627    i.HAL_ADCEx_Calibration_Start  stm32f1xx_hal_adc_ex.o
    0x080006e8   0x00000002   Code   RO         2629    i.HAL_ADCEx_InjectedConvCpltCallback  stm32f1xx_hal_adc_ex.o
    0x080006ea   0x00000002   PAD
    0x080006ec   0x00000168   Code   RO         1571    i.HAL_ADC_ConfigChannel  stm32f1xx_hal_adc.o
    0x08000854   0x00000002   Code   RO         1572    i.HAL_ADC_ConvCpltCallback  stm32f1xx_hal_adc.o
    0x08000856   0x00000004   Code   RO         1577    i.HAL_ADC_GetState  stm32f1xx_hal_adc.o
    0x0800085a   0x00000006   Code   RO         1578    i.HAL_ADC_GetValue  stm32f1xx_hal_adc.o
    0x08000860   0x000000e6   Code   RO         1579    i.HAL_ADC_IRQHandler  stm32f1xx_hal_adc.o
    0x08000946   0x00000002   PAD
    0x08000948   0x00000148   Code   RO         1580    i.HAL_ADC_Init      stm32f1xx_hal_adc.o
    0x08000a90   0x00000002   Code   RO         1581    i.HAL_ADC_LevelOutOfWindowCallback  stm32f1xx_hal_adc.o
    0x08000a92   0x00000002   PAD
    0x08000a94   0x00000050   Code   RO          218    i.HAL_ADC_MspInit   adc.o
    0x08000ae4   0x00000130   Code   RO         1584    i.HAL_ADC_PollForConversion  stm32f1xx_hal_adc.o
    0x08000c14   0x000000c0   Code   RO         1586    i.HAL_ADC_Start     stm32f1xx_hal_adc.o
    0x08000cd4   0x000004b8   Code   RO         1750    i.HAL_DMA_IRQHandler  stm32f1xx_hal_dma.o
    0x0800118c   0x00000050   Code   RO         1751    i.HAL_DMA_Init      stm32f1xx_hal_dma.o
    0x080011dc   0x00000016   Code   RO         2730    i.HAL_Delay         stm32f1xx_hal.o
    0x080011f2   0x00000002   PAD
    0x080011f4   0x000001e8   Code   RO         2264    i.HAL_GPIO_Init     stm32f1xx_hal_gpio.o
    0x080013dc   0x0000000a   Code   RO         2268    i.HAL_GPIO_WritePin  stm32f1xx_hal_gpio.o
    0x080013e6   0x00000002   PAD
    0x080013e8   0x0000000c   Code   RO         2734    i.HAL_GetTick       stm32f1xx_hal.o
    0x080013f4   0x00000010   Code   RO         2735    i.HAL_IncTick       stm32f1xx_hal.o
    0x08001404   0x00000024   Code   RO         2736    i.HAL_Init          stm32f1xx_hal.o
    0x08001428   0x00000022   Code   RO         2737    i.HAL_InitTick      stm32f1xx_hal.o
    0x0800144a   0x00000002   PAD
    0x0800144c   0x00000080   Code   RO          478    i.HAL_MspInit       stm32f1xx_hal_msp.o
    0x080014cc   0x00000016   Code   RO         2061    i.HAL_NVIC_EnableIRQ  stm32f1xx_hal_cortex.o
    0x080014e2   0x00000002   PAD
    0x080014e4   0x00000040   Code   RO         2067    i.HAL_NVIC_SetPriority  stm32f1xx_hal_cortex.o
    0x08001524   0x00000024   Code   RO         2068    i.HAL_NVIC_SetPriorityGrouping  stm32f1xx_hal_cortex.o
    0x08001548   0x00000100   Code   RO         2328    i.HAL_RCCEx_GetPeriphCLKFreq  stm32f1xx_hal_rcc_ex.o
    0x08001648   0x0000012c   Code   RO         2329    i.HAL_RCCEx_PeriphCLKConfig  stm32f1xx_hal_rcc_ex.o
    0x08001774   0x00000188   Code   RO          600    i.HAL_RCC_ClockConfig  stm32f1xx_hal_rcc.o
    0x080018fc   0x0000000c   Code   RO          605    i.HAL_RCC_GetHCLKFreq  stm32f1xx_hal_rcc.o
    0x08001908   0x00000030   Code   RO          607    i.HAL_RCC_GetPCLK1Freq  stm32f1xx_hal_rcc.o
    0x08001938   0x00000030   Code   RO          608    i.HAL_RCC_GetPCLK2Freq  stm32f1xx_hal_rcc.o
    0x08001968   0x00000088   Code   RO          609    i.HAL_RCC_GetSysClockFreq  stm32f1xx_hal_rcc.o
    0x080019f0   0x0000057e   Code   RO          612    i.HAL_RCC_OscConfig  stm32f1xx_hal_rcc.o
    0x08001f6e   0x00000018   Code   RO         2070    i.HAL_SYSTICK_CLKSourceConfig  stm32f1xx_hal_cortex.o
    0x08001f86   0x00000002   Code   RO         2071    i.HAL_SYSTICK_Callback  stm32f1xx_hal_cortex.o
    0x08001f88   0x00000028   Code   RO         2072    i.HAL_SYSTICK_Config  stm32f1xx_hal_cortex.o
    0x08001fb0   0x00000008   Code   RO         2073    i.HAL_SYSTICK_IRQHandler  stm32f1xx_hal_cortex.o
    0x08001fb8   0x00000002   Code   RO         1332    i.HAL_TIMEx_BreakCallback  stm32f1xx_hal_tim_ex.o
    0x08001fba   0x00000002   Code   RO         1333    i.HAL_TIMEx_CommutationCallback  stm32f1xx_hal_tim_ex.o
    0x08001fbc   0x00000042   Code   RO         1334    i.HAL_TIMEx_ConfigBreakDeadTime  stm32f1xx_hal_tim_ex.o
    0x08001ffe   0x00000050   Code   RO         1349    i.HAL_TIMEx_MasterConfigSynchronization  stm32f1xx_hal_tim_ex.o
    0x0800204e   0x00000036   Code   RO          703    i.HAL_TIM_Base_Init  stm32f1xx_hal_tim.o
    0x08002084   0x0000003c   Code   RO            5    i.HAL_TIM_Base_MspInit  tim.o
    0x080020c0   0x0000001a   Code   RO          706    i.HAL_TIM_Base_Start  stm32f1xx_hal_tim.o
    0x080020da   0x00000018   Code   RO          708    i.HAL_TIM_Base_Start_IT  stm32f1xx_hal_tim.o
    0x080020f2   0x000000f2   Code   RO          712    i.HAL_TIM_ConfigClockSource  stm32f1xx_hal_tim.o
    0x080021e4   0x00000080   Code   RO         2971    i.HAL_TIM_IC_CaptureCallback  my_pwm_input.o
    0x08002264   0x0000011e   Code   RO          733    i.HAL_TIM_IC_ConfigChannel  stm32f1xx_hal_tim.o
    0x08002382   0x00000036   Code   RO          736    i.HAL_TIM_IC_Init   stm32f1xx_hal_tim.o
    0x080023b8   0x00000050   Code   RO            7    i.HAL_TIM_IC_MspInit  tim.o
    0x08002408   0x0000004c   Code   RO          741    i.HAL_TIM_IC_Start_IT  stm32f1xx_hal_tim.o
    0x08002454   0x00000166   Code   RO          745    i.HAL_TIM_IRQHandler  stm32f1xx_hal_tim.o
    0x080025ba   0x00000002   PAD
    0x080025bc   0x00000028   Code   RO            8    i.HAL_TIM_MspPostInit  tim.o
    0x080025e4   0x00000002   Code   RO          748    i.HAL_TIM_OC_DelayElapsedCallback  stm32f1xx_hal_tim.o
    0x080025e6   0x000000d0   Code   RO          769    i.HAL_TIM_PWM_ConfigChannel  stm32f1xx_hal_tim.o
    0x080026b6   0x00000036   Code   RO          772    i.HAL_TIM_PWM_Init  stm32f1xx_hal_tim.o
    0x080026ec   0x00000028   Code   RO           10    i.HAL_TIM_PWM_MspInit  tim.o
    0x08002714   0x00000002   Code   RO          775    i.HAL_TIM_PWM_PulseFinishedCallback  stm32f1xx_hal_tim.o
    0x08002716   0x00000002   PAD
    0x08002718   0x00000038   Code   RO          776    i.HAL_TIM_PWM_Start  stm32f1xx_hal_tim.o
    0x08002750   0x0000001c   Code   RO         2972    i.HAL_TIM_PeriodElapsedCallback  my_pwm_input.o
    0x0800276c   0x00000044   Code   RO          783    i.HAL_TIM_ReadCapturedValue  stm32f1xx_hal_tim.o
    0x080027b0   0x00000002   Code   RO          786    i.HAL_TIM_TriggerCallback  stm32f1xx_hal_tim.o
    0x080027b2   0x00000002   Code   RO         1834    i.HAL_UART_ErrorCallback  stm32f1xx_hal_uart.o
    0x080027b4   0x000000da   Code   RO         1837    i.HAL_UART_IRQHandler  stm32f1xx_hal_uart.o
    0x0800288e   0x0000005e   Code   RO         1838    i.HAL_UART_Init     stm32f1xx_hal_uart.o
    0x080028ec   0x00000270   Code   RO          260    i.HAL_UART_MspInit  usart.o
    0x08002b5c   0x00000002   Code   RO         1844    i.HAL_UART_RxCpltCallback  stm32f1xx_hal_uart.o
    0x08002b5e   0x00000002   Code   RO         1849    i.HAL_UART_TxCpltCallback  stm32f1xx_hal_uart.o
    0x08002b60   0x00000002   Code   RO          328    i.HardFault_Handler  stm32f1xx_it.o
    0x08002b62   0x00000002   PAD
    0x08002b64   0x00000058   Code   RO         3182    i.IIC_Send_Byte     myiic.o
    0x08002bbc   0x0000003c   Code   RO         3183    i.IIC_Start         myiic.o
    0x08002bf8   0x00000040   Code   RO         3184    i.IIC_Stop          myiic.o
    0x08002c38   0x00000054   Code   RO         3185    i.IIC_Wait_Ack      myiic.o
    0x08002c8c   0x00000060   Code   RO          219    i.MX_ADC1_Init      adc.o
    0x08002cec   0x0000007c   Code   RO          190    i.MX_DMA_Init       dma.o
    0x08002d68   0x00000074   Code   RO          575    i.MX_GPIO_Init      gpio.o
    0x08002ddc   0x000000b0   Code   RO           11    i.MX_TIM1_Init      tim.o
    0x08002e8c   0x00000078   Code   RO           12    i.MX_TIM2_Init      tim.o
    0x08002f04   0x0000007c   Code   RO           13    i.MX_TIM3_Init      tim.o
    0x08002f80   0x00000078   Code   RO           14    i.MX_TIM4_Init      tim.o
    0x08002ff8   0x0000004c   Code   RO          261    i.MX_USART1_UART_Init  usart.o
    0x08003044   0x0000004c   Code   RO          262    i.MX_USART2_UART_Init  usart.o
    0x08003090   0x0000004c   Code   RO          263    i.MX_USART3_UART_Init  usart.o
    0x080030dc   0x00000002   Code   RO          329    i.MemManage_Handler  stm32f1xx_it.o
    0x080030de   0x00000002   Code   RO          330    i.NMI_Handler       stm32f1xx_it.o
    0x080030e0   0x00000020   Code   RO         2074    i.NVIC_SetPriority  stm32f1xx_hal_cortex.o
    0x08003100   0x0000009c   Code   RO         3011    i.Pack_And_Send_Cmd  process.o
    0x0800319c   0x00000002   Code   RO          331    i.PendSV_Handler    stm32f1xx_it.o
    0x0800319e   0x0000002a   Code   RO         3284    i.Reset_User_Timer  stm32_bsp_timer.o
    0x080031c8   0x00000002   Code   RO          332    i.SVC_Handler       stm32f1xx_it.o
    0x080031ca   0x00000002   PAD
    0x080031cc   0x00000040   Code   RO         2928    i.Start_ADC_Conv_Period  my_adc.o
    0x0800320c   0x0000002a   Code   RO         3287    i.Start_User_Timer  stm32_bsp_timer.o
    0x08003236   0x00000002   PAD
    0x08003238   0x0000000c   Code   RO         3288    i.Statr_Microsecond_Timer  stm32_bsp_timer.o
    0x08003244   0x00000028   Code   RO         3289    i.Stop_User_Timer   stm32_bsp_timer.o
    0x0800326c   0x0000000e   Code   RO          333    i.SysTick_Handler   stm32f1xx_it.o
    0x0800327a   0x0000007a   Code   RO          502    i.SystemClock_Config  main.o
    0x080032f4   0x00000048   Code   RO         2865    i.SystemInit        system_stm32f1xx.o
    0x0800333c   0x00000060   Code   RO         3052    i.System_Init       system_control.o
    0x0800339c   0x00000050   Code   RO         3053    i.System_Run        system_control.o
    0x080033ec   0x0000006e   Code   RO         3114    i.TCA62724FMG_Write_OFF  24cxx.o
    0x0800345a   0x00000002   PAD
    0x0800345c   0x0000000c   Code   RO          334    i.TIM3_IRQHandler   stm32f1xx_it.o
    0x08003468   0x0000000c   Code   RO          335    i.TIM4_IRQHandler   stm32f1xx_it.o
    0x08003474   0x00000084   Code   RO          787    i.TIM_Base_SetConfig  stm32f1xx_hal_tim.o
    0x080034f8   0x00000016   Code   RO          788    i.TIM_CCxChannelCmd  stm32f1xx_hal_tim.o
    0x0800350e   0x00000014   Code   RO          794    i.TIM_ETR_SetConfig  stm32f1xx_hal_tim.o
    0x08003522   0x00000010   Code   RO          795    i.TIM_ITRx_SetConfig  stm32f1xx_hal_tim.o
    0x08003532   0x00000002   PAD
    0x08003534   0x00000060   Code   RO          796    i.TIM_OC1_SetConfig  stm32f1xx_hal_tim.o
    0x08003594   0x0000006c   Code   RO          797    i.TIM_OC2_SetConfig  stm32f1xx_hal_tim.o
    0x08003600   0x00000068   Code   RO          798    i.TIM_OC3_SetConfig  stm32f1xx_hal_tim.o
    0x08003668   0x00000050   Code   RO          799    i.TIM_OC4_SetConfig  stm32f1xx_hal_tim.o
    0x080036b8   0x00000022   Code   RO          801    i.TIM_TI1_ConfigInputStage  stm32f1xx_hal_tim.o
    0x080036da   0x00000002   PAD
    0x080036dc   0x0000006c   Code   RO          802    i.TIM_TI1_SetConfig  stm32f1xx_hal_tim.o
    0x08003748   0x00000024   Code   RO          803    i.TIM_TI2_ConfigInputStage  stm32f1xx_hal_tim.o
    0x0800376c   0x00000036   Code   RO          804    i.TIM_TI2_SetConfig  stm32f1xx_hal_tim.o
    0x080037a2   0x00000002   PAD
    0x080037a4   0x0000046c   Code   RO         3012    i.Task_Anasyse_Protocol  process.o
    0x08003c10   0x00000046   Code   RO         3364    i.UART_DelChar      stm32_bsp_uart.o
    0x08003c56   0x0000003e   Code   RO         3365    i.UART_GetChar      stm32_bsp_uart.o
    0x08003c94   0x00000054   Code   RO         3366    i.UART_PutChar      stm32_bsp_uart.o
    0x08003ce8   0x0000001e   Code   RO         3367    i.UART_ReadChar     stm32_bsp_uart.o
    0x08003d06   0x00000002   PAD
    0x08003d08   0x000000a8   Code   RO         1856    i.UART_Receive_IT   stm32f1xx_hal_uart.o
    0x08003db0   0x0000004a   Code   RO         3368    i.UART_Rx_ISR       stm32_bsp_uart.o
    0x08003dfa   0x00000002   PAD
    0x08003dfc   0x00000170   Code   RO         1857    i.UART_SetConfig    stm32f1xx_hal_uart.o
    0x08003f6c   0x00000066   Code   RO         1858    i.UART_Transmit_IT  stm32f1xx_hal_uart.o
    0x08003fd2   0x0000007a   Code   RO         3369    i.UART_TxRx_ISR     stm32_bsp_uart.o
    0x0800404c   0x00000050   Code   RO         3370    i.UART_Tx_ISR       stm32_bsp_uart.o
    0x0800409c   0x0000000c   Code   RO          336    i.USART1_IRQHandler  stm32f1xx_it.o
    0x080040a8   0x0000000c   Code   RO          337    i.USART2_IRQHandler  stm32f1xx_it.o
    0x080040b4   0x00000024   Code   RO          338    i.USART3_IRQHandler  stm32f1xx_it.o
    0x080040d8   0x00000040   Code   RO         3290    i.Update_User_Timer_Cnt  stm32_bsp_timer.o
    0x08004118   0x00000002   Code   RO          339    i.UsageFault_Handler  stm32f1xx_it.o
    0x0800411a   0x00000002   Code   RO          503    i._Error_Handler    main.o
    0x0800411c   0x0000000e   Code   RO         3579    i.__scatterload_copy  mc_w.l(handlers.o)
    0x0800412a   0x00000002   Code   RO         3580    i.__scatterload_null  mc_w.l(handlers.o)
    0x0800412c   0x0000000e   Code   RO         3581    i.__scatterload_zeroinit  mc_w.l(handlers.o)
    0x0800413a   0x00000002   PAD
    0x0800413c   0x00000014   Code   RO         3500    i.delay_init        delay.o
    0x08004150   0x00000042   Code   RO          504    i.main              main.o
    0x08004192   0x00000010   Data   RO         2866    .constdata          system_stm32f1xx.o
    0x080041a2   0x00000008   Data   RO         2867    .constdata          system_stm32f1xx.o
    0x080041aa   0x00000002   PAD
    0x080041ac   0x00000020   Data   RO         3577    Region$$Table       anon$$obj.o


    Execution Region RW_IRAM1 (Base: 0x20000000, Size: 0x00000830, Max: 0x0000c000, ABSOLUTE)

    Base Addr    Size         Type   Attr      Idx    E Section Name        Object

    0x20000000   0x00000004   Data   RW         2742    .data               stm32f1xx_hal.o
    0x20000004   0x00000004   Data   RW         2868    .data               system_stm32f1xx.o
    0x20000008   0x00000008   Data   RW         2929    .data               my_adc.o
    0x20000010   0x00000008   Data   RW         2976    .data               my_pwm_input.o
    0x20000018   0x00000001   Data   RW         3057    .data               system_control.o
    0x20000019   0x00000001   Data   RW         3058    .data               system_control.o
    0x2000001a   0x00000001   Data   RW         3059    .data               system_control.o
    0x2000001b   0x00000004   Data   RW         3060    .data               system_control.o
    0x2000001f   0x00000004   Data   RW         3061    .data               system_control.o
    0x20000023   0x00000004   Data   RW         3062    .data               system_control.o
    0x20000027   0x00000004   Data   RW         3063    .data               system_control.o
    0x2000002b   0x00000001   PAD
    0x2000002c   0x00000014   Data   RW         3375    .data               stm32_bsp_uart.o
    0x20000040   0x00000014   Data   RW         3376    .data               stm32_bsp_uart.o
    0x20000054   0x00000004   Data   RW         3503    .data               delay.o
    0x20000058   0x000000f0   Zero   RW           15    .bss                tim.o
    0x20000148   0x00000030   Zero   RW          220    .bss                adc.o
    0x20000178   0x00000210   Zero   RW          265    .bss                usart.o
    0x20000388   0x00000023   Zero   RW         3054    .bss                system_control.o
    0x200003ab   0x00000019   Zero   RW         3055    .bss                system_control.o
    0x200003c4   0x00000018   Zero   RW         3371    .bss                stm32_bsp_uart.o
    0x200003dc   0x00000018   Zero   RW         3372    .bss                stm32_bsp_uart.o
    0x200003f4   0x0000001e   Zero   RW         3373    .bss                stm32_bsp_uart.o
    0x20000412   0x0000001e   Zero   RW         3374    .bss                stm32_bsp_uart.o
    0x20000430   0x00000400   Zero   RW         2854    STACK               startup_stm32f103xe.o


==============================================================================

Image component sizes


      Code (inc. data)   RO Data    RW Data    ZI Data      Debug   Object Name

       110          0          0          0          0        732   24cxx.o
       176         38          0          0         48       1769   adc.o
         2          0          0          0          0       1265   board_gimbal_cmd_process.o
        20          4          0          4          0        797   delay.o
       124          4          0          0          0        878   dma.o
       116         10          0          0          0       1019   gpio.o
       190          0          0          0          0       4417   main.o
       146         22          0          8          0       2695   my_adc.o
       156         28          0          8          0       3046   my_pwm_input.o
       296         36          0          0          0       2294   myiic.o
        54          0          0          0          0       1556   mynop.o
      1288         48          0          0          0       4292   process.o
        36          8        304          0       1024        812   startup_stm32f103xe.o
       200          6          0          0          0       3834   stm32_bsp_timer.o
       522          0          0         40        108       6843   stm32_bsp_uart.o
       120         16          0          4          0       3958   stm32f1xx_hal.o
      1616         56          0          0          0       9582   stm32f1xx_hal_adc.o
       202          6          0          0          0       2147   stm32f1xx_hal_adc_ex.o
       228         14          0          0          0      27853   stm32f1xx_hal_cortex.o
      1288         20          0          0          0       2452   stm32f1xx_hal_dma.o
       498         42          0          0          0       3212   stm32f1xx_hal_gpio.o
       128         10          0          0          0        946   stm32f1xx_hal_msp.o
      2042         98          0          0          0       6188   stm32f1xx_hal_rcc.o
       556         46          0          0          0       2665   stm32f1xx_hal_rcc_ex.o
      2322         84          0          0          0      21365   stm32f1xx_hal_tim.o
       150          0          0          0          0       3330   stm32f1xx_hal_tim_ex.o
       956          4          0          0          0       6219   stm32f1xx_hal_uart.o
       198         78          0          0          0      12054   stm32f1xx_it.o
       176         38          0         19         60       2815   system_control.o
        72         16         24          4          0       1299   system_stm32f1xx.o
       760        140          0          0        240     525590   tim.o
       852        124          0          0        528       3790   usart.o

    ----------------------------------------------------------------------
     15638        996        362         88       2008     671714   Object Totals
         0          0         32          0          0          0   (incl. Generated)
        38          0          2          1          0          0   (incl. Padding)

    ----------------------------------------------------------------------

      Code (inc. data)   RO Data    RW Data    ZI Data      Debug   Library Member Name

         0          0          0          0          0          0   entry.o
         0          0          0          0          0          0   entry10a.o
         0          0          0          0          0          0   entry11a.o
         8          4          0          0          0          0   entry2.o
         4          0          0          0          0          0   entry5.o
         0          0          0          0          0          0   entry7b.o
         0          0          0          0          0          0   entry8b.o
         8          4          0          0          0          0   entry9a.o
        30          0          0          0          0          0   handlers.o
        36          8          0          0          0         68   init.o
         0          0          0          0          0          0   iusefp.o
        30          0          0          0          0         68   llshl.o
        32          0          0          0          0         68   llushr.o
        56          0          0          0          0         88   d2f.o
       186          0          0          0          0        176   depilogue.o
        26          0          0          0          0         76   dfltui.o
       228          0          0          0          0         96   dmul.o
        46          0          0          0          0         80   dscalb.o
       110          0          0          0          0        168   fepilogue.o
        40          0          0          0          0         68   ffixui.o

    ----------------------------------------------------------------------
       844         16          0          0          0        956   Library Totals
         4          0          0          0          0          0   (incl. Padding)

    ----------------------------------------------------------------------

      Code (inc. data)   RO Data    RW Data    ZI Data      Debug   Library Name

       148         16          0          0          0        204   mc_w.l
       692          0          0          0          0        752   mf_w.l

    ----------------------------------------------------------------------
       844         16          0          0          0        956   Library Totals

    ----------------------------------------------------------------------

==============================================================================


      Code (inc. data)   RO Data    RW Data    ZI Data      Debug   

     16482       1012        362         88       2008     664814   Grand Totals
     16482       1012        362         88       2008     664814   ELF Image Totals
     16482       1012        362         88          0          0   ROM Totals

==============================================================================

    Total RO  Size (Code + RO Data)                16844 (  16.45kB)
    Total RW  Size (RW Data + ZI Data)              2096 (   2.05kB)
    Total ROM Size (Code + RO Data + RW Data)      16932 (  16.54kB)

==============================================================================

