Component: ARM Compiler 5.06 update 2 (build 183) Tool: armlink [4d35b7]

==============================================================================

Section Cross References

    tim.o(i.HAL_TIM_Base_MspDeInit) refers to stm32f1xx_hal_cortex.o(i.HAL_NVIC_DisableIRQ) for HAL_NVIC_DisableIRQ
    tim.o(i.HAL_TIM_Base_MspInit) refers to stm32f1xx_hal_cortex.o(i.HAL_NVIC_SetPriority) for HAL_NVIC_SetPriority
    tim.o(i.HAL_TIM_Base_MspInit) refers to stm32f1xx_hal_cortex.o(i.HAL_NVIC_EnableIRQ) for HAL_NVIC_EnableIRQ
    tim.o(i.HAL_TIM_IC_MspDeInit) refers to stm32f1xx_hal_gpio.o(i.HAL_GPIO_DeInit) for HAL_GPIO_DeInit
    tim.o(i.HAL_TIM_IC_MspDeInit) refers to stm32f1xx_hal_cortex.o(i.HAL_NVIC_DisableIRQ) for HAL_NVIC_DisableIRQ
    tim.o(i.HAL_TIM_IC_MspInit) refers to stm32f1xx_hal_gpio.o(i.HAL_GPIO_Init) for HAL_GPIO_Init
    tim.o(i.HAL_TIM_IC_MspInit) refers to stm32f1xx_hal_cortex.o(i.HAL_NVIC_SetPriority) for HAL_NVIC_SetPriority
    tim.o(i.HAL_TIM_IC_MspInit) refers to stm32f1xx_hal_cortex.o(i.HAL_NVIC_EnableIRQ) for HAL_NVIC_EnableIRQ
    tim.o(i.HAL_TIM_MspPostInit) refers to stm32f1xx_hal_gpio.o(i.HAL_GPIO_Init) for HAL_GPIO_Init
    tim.o(i.MX_TIM1_Init) refers to stm32f1xx_hal_tim.o(i.HAL_TIM_PWM_Init) for HAL_TIM_PWM_Init
    tim.o(i.MX_TIM1_Init) refers to main.o(i._Error_Handler) for _Error_Handler
    tim.o(i.MX_TIM1_Init) refers to stm32f1xx_hal_tim_ex.o(i.HAL_TIMEx_MasterConfigSynchronization) for HAL_TIMEx_MasterConfigSynchronization
    tim.o(i.MX_TIM1_Init) refers to stm32f1xx_hal_tim.o(i.HAL_TIM_PWM_ConfigChannel) for HAL_TIM_PWM_ConfigChannel
    tim.o(i.MX_TIM1_Init) refers to stm32f1xx_hal_tim_ex.o(i.HAL_TIMEx_ConfigBreakDeadTime) for HAL_TIMEx_ConfigBreakDeadTime
    tim.o(i.MX_TIM1_Init) refers to tim.o(i.HAL_TIM_MspPostInit) for HAL_TIM_MspPostInit
    tim.o(i.MX_TIM1_Init) refers to tim.o(.bss) for .bss
    tim.o(i.MX_TIM2_Init) refers to stm32f1xx_hal_tim.o(i.HAL_TIM_Base_Init) for HAL_TIM_Base_Init
    tim.o(i.MX_TIM2_Init) refers to main.o(i._Error_Handler) for _Error_Handler
    tim.o(i.MX_TIM2_Init) refers to stm32f1xx_hal_tim.o(i.HAL_TIM_ConfigClockSource) for HAL_TIM_ConfigClockSource
    tim.o(i.MX_TIM2_Init) refers to stm32f1xx_hal_tim_ex.o(i.HAL_TIMEx_MasterConfigSynchronization) for HAL_TIMEx_MasterConfigSynchronization
    tim.o(i.MX_TIM2_Init) refers to tim.o(.bss) for .bss
    tim.o(i.MX_TIM3_Init) refers to stm32f1xx_hal_tim.o(i.HAL_TIM_IC_Init) for HAL_TIM_IC_Init
    tim.o(i.MX_TIM3_Init) refers to main.o(i._Error_Handler) for _Error_Handler
    tim.o(i.MX_TIM3_Init) refers to stm32f1xx_hal_tim_ex.o(i.HAL_TIMEx_MasterConfigSynchronization) for HAL_TIMEx_MasterConfigSynchronization
    tim.o(i.MX_TIM3_Init) refers to stm32f1xx_hal_tim.o(i.HAL_TIM_IC_ConfigChannel) for HAL_TIM_IC_ConfigChannel
    tim.o(i.MX_TIM3_Init) refers to tim.o(.bss) for .bss
    tim.o(i.MX_TIM4_Init) refers to stm32f1xx_hal_tim.o(i.HAL_TIM_Base_Init) for HAL_TIM_Base_Init
    tim.o(i.MX_TIM4_Init) refers to main.o(i._Error_Handler) for _Error_Handler
    tim.o(i.MX_TIM4_Init) refers to stm32f1xx_hal_tim.o(i.HAL_TIM_ConfigClockSource) for HAL_TIM_ConfigClockSource
    tim.o(i.MX_TIM4_Init) refers to stm32f1xx_hal_tim_ex.o(i.HAL_TIMEx_MasterConfigSynchronization) for HAL_TIMEx_MasterConfigSynchronization
    tim.o(i.MX_TIM4_Init) refers to tim.o(.bss) for .bss
    dma.o(i.MX_DMA_Init) refers to stm32f1xx_hal_cortex.o(i.HAL_NVIC_SetPriority) for HAL_NVIC_SetPriority
    dma.o(i.MX_DMA_Init) refers to stm32f1xx_hal_cortex.o(i.HAL_NVIC_EnableIRQ) for HAL_NVIC_EnableIRQ
    adc.o(i.HAL_ADC_MspDeInit) refers to stm32f1xx_hal_gpio.o(i.HAL_GPIO_DeInit) for HAL_GPIO_DeInit
    adc.o(i.HAL_ADC_MspDeInit) refers to stm32f1xx_hal_cortex.o(i.HAL_NVIC_DisableIRQ) for HAL_NVIC_DisableIRQ
    adc.o(i.HAL_ADC_MspInit) refers to stm32f1xx_hal_gpio.o(i.HAL_GPIO_Init) for HAL_GPIO_Init
    adc.o(i.HAL_ADC_MspInit) refers to stm32f1xx_hal_cortex.o(i.HAL_NVIC_SetPriority) for HAL_NVIC_SetPriority
    adc.o(i.HAL_ADC_MspInit) refers to stm32f1xx_hal_cortex.o(i.HAL_NVIC_EnableIRQ) for HAL_NVIC_EnableIRQ
    adc.o(i.MX_ADC1_Init) refers to stm32f1xx_hal_adc.o(i.HAL_ADC_Init) for HAL_ADC_Init
    adc.o(i.MX_ADC1_Init) refers to main.o(i._Error_Handler) for _Error_Handler
    adc.o(i.MX_ADC1_Init) refers to stm32f1xx_hal_adc.o(i.HAL_ADC_ConfigChannel) for HAL_ADC_ConfigChannel
    adc.o(i.MX_ADC1_Init) refers to adc.o(.bss) for .bss
    usart.o(i.HAL_UART_MspDeInit) refers to stm32f1xx_hal_gpio.o(i.HAL_GPIO_DeInit) for HAL_GPIO_DeInit
    usart.o(i.HAL_UART_MspDeInit) refers to stm32f1xx_hal_dma.o(i.HAL_DMA_DeInit) for HAL_DMA_DeInit
    usart.o(i.HAL_UART_MspDeInit) refers to stm32f1xx_hal_cortex.o(i.HAL_NVIC_DisableIRQ) for HAL_NVIC_DisableIRQ
    usart.o(i.HAL_UART_MspInit) refers to stm32f1xx_hal_gpio.o(i.HAL_GPIO_Init) for HAL_GPIO_Init
    usart.o(i.HAL_UART_MspInit) refers to stm32f1xx_hal_dma.o(i.HAL_DMA_Init) for HAL_DMA_Init
[...]
    ../Drivers/STM32F1xx_HAL_Driver/Src/stm32f1xx_hal_adc.c 0x00000000   Number         0  stm32f1xx_hal_adc.o ABSOLUTE
    ../Drivers/STM32F1xx_HAL_Driver/Src/stm32f1xx_hal_adc_ex.c 0x00000000   Number         0  stm32f1xx_hal_adc_ex.o ABSOLUTE
    ../Drivers/STM32F1xx_HAL_Driver/Src/stm32f1xx_hal_cortex.c 0x00000000   Number         0  stm32f1xx_hal_cortex.o ABSOLUTE
    ../Drivers/STM32F1xx_HAL_Driver/Src/stm32f1xx_hal_dma.c 0x00000000   Number         0  stm32f1xx_hal_dma.o ABSOLUTE
    ../Drivers/STM32F1xx_HAL_Driver/Src/stm32f1xx_hal_flash.c 0x00000000   Number         0  stm32f1xx_hal_flash.o ABSOLUTE
    ../Drivers/STM32F1xx_HAL_Driver/Src/stm32f1xx_hal_flash_ex.c 0x00000000   Number         0  stm32f1xx_hal_flash_ex.o ABSOLUTE
    ../Drivers/STM32F1xx_HAL_Driver/Src/stm32f1xx_hal_gpio.c 0x00000000   Number         0  stm32f1xx_hal_gpio.o ABSOLUTE
    ../Drivers/STM32F1xx_HAL_Driver/Src/stm32f1xx_hal_gpio_ex.c 0x00000000   Number         0  stm32f1xx_hal_gpio_ex.o ABSOLUTE
    ../Drivers/STM32F1xx_HAL_Driver/Src/stm32f1xx_hal_pwr.c 0x00000000   Number         0  stm32f1xx_hal_pwr.o ABSOLUTE
    ../Drivers/STM32F1xx_HAL_Driver/Src/stm32f1xx_hal_rcc.c 0x00000000   Number         0  stm32f1xx_hal_rcc.o ABSOLUTE
    ../Drivers/STM32F1xx_HAL_Driver/Src/stm32f1xx_hal_rcc_ex.c 0x00000000   Number         0  stm32f1xx_hal_rcc_ex.o ABSOLUTE
    ../Drivers/STM32F1xx_HAL_Driver/Src/stm32f1xx_hal_tim.c 0x00000000   Number         0  stm32f1xx_hal_tim.o ABSOLUTE
    ../Drivers/STM32F1xx_HAL_Driver/Src/stm32f1xx_hal_tim_ex.c 0x00000000   Number         0  stm32f1xx_hal_tim_ex.o ABSOLUTE
    ../Drivers/STM32F1xx_HAL_Driver/Src/stm32f1xx_hal_uart.c 0x00000000   Number         0  stm32f1xx_hal_uart.o ABSOLUTE
    ../Src/adc.c                             0x00000000   Number         0  adc.o ABSOLUTE
    ../Src/dma.c                             0x00000000   Number         0  dma.o ABSOLUTE
    ../Src/gpio.c                            0x00000000   Number         0  gpio.o ABSOLUTE
    ../Src/main.c                            0x00000000   Number         0  main.o ABSOLUTE
    ../Src/stm32f1xx_hal_msp.c               0x00000000   Number         0  stm32f1xx_hal_msp.o ABSOLUTE
    ../Src/stm32f1xx_it.c                    0x00000000   Number         0  stm32f1xx_it.o ABSOLUTE
    ../Src/system_stm32f1xx.c                0x00000000   Number         0  system_stm32f1xx.o ABSOLUTE
    ../Src/tim.c                             0x00000000   Number         0  tim.o ABSOLUTE
    ../Src/usart.c                           0x00000000   Number         0  usart.o ABSOLUTE
    ../clib/microlib/division.c              0x00000000   Number         0  uldiv.o ABSOLUTE
    ../clib/microlib/division.c              0x00000000   Number         0  uidiv.o ABSOLUTE
    ../clib/microlib/init/entry.s            0x00000000   Number         0  entry10a.o ABSOLUTE
    ../clib/microlib/init/entry.s            0x00000000   Number         0  entry8b.o ABSOLUTE
    ../clib/microlib/init/entry.s            0x00000000   Number         0  entry8a.o ABSOLUTE
    ../clib/microlib/init/entry.s            0x00000000   Number         0  entry5.o ABSOLUTE
    ../clib/microlib/init/entry.s            0x00000000   Number         0  entry11a.o ABSOLUTE
    ../clib/microlib/init/entry.s            0x00000000   Number         0  entry2.o ABSOLUTE
    ../clib/microlib/init/entry.s            0x00000000   Number         0  entry11b.o ABSOLUTE
    ../clib/microlib/init/entry.s            0x00000000   Number         0  entry10b.o ABSOLUTE
    ../clib/microlib/init/entry.s            0x00000000   Number         0  entry.o ABSOLUTE
    ../clib/microlib/init/entry.s            0x00000000   Number         0  entry9a.o ABSOLUTE
    ../clib/microlib/init/entry.s            0x00000000   Number         0  entry7a.o ABSOLUTE
    ../clib/microlib/init/entry.s            0x00000000   Number         0  entry9b.o ABSOLUTE
    ../clib/microlib/init/entry.s            0x00000000   Number         0  entry7b.o ABSOLUTE
    ../clib/microlib/longlong.c              0x00000000   Number         0  llsshr.o ABSOLUTE
    ../clib/microlib/longlong.c              0x00000000   Number         0  llshl.o ABSOLUTE
    ../clib/microlib/longlong.c              0x00000000   Number         0  llushr.o ABSOLUTE
    ../clib/microlib/printf/printf.c         0x00000000   Number         0  printf4.o ABSOLUTE
    ../clib/microlib/printf/printf.c         0x00000000   Number         0  printfa.o ABSOLUTE
    ../clib/microlib/printf/printf.c         0x00000000   Number         0  printf8.o ABSOLUTE
    ../clib/microlib/printf/printf.c         0x00000000   Number         0  printf7.o ABSOLUTE
    ../clib/microlib/printf/printf.c         0x00000000   Number         0  printf2.o ABSOLUTE
    ../clib/microlib/printf/printf.c         0x00000000   Number         0  printf6.o ABSOLUTE
    ../clib/microlib/printf/printf.c         0x00000000   Number         0  printf5.o ABSOLUTE
    ../clib/microlib/printf/printf.c         0x00000000   Number         0  printfb.o ABSOLUTE
    ../clib/microlib/printf/printf.c         0x00000000   Number         0  printf3.o ABSOLUTE
    ../clib/microlib/printf/printf.c         0x00000000   Number         0  printf1.o ABSOLUTE
    ../clib/microlib/printf/printf.c         0x00000000   Number         0  printf0.o ABSOLUTE
    ../clib/microlib/printf/stubs.s          0x00000000   Number         0  stubs.o ABSOLUTE
    ../clib/microlib/stdio/streams.c         0x00000000   Number         0  stdout.o ABSOLUTE
    ../clib/microlib/stubs.s                 0x00000000   Number         0  iusefp.o ABSOLUTE
    ../fplib/microlib/d2f.c                  0x00000000   Number         0  d2f.o ABSOLUTE
    ../fplib/microlib/fpadd.c                0x00000000   Number         0  dadd.o ABSOLUTE
    ../fplib/microlib/fpdiv.c                0x00000000   Number         0  fdiv.o ABSOLUTE
    ../fplib/microlib/fpdiv.c                0x00000000   Number         0  ddiv.o ABSOLUTE
    ../fplib/microlib/fpepilogue.c           0x00000000   Number         0  fepilogue.o ABSOLUTE
    ../fplib/microlib/fpepilogue.c           0x00000000   Number         0  depilogue.o ABSOLUTE
    ../fplib/microlib/fpfix.c                0x00000000   Number         0  ffixui.o ABSOLUTE
    ../fplib/microlib/fpfix.c                0x00000000   Number         0  dfixul.o ABSOLUTE
    ../fplib/microlib/fpflt.c                0x00000000   Number         0  dfltui.o ABSOLUTE
    ../fplib/microlib/fpflt.c                0x00000000   Number         0  ffltui.o ABSOLUTE
    ../fplib/microlib/fpmul.c                0x00000000   Number         0  dmul.o ABSOLUTE
    ../fplib/microlib/fpscalb.c              0x00000000   Number         0  dscalb.o ABSOLUTE
    ..\Application\Communication\src\board_gimbal_cmd_process.c 0x00000000   Number         0  board_gimbal_cmd_process.o ABSOLUTE
    ..\Drivers\STM32F1xx_HAL_Driver\Src\stm32f1xx_hal.c 0x00000000   Number         0  stm32f1xx_hal.o ABSOLUTE
    ..\Drivers\STM32F1xx_HAL_Driver\Src\stm32f1xx_hal_adc.c 0x00000000   Number         0  stm32f1xx_hal_adc.o ABSOLUTE
    ..\Drivers\STM32F1xx_HAL_Driver\Src\stm32f1xx_hal_adc_ex.c 0x00000000   Number         0  stm32f1xx_hal_adc_ex.o ABSOLUTE
    ..\Drivers\STM32F1xx_HAL_Driver\Src\stm32f1xx_hal_cortex.c 0x00000000   Number         0  stm32f1xx_hal_cortex.o ABSOLUTE
    ..\Drivers\STM32F1xx_HAL_Driver\Src\stm32f1xx_hal_dma.c 0x00000000   Number         0  stm32f1xx_hal_dma.o ABSOLUTE
    ..\Drivers\STM32F1xx_HAL_Driver\Src\stm32f1xx_hal_flash.c 0x00000000   Number         0  stm32f1xx_hal_flash.o ABSOLUTE
    ..\Drivers\STM32F1xx_HAL_Driver\Src\stm32f1xx_hal_flash_ex.c 0x00000000   Number         0  stm32f1xx_hal_flash_ex.o ABSOLUTE
    ..\Drivers\STM32F1xx_HAL_Driver\Src\stm32f1xx_hal_gpio.c 0x00000000   Number         0  stm32f1xx_hal_gpio.o ABSOLUTE
    ..\Drivers\STM32F1xx_HAL_Driver\Src\stm32f1xx_hal_gpio_ex.c 0x00000000   Number         0  stm32f1xx_hal_gpio_ex.o ABSOLUTE
    ..\Drivers\STM32F1xx_HAL_Driver\Src\stm32f1xx_hal_pwr.c 0x00000000   Number         0  stm32f1xx_hal_pwr.o ABSOLUTE
    ..\Drivers\STM32F1xx_HAL_Driver\Src\stm32f1xx_hal_rcc.c 0x00000000   Number         0  stm32f1xx_hal_rcc.o ABSOLUTE
    ..\Drivers\STM32F1xx_HAL_Driver\Src\stm32f1xx_hal_rcc_ex.c 0x00000000   Number         0  stm32f1xx_hal_rcc_ex.o ABSOLUTE
    ..\Drivers\STM32F1xx_HAL_Driver\Src\stm32f1xx_hal_tim.c 0x00000000   Number         0  stm32f1xx_hal_tim.o ABSOLUTE
    ..\Drivers\STM32F1xx_HAL_Driver\Src\stm32f1xx_hal_tim_ex.c 0x00000000   Number         0  stm32f1xx_hal_tim_ex.o ABSOLUTE
    ..\Drivers\STM32F1xx_HAL_Driver\Src\stm32f1xx_hal_uart.c 0x00000000   Number         0  stm32f1xx_hal_uart.o ABSOLUTE
    ..\Drivers\STM32_BSP_Driver\src\stm32_bsp_timer.C 0x00000000   Number         0  stm32_bsp_timer.o ABSOLUTE
    ..\Drivers\STM32_BSP_Driver\src\stm32_bsp_uart.C 0x00000000   Number         0  stm32_bsp_uart.o ABSOLUTE
    ..\SYSTEM\sys\sys.c                      0x00000000   Number         0  sys.o ABSOLUTE
    ..\Src\adc.c                             0x00000000   Number         0  adc.o ABSOLUTE
    ..\Src\dma.c                             0x00000000   Number         0  dma.o ABSOLUTE
    ..\Src\gpio.c                            0x00000000   Number         0  gpio.o ABSOLUTE
    ..\Src\main.c                            0x00000000   Number         0  main.o ABSOLUTE
    ..\Src\stm32f1xx_hal_msp.c               0x00000000   Number         0  stm32f1xx_hal_msp.o ABSOLUTE
    ..\Src\stm32f1xx_it.c                    0x00000000   Number         0  stm32f1xx_it.o ABSOLUTE
    ..\Src\system_control.c                  0x00000000   Number         0  system_control.o ABSOLUTE
    ..\Src\system_stm32f1xx.c                0x00000000   Number         0  system_stm32f1xx.o ABSOLUTE
    ..\Src\tim.c                             0x00000000   Number         0  tim.o ABSOLUTE
    ..\Src\usart.c                           0x00000000   Number         0  usart.o ABSOLUTE
    ..\USER\24cxx.c                          0x00000000   Number         0  24cxx.o ABSOLUTE
    ..\USER\led.c                            0x00000000   Number         0  led.o ABSOLUTE
    ..\USER\my_adc.c                         0x00000000   Number         0  my_adc.o ABSOLUTE
    ..\USER\my_pwm_input.c                   0x00000000   Number         0  my_pwm_input.o ABSOLUTE
    ..\USER\myiic.c                          0x00000000   Number         0  myiic.o ABSOLUTE
    ..\USER\mynop.c                          0x00000000   Number         0  mynop.o ABSOLUTE
    ..\USER\process.c                        0x00000000   Number         0  process.o ABSOLUTE
    ..\\Application\\Communication\\src\\board_gimbal_cmd_process.c 0x00000000   Number         0  board_gimbal_cmd_process.o ABSOLUTE
    ..\\Drivers\\STM32_BSP_Driver\\src\\stm32_bsp_timer.C 0x00000000   Number         0  stm32_bsp_timer.o ABSOLUTE
    ..\\Drivers\\STM32_BSP_Driver\\src\\stm32_bsp_uart.C 0x00000000   Number         0  stm32_bsp_uart.o ABSOLUTE
    ..\\SYSTEM\\sys\\sys.c                   0x00000000   Number         0  sys.o ABSOLUTE
    ..\\Src\\system_control.c                0x00000000   Number         0  system_control.o ABSOLUTE
    ..\\USER\\24cxx.c                        0x00000000   Number         0  24cxx.o ABSOLUTE
    ..\\USER\\led.c                          0x00000000   Number         0  led.o ABSOLUTE
    ..\\USER\\my_adc.c                       0x00000000   Number         0  my_adc.o ABSOLUTE
    ..\\USER\\my_pwm_input.c                 0x00000000   Number         0  my_pwm_input.o ABSOLUTE
    ..\\USER\\myiic.c                        0x00000000   Number         0  myiic.o ABSOLUTE
    ..\\USER\\mynop.c                        0x00000000   Number         0  mynop.o ABSOLUTE
    ..\\USER\\process.c                      0x00000000   Number         0  process.o ABSOLUTE
    cdrcmple.s                               0x00000000   Number         0  cdrcmple.o ABSOLUTE
    dc.s                                     0x00000000   Number         0  dc.o ABSOLUTE
    handlers.s                               0x00000000   Number         0  handlers.o ABSOLUTE
    init.s                                   0x00000000   Number         0  init.o ABSOLUTE
    startup_stm32f103xe.s                    0x00000000   Number         0  startup_stm32f103xe.o ABSOLUTE
    RESET                                    0x08000000   Section      304  startup_stm32f103xe.o(RESET)
    .ARM.Collect$$$$00000000                 0x08000130   Section        0  entry.o(.ARM.Collect$$$$00000000)
    .ARM.Collect$$$$00000001                 0x08000130   Section        4  entry2.o(.ARM.Collect$$$$00000001)
    .ARM.Collect$$$$00000004                 0x08000134   Section        4  entry5.o(.ARM.Collect$$$$00000004)
    .ARM.Collect$$$$00000008                 0x08000138   Section        0  entry7b.o(.ARM.Collect$$$$00000008)
    .ARM.Collect$$$$0000000A                 0x08000138   Section        0  entry8b.o(.ARM.Collect$$$$0000000A)
    .ARM.Collect$$$$0000000B                 0x08000138   Section        8  entry9a.o(.ARM.Collect$$$$0000000B)
    .ARM.Collect$$$$0000000D                 0x08000140   Section        0  entry10a.o(.ARM.Collect$$$$0000000D)
    .ARM.Collect$$$$0000000F                 0x08000140   Section        0  entry11a.o(.ARM.Collect$$$$0000000F)
    .ARM.Collect$$$$00002712                 0x08000140   Section        4  entry2.o(.ARM.Collect$$$$00002712)
    __lit__00000000                          0x08000140   Data           4  entry2.o(.ARM.Collect$$$$00002712)
    .text                                    0x08000144   Section       36  startup_stm32f103xe.o(.text)
    .text                                    0x08000168   Section        0  llushr.o(.text)
    .text                                    0x08000188   Section        0  dmul.o(.text)
    .text                                    0x0800026c   Section        0  dscalb.o(.text)
    .text                                    0x0800029a   Section        0  dfltui.o(.text)
    .text                                    0x080002b4   Section        0  ffixui.o(.text)
    .text                                    0x080002dc   Section        0  d2f.o(.text)
    .text                                    0x08000314   Section        0  uldiv.o(.text)
    .text                                    0x08000376   Section        0  fepilogue.o(.text)
    .text                                    0x08000376   Section        0  iusefp.o(.text)
    .text                                    0x080003e4   Section        0  depilogue.o(.text)
    .text                                    0x080004a0   Section       36  init.o(.text)
    .text                                    0x080004c4   Section        0  llshl.o(.text)
    i.ADC1_2_IRQHandler                      0x080004e4   Section        0  stm32f1xx_it.o(i.ADC1_2_IRQHandler)
    i.ADC_ConversionStop_Disable             0x080004f0   Section        0  stm32f1xx_hal_adc.o(i.ADC_ConversionStop_Disable)
    i.ADC_Enable                             0x0800053c   Section        0  stm32f1xx_hal_adc.o(i.ADC_Enable)
    i.Board_Gimbal_Cmd_Trans_Process         0x080005ac   Section        0  board_gimbal_cmd_process.o(i.Board_Gimbal_Cmd_Trans_Process)
    i.BusFault_Handler                       0x080005ae   Section        0  stm32f1xx_it.o(i.BusFault_Handler)
    i.DMA1_Channel2_IRQHandler               0x080005b0   Section        0  stm32f1xx_it.o(i.DMA1_Channel2_IRQHandler)
    i.DMA1_Channel3_IRQHandler               0x080005bc   Section        0  stm32f1xx_it.o(i.DMA1_Channel3_IRQHandler)
    i.DMA1_Channel4_IRQHandler               0x080005c8   Section        0  stm32f1xx_it.o(i.DMA1_Channel4_IRQHandler)
    i.DMA1_Channel5_IRQHandler               0x080005d4   Section        0  stm32f1xx_it.o(i.DMA1_Channel5_IRQHandler)
    i.DMA1_Channel6_IRQHandler               0x080005e0   Section        0  stm32f1xx_it.o(i.DMA1_Channel6_IRQHandler)
    i.DMA1_Channel7_IRQHandler               0x080005ec   Section        0  stm32f1xx_it.o(i.DMA1_Channel7_IRQHandler)
    i.DebugMon_Handler                       0x080005f8   Section        0  stm32f1xx_it.o(i.DebugMon_Handler)
    i.Get_Adc                                0x080005fc   Section        0  my_adc.o(i.Get_Adc)
    i.Get_Adc_Average                        0x0800062c   Section        0  my_adc.o(i.Get_Adc_Average)
    i.HAL_ADCEx_Calibration_Start            0x08000650   Section        0  stm32f1xx_hal_adc_ex.o(i.HAL_ADCEx_Calibration_Start)
    i.HAL_ADCEx_InjectedConvCpltCallback     0x08000718   Section        0  stm32f1xx_hal_adc_ex.o(i.HAL_ADCEx_InjectedConvCpltCallback)
    i.HAL_ADC_ConfigChannel                  0x0800071c   Section        0  stm32f1xx_hal_adc.o(i.HAL_ADC_ConfigChannel)
    i.HAL_ADC_ConvCpltCallback               0x08000884   Section        0  stm32f1xx_hal_adc.o(i.HAL_ADC_ConvCpltCallback)
    i.HAL_ADC_GetState                       0x08000886   Section        0  stm32f1xx_hal_adc.o(i.HAL_ADC_GetState)
    i.HAL_ADC_GetValue                       0x0800088a   Section        0  stm32f1xx_hal_adc.o(i.HAL_ADC_GetValue)
    i.HAL_ADC_IRQHandler                     0x08000890   Section        0  stm32f1xx_hal_adc.o(i.HAL_ADC_IRQHandler)
    i.HAL_ADC_Init                           0x08000978   Section        0  stm32f1xx_hal_adc.o(i.HAL_ADC_Init)
    i.HAL_ADC_LevelOutOfWindowCallback       0x08000ac0   Section        0  stm32f1xx_hal_adc.o(i.HAL_ADC_LevelOutOfWindowCallback)
    i.HAL_ADC_MspInit                        0x08000ac4   Section        0  adc.o(i.HAL_ADC_MspInit)
    i.HAL_ADC_PollForConversion              0x08000b14   Section        0  stm32f1xx_hal_adc.o(i.HAL_ADC_PollForConversion)
    i.HAL_ADC_Start                          0x08000c44   Section        0  stm32f1xx_hal_adc.o(i.HAL_ADC_Start)
    i.HAL_DMA_IRQHandler                     0x08000d04   Section        0  stm32f1xx_hal_dma.o(i.HAL_DMA_IRQHandler)
    i.HAL_DMA_Init                           0x080011bc   Section        0  stm32f1xx_hal_dma.o(i.HAL_DMA_Init)
    i.HAL_Delay                              0x0800120c   Section        0  stm32f1xx_hal.o(i.HAL_Delay)
    i.HAL_GPIO_Init                          0x08001224   Section        0  stm32f1xx_hal_gpio.o(i.HAL_GPIO_Init)
    i.HAL_GPIO_WritePin                      0x0800140c   Section        0  stm32f1xx_hal_gpio.o(i.HAL_GPIO_WritePin)
    i.HAL_GetTick                            0x08001418   Section        0  stm32f1xx_hal.o(i.HAL_GetTick)
    i.HAL_IncTick                            0x08001424   Section        0  stm32f1xx_hal.o(i.HAL_IncTick)
    i.HAL_Init                               0x08001434   Section        0  stm32f1xx_hal.o(i.HAL_Init)
    i.HAL_InitTick                           0x08001458   Section        0  stm32f1xx_hal.o(i.HAL_InitTick)
    i.HAL_MspInit                            0x0800147c   Section        0  stm32f1xx_hal_msp.o(i.HAL_MspInit)
    i.HAL_NVIC_EnableIRQ                     0x080014fc   Section        0  stm32f1xx_hal_cortex.o(i.HAL_NVIC_EnableIRQ)
    i.HAL_NVIC_SetPriority                   0x08001514   Section        0  stm32f1xx_hal_cortex.o(i.HAL_NVIC_SetPriority)
    i.HAL_NVIC_SetPriorityGrouping           0x08001554   Section        0  stm32f1xx_hal_cortex.o(i.HAL_NVIC_SetPriorityGrouping)
    i.HAL_RCCEx_GetPeriphCLKFreq             0x08001578   Section        0  stm32f1xx_hal_rcc_ex.o(i.HAL_RCCEx_GetPeriphCLKFreq)
    i.HAL_RCCEx_PeriphCLKConfig              0x08001678   Section        0  stm32f1xx_hal_rcc_ex.o(i.HAL_RCCEx_PeriphCLKConfig)
    i.HAL_RCC_ClockConfig                    0x080017a4   Section        0  stm32f1xx_hal_rcc.o(i.HAL_RCC_ClockConfig)
    i.HAL_RCC_GetHCLKFreq                    0x0800192c   Section        0  stm32f1xx_hal_rcc.o(i.HAL_RCC_GetHCLKFreq)
    i.HAL_RCC_GetPCLK1Freq                   0x08001938   Section        0  stm32f1xx_hal_rcc.o(i.HAL_RCC_GetPCLK1Freq)
    i.HAL_RCC_GetPCLK2Freq                   0x08001968   Section        0  stm32f1xx_hal_rcc.o(i.HAL_RCC_GetPCLK2Freq)
    i.HAL_RCC_GetSysClockFreq                0x08001998   Section        0  stm32f1xx_hal_rcc.o(i.HAL_RCC_GetSysClockFreq)
    i.HAL_RCC_OscConfig                      0x08001a20   Section        0  stm32f1xx_hal_rcc.o(i.HAL_RCC_OscConfig)
    i.HAL_SYSTICK_CLKSourceConfig            0x08001f9e   Section        0  stm32f1xx_hal_cortex.o(i.HAL_SYSTICK_CLKSourceConfig)
    i.HAL_SYSTICK_Callback                   0x08001fb6   Section        0  stm32f1xx_hal_cortex.o(i.HAL_SYSTICK_Callback)
    i.HAL_SYSTICK_Config                     0x08001fb8   Section        0  stm32f1xx_hal_cortex.o(i.HAL_SYSTICK_Config)
    i.HAL_SYSTICK_IRQHandler                 0x08001fe0   Section        0  stm32f1xx_hal_cortex.o(i.HAL_SYSTICK_IRQHandler)
    i.HAL_TIMEx_BreakCallback                0x08001fe8   Section        0  stm32f1xx_hal_tim_ex.o(i.HAL_TIMEx_BreakCallback)
    i.HAL_TIMEx_CommutationCallback          0x08001fea   Section        0  stm32f1xx_hal_tim_ex.o(i.HAL_TIMEx_CommutationCallback)
    i.HAL_TIMEx_ConfigBreakDeadTime          0x08001fec   Section        0  stm32f1xx_hal_tim_ex.o(i.HAL_TIMEx_ConfigBreakDeadTime)
    i.HAL_TIMEx_MasterConfigSynchronization  0x0800202e   Section        0  stm32f1xx_hal_tim_ex.o(i.HAL_TIMEx_MasterConfigSynchronization)
    i.HAL_TIM_Base_Init                      0x0800207e   Section        0  stm32f1xx_hal_tim.o(i.HAL_TIM_Base_Init)
    i.HAL_TIM_Base_MspInit                   0x080020b4   Section        0  tim.o(i.HAL_TIM_Base_MspInit)
    i.HAL_TIM_Base_Start                     0x080020f0   Section        0  stm32f1xx_hal_tim.o(i.HAL_TIM_Base_Start)
    i.HAL_TIM_Base_Start_IT                  0x0800210a   Section        0  stm32f1xx_hal_tim.o(i.HAL_TIM_Base_Start_IT)
    i.HAL_TIM_ConfigClockSource              0x08002122   Section        0  stm32f1xx_hal_tim.o(i.HAL_TIM_ConfigClockSource)
    i.HAL_TIM_IC_CaptureCallback             0x08002214   Section        0  my_pwm_input.o(i.HAL_TIM_IC_CaptureCallback)
    i.HAL_TIM_IC_ConfigChannel               0x08002288   Section        0  stm32f1xx_hal_tim.o(i.HAL_TIM_IC_ConfigChannel)
    i.HAL_TIM_IC_Init                        0x080023a6   Section        0  stm32f1xx_hal_tim.o(i.HAL_TIM_IC_Init)
    i.HAL_TIM_IC_MspInit                     0x080023dc   Section        0  tim.o(i.HAL_TIM_IC_MspInit)
    i.HAL_TIM_IC_Start_IT                    0x0800242c   Section        0  stm32f1xx_hal_tim.o(i.HAL_TIM_IC_Start_IT)
    i.HAL_TIM_IRQHandler                     0x08002478   Section        0  stm32f1xx_hal_tim.o(i.HAL_TIM_IRQHandler)
    i.HAL_TIM_MspPostInit                    0x080025e0   Section        0  tim.o(i.HAL_TIM_MspPostInit)
    i.HAL_TIM_OC_DelayElapsedCallback        0x08002608   Section        0  stm32f1xx_hal_tim.o(i.HAL_TIM_OC_DelayElapsedCallback)
    i.HAL_TIM_PWM_ConfigChannel              0x0800260a   Section        0  stm32f1xx_hal_tim.o(i.HAL_TIM_PWM_ConfigChannel)
    i.HAL_TIM_PWM_Init                       0x080026da   Section        0  stm32f1xx_hal_tim.o(i.HAL_TIM_PWM_Init)
    i.HAL_TIM_PWM_MspInit                    0x08002710   Section        0  tim.o(i.HAL_TIM_PWM_MspInit)
    i.HAL_TIM_PWM_PulseFinishedCallback      0x08002738   Section        0  stm32f1xx_hal_tim.o(i.HAL_TIM_PWM_PulseFinishedCallback)
    i.HAL_TIM_PWM_Start                      0x0800273c   Section        0  stm32f1xx_hal_tim.o(i.HAL_TIM_PWM_Start)
    i.HAL_TIM_PeriodElapsedCallback          0x08002774   Section        0  system_control.o(i.HAL_TIM_PeriodElapsedCallback)
    i.HAL_TIM_ReadCapturedValue              0x080027a8   Section        0  stm32f1xx_hal_tim.o(i.HAL_TIM_ReadCapturedValue)
    i.HAL_TIM_TriggerCallback                0x080027ec   Section        0  stm32f1xx_hal_tim.o(i.HAL_TIM_TriggerCallback)
    i.HAL_UART_ErrorCallback                 0x080027ee   Section        0  stm32f1xx_hal_uart.o(i.HAL_UART_ErrorCallback)
    i.HAL_UART_IRQHandler                    0x080027f0   Section        0  stm32f1xx_hal_uart.o(i.HAL_UART_IRQHandler)
    i.HAL_UART_Init                          0x080028ca   Section        0  stm32f1xx_hal_uart.o(i.HAL_UART_Init)
    i.HAL_UART_MspInit                       0x08002928   Section        0  usart.o(i.HAL_UART_MspInit)
    i.HAL_UART_RxCpltCallback                0x08002b98   Section        0  stm32f1xx_hal_uart.o(i.HAL_UART_RxCpltCallback)
    i.HAL_UART_Transmit                      0x08002b9c   Section        0  stm32f1xx_hal_uart.o(i.HAL_UART_Transmit)
    i.HAL_UART_TxCpltCallback                0x08002c68   Section        0  stm32f1xx_hal_uart.o(i.HAL_UART_TxCpltCallback)
    i.HardFault_Handler                      0x08002c6a   Section        0  stm32f1xx_it.o(i.HardFault_Handler)
    i.MX_ADC1_Init                           0x08002c6c   Section        0  adc.o(i.MX_ADC1_Init)
    i.MX_DMA_Init                            0x08002ccc   Section        0  dma.o(i.MX_DMA_Init)
    i.MX_GPIO_Init                           0x08002d48   Section        0  gpio.o(i.MX_GPIO_Init)
    i.MX_TIM1_Init                           0x08002dbc   Section        0  tim.o(i.MX_TIM1_Init)
    i.MX_TIM2_Init                           0x08002e68   Section        0  tim.o(i.MX_TIM2_Init)
    i.MX_TIM3_Init                           0x08002ee0   Section        0  tim.o(i.MX_TIM3_Init)
    i.MX_TIM4_Init                           0x08002f5c   Section        0  tim.o(i.MX_TIM4_Init)
    i.MX_USART1_UART_Init                    0x08002fd4   Section        0  usart.o(i.MX_USART1_UART_Init)
    i.MX_USART2_UART_Init                    0x08003020   Section        0  usart.o(i.MX_USART2_UART_Init)
    i.MX_USART3_UART_Init                    0x0800306c   Section        0  usart.o(i.MX_USART3_UART_Init)
    i.MemManage_Handler                      0x080030b8   Section        0  stm32f1xx_it.o(i.MemManage_Handler)
    i.NMI_Handler                            0x080030ba   Section        0  stm32f1xx_it.o(i.NMI_Handler)
    i.NVIC_SetPriority                       0x080030bc   Section        0  stm32f1xx_hal_cortex.o(i.NVIC_SetPriority)
    NVIC_SetPriority                         0x080030bd   Thumb Code    32  stm32f1xx_hal_cortex.o(i.NVIC_SetPriority)
    i.Pack_And_Send_Cmd                      0x080030dc   Section        0  process.o(i.Pack_And_Send_Cmd)
    i.PendSV_Handler                         0x08003170   Section        0  stm32f1xx_it.o(i.PendSV_Handler)
    i.Reset_User_Timer                       0x08003172   Section        0  stm32_bsp_timer.o(i.Reset_User_Timer)
    i.SVC_Handler                            0x0800319c   Section        0  stm32f1xx_it.o(i.SVC_Handler)
    i.Start_ADC_Conv_Period                  0x080031a0   Section        0  my_adc.o(i.Start_ADC_Conv_Period)
    i.Start_User_Timer                       0x080031e0   Section        0  stm32_bsp_timer.o(i.Start_User_Timer)
    i.Statr_Microsecond_Timer                0x0800320c   Section        0  stm32_bsp_timer.o(i.Statr_Microsecond_Timer)
    i.Stop_User_Timer                        0x08003218   Section        0  stm32_bsp_timer.o(i.Stop_User_Timer)
    i.SysTick_Handler                        0x08003240   Section        0  stm32f1xx_it.o(i.SysTick_Handler)
    i.SystemClock_Config                     0x0800324e   Section        0  main.o(i.SystemClock_Config)
    i.SystemInit                             0x080032c8   Section        0  system_stm32f1xx.o(i.SystemInit)
    i.System_Init                            0x08003310   Section        0  system_control.o(i.System_Init)
    i.System_Run                             0x0800337c   Section        0  system_control.o(i.System_Run)
    i.TIM3_IRQHandler                        0x080033cc   Section        0  stm32f1xx_it.o(i.TIM3_IRQHandler)
    i.TIM4_IRQHandler                        0x080033d8   Section        0  stm32f1xx_it.o(i.TIM4_IRQHandler)
    i.TIM_Base_SetConfig                     0x080033e4   Section        0  stm32f1xx_hal_tim.o(i.TIM_Base_SetConfig)
    i.TIM_CCxChannelCmd                      0x08003468   Section        0  stm32f1xx_hal_tim.o(i.TIM_CCxChannelCmd)
    i.TIM_ETR_SetConfig                      0x0800347e   Section        0  stm32f1xx_hal_tim.o(i.TIM_ETR_SetConfig)
    TIM_ETR_SetConfig                        0x0800347f   Thumb Code    20  stm32f1xx_hal_tim.o(i.TIM_ETR_SetConfig)
    i.TIM_ITRx_SetConfig                     0x08003492   Section        0  stm32f1xx_hal_tim.o(i.TIM_ITRx_SetConfig)
    TIM_ITRx_SetConfig                       0x08003493   Thumb Code    16  stm32f1xx_hal_tim.o(i.TIM_ITRx_SetConfig)
    i.TIM_OC1_SetConfig                      0x080034a4   Section        0  stm32f1xx_hal_tim.o(i.TIM_OC1_SetConfig)
    TIM_OC1_SetConfig                        0x080034a5   Thumb Code    88  stm32f1xx_hal_tim.o(i.TIM_OC1_SetConfig)
    i.TIM_OC2_SetConfig                      0x08003504   Section        0  stm32f1xx_hal_tim.o(i.TIM_OC2_SetConfig)
    i.TIM_OC3_SetConfig                      0x08003570   Section        0  stm32f1xx_hal_tim.o(i.TIM_OC3_SetConfig)
    TIM_OC3_SetConfig                        0x08003571   Thumb Code    96  stm32f1xx_hal_tim.o(i.TIM_OC3_SetConfig)
    i.TIM_OC4_SetConfig                      0x080035d8   Section        0  stm32f1xx_hal_tim.o(i.TIM_OC4_SetConfig)
    TIM_OC4_SetConfig                        0x080035d9   Thumb Code    70  stm32f1xx_hal_tim.o(i.TIM_OC4_SetConfig)
    i.TIM_TI1_ConfigInputStage               0x08003628   Section        0  stm32f1xx_hal_tim.o(i.TIM_TI1_ConfigInputStage)
    TIM_TI1_ConfigInputStage                 0x08003629   Thumb Code    34  stm32f1xx_hal_tim.o(i.TIM_TI1_ConfigInputStage)
    i.TIM_TI1_SetConfig                      0x0800364c   Section        0  stm32f1xx_hal_tim.o(i.TIM_TI1_SetConfig)
    i.TIM_TI2_ConfigInputStage               0x080036b8   Section        0  stm32f1xx_hal_tim.o(i.TIM_TI2_ConfigInputStage)
    TIM_TI2_ConfigInputStage                 0x080036b9   Thumb Code    36  stm32f1xx_hal_tim.o(i.TIM_TI2_ConfigInputStage)
    i.TIM_TI2_SetConfig                      0x080036dc   Section        0  stm32f1xx_hal_tim.o(i.TIM_TI2_SetConfig)
    TIM_TI2_SetConfig                        0x080036dd   Thumb Code    54  stm32f1xx_hal_tim.o(i.TIM_TI2_SetConfig)
    i.Task_Anasyse_Protocol                  0x08003714   Section        0  process.o(i.Task_Anasyse_Protocol)
    i.UART_DelChar                           0x08003b24   Section        0  stm32_bsp_uart.o(i.UART_DelChar)
    i.UART_GetChar                           0x08003b6a   Section        0  stm32_bsp_uart.o(i.UART_GetChar)
    i.UART_PutChar                           0x08003ba8   Section        0  stm32_bsp_uart.o(i.UART_PutChar)
    i.UART_ReadChar                          0x08003bfc   Section        0  stm32_bsp_uart.o(i.UART_ReadChar)
    i.UART_Receive_IT                        0x08003c1c   Section        0  stm32f1xx_hal_uart.o(i.UART_Receive_IT)
    UART_Receive_IT                          0x08003c1d   Thumb Code   168  stm32f1xx_hal_uart.o(i.UART_Receive_IT)
    i.UART_Rx_ISR                            0x08003cc4   Section        0  stm32_bsp_uart.o(i.UART_Rx_ISR)
    i.UART_SetConfig                         0x08003d10   Section        0  stm32f1xx_hal_uart.o(i.UART_SetConfig)
    UART_SetConfig                           0x08003d11   Thumb Code   364  stm32f1xx_hal_uart.o(i.UART_SetConfig)
    i.UART_Transmit_IT                       0x08003e80   Section        0  stm32f1xx_hal_uart.o(i.UART_Transmit_IT)
    UART_Transmit_IT                         0x08003e81   Thumb Code   102  stm32f1xx_hal_uart.o(i.UART_Transmit_IT)
    i.UART_TxRx_ISR                          0x08003ee6   Section        0  stm32_bsp_uart.o(i.UART_TxRx_ISR)
    i.UART_Tx_ISR                            0x08003f60   Section        0  stm32_bsp_uart.o(i.UART_Tx_ISR)
    i.UART_WaitOnFlagUntilTimeout            0x08003fb0   Section        0  stm32f1xx_hal_uart.o(i.UART_WaitOnFlagUntilTimeout)
    UART_WaitOnFlagUntilTimeout              0x08003fb1   Thumb Code   146  stm32f1xx_hal_uart.o(i.UART_WaitOnFlagUntilTimeout)
    i.USART1_IRQHandler                      0x08004044   Section        0  stm32f1xx_it.o(i.USART1_IRQHandler)
    i.USART2_IRQHandler                      0x08004050   Section        0  stm32f1xx_it.o(i.USART2_IRQHandler)
    i.USART3_IRQHandler                      0x0800405c   Section        0  stm32f1xx_it.o(i.USART3_IRQHandler)
    i.Update_User_Timer_Cnt                  0x08004080   Section        0  stm32_bsp_timer.o(i.Update_User_Timer_Cnt)
    i.UsageFault_Handler                     0x080040c0   Section        0  stm32f1xx_it.o(i.UsageFault_Handler)
    i._Error_Handler                         0x080040c2   Section        0  main.o(i._Error_Handler)
    i.__0printf$5                            0x080040c4   Section        0  printf5.o(i.__0printf$5)
    i.__scatterload_copy                     0x080040e4   Section       14  handlers.o(i.__scatterload_copy)
    i.__scatterload_null                     0x080040f2   Section        2  handlers.o(i.__scatterload_null)
    i.__scatterload_zeroinit                 0x080040f4   Section       14  handlers.o(i.__scatterload_zeroinit)
    i._printf_core                           0x08004104   Section        0  printf5.o(i._printf_core)
    _printf_core                             0x08004105   Thumb Code   658  printf5.o(i._printf_core)
    i.fputc                                  0x080043c4   Section        0  usart.o(i.fputc)
    i.main                                   0x080043dc   Section        0  main.o(i.main)
    .constdata                               0x08004418   Section       16  system_stm32f1xx.o(.constdata)
    .constdata                               0x08004428   Section        8  system_stm32f1xx.o(.constdata)
    .conststring                             0x08004430   Section       90  system_control.o(.conststring)
    .data                                    0x20000000   Section        4  stm32f1xx_hal.o(.data)
    uwTick                                   0x20000000   Data           4  stm32f1xx_hal.o(.data)
    .data                                    0x20000004   Section        4  system_stm32f1xx.o(.data)
    .data                                    0x20000008   Section        8  my_adc.o(.data)
    .data                                    0x20000010   Section       22  my_pwm_input.o(.data)
    .data                                    0x20000026   Section       19  system_control.o(.data)
    .data                                    0x2000003c   Section       20  stm32_bsp_uart.o(.data)
    .data                                    0x20000050   Section       20  stm32_bsp_uart.o(.data)
    .data                                    0x20000064   Section        4  stdout.o(.data)
    .bss                                     0x20000068   Section      240  tim.o(.bss)
    .bss                                     0x20000158   Section       48  adc.o(.bss)
    .bss                                     0x20000188   Section      528  usart.o(.bss)
    .bss                                     0x20000398   Section       34  system_control.o(.bss)
    Pack_And_Send_timer                      0x20000398   Data          24  system_control.o(.bss)
    .bss                                     0x200003ba   Section       25  system_control.o(.bss)
    .bss                                     0x200003d4   Section       24  stm32_bsp_uart.o(.bss)
    .bss                                     0x200003ec   Section       24  stm32_bsp_uart.o(.bss)
    .bss                                     0x20000404   Section       30  stm32_bsp_uart.o(.bss)
    .bss                                     0x20000422   Section       30  stm32_bsp_uart.o(.bss)
    STACK                                    0x20000440   Section     1024  startup_stm32f103xe.o(STACK)

    Global Symbols

    Symbol Name                              Value     Ov Type        Size  Object(Section)

    BuildAttributes$$THM_ISAv4$P$D$K$B$S$PE$A:L22UL41UL21$X:L11$S22US41US21$IEEE1$IW$USESV6$~STKCKD$USESV7$~SHL$OTIME$ROPI$EBA8$MICROLIB$REQ8$PRES8$EABIv2 0x00000000   Number         0  anon$$obj.o ABSOLUTE
    __ARM_use_no_argv                        0x00000000   Number         0  main.o ABSOLUTE
    _printf_a                                0x00000000   Number         0  stubs.o ABSOLUTE
    _printf_c                                0x00000000   Number         0  stubs.o ABSOLUTE
    _printf_charcount                        0x00000000   Number         0  stubs.o ABSOLUTE
    _printf_d                                0x00000000   Number         0  stubs.o ABSOLUTE
    _printf_e                                0x00000000   Number         0  stubs.o ABSOLUTE
    _printf_f                                0x00000000   Number         0  stubs.o ABSOLUTE
    _printf_flags                            0x00000000   Number         0  stubs.o ABSOLUTE
    _printf_fp_dec                           0x00000000   Number         0  stubs.o ABSOLUTE
    _printf_fp_hex                           0x00000000   Number         0  stubs.o ABSOLUTE
    _printf_g                                0x00000000   Number         0  stubs.o ABSOLUTE
    _printf_i                                0x00000000   Number         0  stubs.o ABSOLUTE
    _printf_int_dec                          0x00000000   Number         0  stubs.o ABSOLUTE
    _printf_l                                0x00000000   Number         0  stubs.o ABSOLUTE
    _printf_lc                               0x00000000   Number         0  stubs.o ABSOLUTE
    _printf_ll                               0x00000000   Number         0  stubs.o ABSOLUTE
    _printf_lld                              0x00000000   Number         0  stubs.o ABSOLUTE
    _printf_lli                              0x00000000   Number         0  stubs.o ABSOLUTE
    _printf_llo                              0x00000000   Number         0  stubs.o ABSOLUTE
    _printf_llu                              0x00000000   Number         0  stubs.o ABSOLUTE
    _printf_llx                              0x00000000   Number         0  stubs.o ABSOLUTE
    _printf_longlong_dec                     0x00000000   Number         0  stubs.o ABSOLUTE
    _printf_longlong_hex                     0x00000000   Number         0  stubs.o ABSOLUTE
    _printf_longlong_oct                     0x00000000   Number         0  stubs.o ABSOLUTE
    _printf_ls                               0x00000000   Number         0  stubs.o ABSOLUTE
    _printf_mbtowc                           0x00000000   Number         0  stubs.o ABSOLUTE
    _printf_n                                0x00000000   Number         0  stubs.o ABSOLUTE
    _printf_o                                0x00000000   Number         0  stubs.o ABSOLUTE
    _printf_p                                0x00000000   Number         0  stubs.o ABSOLUTE
    _printf_percent                          0x00000000   Number         0  stubs.o ABSOLUTE
    _printf_pre_padding                      0x00000000   Number         0  stubs.o ABSOLUTE
    _printf_return_value                     0x00000000   Number         0  stubs.o ABSOLUTE
    _printf_s                                0x00000000   Number         0  stubs.o ABSOLUTE
    _printf_sizespec                         0x00000000   Number         0  stubs.o ABSOLUTE
    _printf_str                              0x00000000   Number         0  stubs.o ABSOLUTE
    _printf_truncate_signed                  0x00000000   Number         0  stubs.o ABSOLUTE
    _printf_truncate_unsigned                0x00000000   Number         0  stubs.o ABSOLUTE
    _printf_u                                0x00000000   Number         0  stubs.o ABSOLUTE
    _printf_wc                               0x00000000   Number         0  stubs.o ABSOLUTE
    _printf_wctomb                           0x00000000   Number         0  stubs.o ABSOLUTE
    _printf_widthprec                        0x00000000   Number         0  stubs.o ABSOLUTE
    _printf_x                                0x00000000   Number         0  stubs.o ABSOLUTE
    __cpp_initialize__aeabi_                  - Undefined Weak Reference
    __cxa_finalize                            - Undefined Weak Reference
    __decompress                              - Undefined Weak Reference
    _clock_init                               - Undefined Weak Reference
    _microlib_exit                            - Undefined Weak Reference
    __Vectors_Size                           0x00000130   Number         0  startup_stm32f103xe.o ABSOLUTE
    __Vectors                                0x08000000   Data           4  startup_stm32f103xe.o(RESET)
    __Vectors_End                            0x08000130   Data           0  startup_stm32f103xe.o(RESET)
    __main                                   0x08000131   Thumb Code     0  entry.o(.ARM.Collect$$$$00000000)
    _main_stk                                0x08000131   Thumb Code     0  entry2.o(.ARM.Collect$$$$00000001)
    _main_scatterload                        0x08000135   Thumb Code     0  entry5.o(.ARM.Collect$$$$00000004)
    __main_after_scatterload                 0x08000139   Thumb Code     0  entry5.o(.ARM.Collect$$$$00000004)
    _main_clock                              0x08000139   Thumb Code     0  entry7b.o(.ARM.Collect$$$$00000008)
    _main_cpp_init                           0x08000139   Thumb Code     0  entry8b.o(.ARM.Collect$$$$0000000A)
    _main_init                               0x08000139   Thumb Code     0  entry9a.o(.ARM.Collect$$$$0000000B)
    __rt_final_cpp                           0x08000141   Thumb Code     0  entry10a.o(.ARM.Collect$$$$0000000D)
    __rt_final_exit                          0x08000141   Thumb Code     0  entry11a.o(.ARM.Collect$$$$0000000F)
    Reset_Handler                            0x08000145   Thumb Code     8  startup_stm32f103xe.o(.text)
    ADC3_IRQHandler                          0x0800015f   Thumb Code     0  startup_stm32f103xe.o(.text)
    CAN1_RX1_IRQHandler                      0x0800015f   Thumb Code     0  startup_stm32f103xe.o(.text)
    CAN1_SCE_IRQHandler                      0x0800015f   Thumb Code     0  startup_stm32f103xe.o(.text)
    DMA1_Channel1_IRQHandler                 0x0800015f   Thumb Code     0  startup_stm32f103xe.o(.text)
    DMA2_Channel1_IRQHandler                 0x0800015f   Thumb Code     0  startup_stm32f103xe.o(.text)
    DMA2_Channel2_IRQHandler                 0x0800015f   Thumb Code     0  startup_stm32f103xe.o(.text)
    DMA2_Channel3_IRQHandler                 0x0800015f   Thumb Code     0  startup_stm32f103xe.o(.text)
    DMA2_Channel4_5_IRQHandler               0x0800015f   Thumb Code     0  startup_stm32f103xe.o(.text)
    EXTI0_IRQHandler                         0x0800015f   Thumb Code     0  startup_stm32f103xe.o(.text)
    EXTI15_10_IRQHandler                     0x0800015f   Thumb Code     0  startup_stm32f103xe.o(.text)
    EXTI1_IRQHandler                         0x0800015f   Thumb Code     0  startup_stm32f103xe.o(.text)
    EXTI2_IRQHandler                         0x0800015f   Thumb Code     0  startup_stm32f103xe.o(.text)
    EXTI3_IRQHandler                         0x0800015f   Thumb Code     0  startup_stm32f103xe.o(.text)
    EXTI4_IRQHandler                         0x0800015f   Thumb Code     0  startup_stm32f103xe.o(.text)
    EXTI9_5_IRQHandler                       0x0800015f   Thumb Code     0  startup_stm32f103xe.o(.text)
    FLASH_IRQHandler                         0x0800015f   Thumb Code     0  startup_stm32f103xe.o(.text)
    FSMC_IRQHandler                          0x0800015f   Thumb Code     0  startup_stm32f103xe.o(.text)
    I2C1_ER_IRQHandler                       0x0800015f   Thumb Code     0  startup_stm32f103xe.o(.text)
    I2C1_EV_IRQHandler                       0x0800015f   Thumb Code     0  startup_stm32f103xe.o(.text)
    I2C2_ER_IRQHandler                       0x0800015f   Thumb Code     0  startup_stm32f103xe.o(.text)
    I2C2_EV_IRQHandler                       0x0800015f   Thumb Code     0  startup_stm32f103xe.o(.text)
    PVD_IRQHandler                           0x0800015f   Thumb Code     0  startup_stm32f103xe.o(.text)
    RCC_IRQHandler                           0x0800015f   Thumb Code     0  startup_stm32f103xe.o(.text)
    RTC_Alarm_IRQHandler                     0x0800015f   Thumb Code     0  startup_stm32f103xe.o(.text)
    RTC_IRQHandler                           0x0800015f   Thumb Code     0  startup_stm32f103xe.o(.text)
    SDIO_IRQHandler                          0x0800015f   Thumb Code     0  startup_stm32f103xe.o(.text)
    SPI1_IRQHandler                          0x0800015f   Thumb Code     0  startup_stm32f103xe.o(.text)
    SPI2_IRQHandler                          0x0800015f   Thumb Code     0  startup_stm32f103xe.o(.text)
    SPI3_IRQHandler                          0x0800015f   Thumb Code     0  startup_stm32f103xe.o(.text)
    TAMPER_IRQHandler                        0x0800015f   Thumb Code     0  startup_stm32f103xe.o(.text)
    TIM1_BRK_IRQHandler                      0x0800015f   Thumb Code     0  startup_stm32f103xe.o(.text)
    TIM1_CC_IRQHandler                       0x0800015f   Thumb Code     0  startup_stm32f103xe.o(.text)
    TIM1_TRG_COM_IRQHandler                  0x0800015f   Thumb Code     0  startup_stm32f103xe.o(.text)
    TIM1_UP_IRQHandler                       0x0800015f   Thumb Code     0  startup_stm32f103xe.o(.text)
    TIM2_IRQHandler                          0x0800015f   Thumb Code     0  startup_stm32f103xe.o(.text)
    TIM5_IRQHandler                          0x0800015f   Thumb Code     0  startup_stm32f103xe.o(.text)
    TIM6_IRQHandler                          0x0800015f   Thumb Code     0  startup_stm32f103xe.o(.text)
    TIM7_IRQHandler                          0x0800015f   Thumb Code     0  startup_stm32f103xe.o(.text)
    TIM8_BRK_IRQHandler                      0x0800015f   Thumb Code     0  startup_stm32f103xe.o(.text)
    TIM8_CC_IRQHandler                       0x0800015f   Thumb Code     0  startup_stm32f103xe.o(.text)
    TIM8_TRG_COM_IRQHandler                  0x0800015f   Thumb Code     0  startup_stm32f103xe.o(.text)
    TIM8_UP_IRQHandler                       0x0800015f   Thumb Code     0  startup_stm32f103xe.o(.text)
    UART4_IRQHandler                         0x0800015f   Thumb Code     0  startup_stm32f103xe.o(.text)
    UART5_IRQHandler                         0x0800015f   Thumb Code     0  startup_stm32f103xe.o(.text)
    USBWakeUp_IRQHandler                     0x0800015f   Thumb Code     0  startup_stm32f103xe.o(.text)
    USB_HP_CAN1_TX_IRQHandler                0x0800015f   Thumb Code     0  startup_stm32f103xe.o(.text)
    USB_LP_CAN1_RX0_IRQHandler               0x0800015f   Thumb Code     0  startup_stm32f103xe.o(.text)
    WWDG_IRQHandler                          0x0800015f   Thumb Code     0  startup_stm32f103xe.o(.text)
    __aeabi_llsr                             0x08000169   Thumb Code    32  llushr.o(.text)
    _ll_ushift_r                             0x08000169   Thumb Code     0  llushr.o(.text)
    __aeabi_dmul                             0x08000189   Thumb Code   228  dmul.o(.text)
    __ARM_scalbn                             0x0800026d   Thumb Code    46  dscalb.o(.text)
    scalbn                                   0x0800026d   Thumb Code     0  dscalb.o(.text)
    __aeabi_ui2d                             0x0800029b   Thumb Code    26  dfltui.o(.text)
    __aeabi_f2uiz                            0x080002b5   Thumb Code    40  ffixui.o(.text)
    __aeabi_d2f                              0x080002dd   Thumb Code    56  d2f.o(.text)
    __aeabi_uldivmod                         0x08000315   Thumb Code    98  uldiv.o(.text)
    __I$use$fp                               0x08000377   Thumb Code     0  iusefp.o(.text)
    _float_round                             0x08000377   Thumb Code    18  fepilogue.o(.text)
    _float_epilogue                          0x08000389   Thumb Code    92  fepilogue.o(.text)
    _double_round                            0x080003e5   Thumb Code    30  depilogue.o(.text)
    _double_epilogue                         0x08000403   Thumb Code   156  depilogue.o(.text)
    __scatterload                            0x080004a1   Thumb Code    28  init.o(.text)
    __scatterload_rt2                        0x080004a1   Thumb Code     0  init.o(.text)
    __aeabi_llsl                             0x080004c5   Thumb Code    30  llshl.o(.text)
    _ll_shift_l                              0x080004c5   Thumb Code     0  llshl.o(.text)
    ADC1_2_IRQHandler                        0x080004e5   Thumb Code     6  stm32f1xx_it.o(i.ADC1_2_IRQHandler)
    ADC_ConversionStop_Disable               0x080004f1   Thumb Code    76  stm32f1xx_hal_adc.o(i.ADC_ConversionStop_Disable)
    ADC_Enable                               0x0800053d   Thumb Code   104  stm32f1xx_hal_adc.o(i.ADC_Enable)
    Board_Gimbal_Cmd_Trans_Process           0x080005ad   Thumb Code     2  board_gimbal_cmd_process.o(i.Board_Gimbal_Cmd_Trans_Process)
    BusFault_Handler                         0x080005af   Thumb Code     2  stm32f1xx_it.o(i.BusFault_Handler)
    DMA1_Channel2_IRQHandler                 0x080005b1   Thumb Code     6  stm32f1xx_it.o(i.DMA1_Channel2_IRQHandler)
    DMA1_Channel3_IRQHandler                 0x080005bd   Thumb Code     6  stm32f1xx_it.o(i.DMA1_Channel3_IRQHandler)
    DMA1_Channel4_IRQHandler                 0x080005c9   Thumb Code     6  stm32f1xx_it.o(i.DMA1_Channel4_IRQHandler)
    DMA1_Channel5_IRQHandler                 0x080005d5   Thumb Code     6  stm32f1xx_it.o(i.DMA1_Channel5_IRQHandler)
    DMA1_Channel6_IRQHandler                 0x080005e1   Thumb Code     6  stm32f1xx_it.o(i.DMA1_Channel6_IRQHandler)
    DMA1_Channel7_IRQHandler                 0x080005ed   Thumb Code     6  stm32f1xx_it.o(i.DMA1_Channel7_IRQHandler)
    DebugMon_Handler                         0x080005f9   Thumb Code     2  stm32f1xx_it.o(i.DebugMon_Handler)
    Get_Adc                                  0x080005fd   Thumb Code    40  my_adc.o(i.Get_Adc)
    Get_Adc_Average                          0x0800062d   Thumb Code    34  my_adc.o(i.Get_Adc_Average)
    HAL_ADCEx_Calibration_Start              0x08000651   Thumb Code   194  stm32f1xx_hal_adc_ex.o(i.HAL_ADCEx_Calibration_Start)
    HAL_ADCEx_InjectedConvCpltCallback       0x08000719   Thumb Code     2  stm32f1xx_hal_adc_ex.o(i.HAL_ADCEx_InjectedConvCpltCallback)
    HAL_ADC_ConfigChannel                    0x0800071d   Thumb Code   346  stm32f1xx_hal_adc.o(i.HAL_ADC_ConfigChannel)
    HAL_ADC_ConvCpltCallback                 0x08000885   Thumb Code     2  stm32f1xx_hal_adc.o(i.HAL_ADC_ConvCpltCallback)
    HAL_ADC_GetState                         0x08000887   Thumb Code     4  stm32f1xx_hal_adc.o(i.HAL_ADC_GetState)
    HAL_ADC_GetValue                         0x0800088b   Thumb Code     6  stm32f1xx_hal_adc.o(i.HAL_ADC_GetValue)
    HAL_ADC_IRQHandler                       0x08000891   Thumb Code   230  stm32f1xx_hal_adc.o(i.HAL_ADC_IRQHandler)
    HAL_ADC_Init                             0x08000979   Thumb Code   316  stm32f1xx_hal_adc.o(i.HAL_ADC_Init)
    HAL_ADC_LevelOutOfWindowCallback         0x08000ac1   Thumb Code     2  stm32f1xx_hal_adc.o(i.HAL_ADC_LevelOutOfWindowCallback)
    HAL_ADC_MspInit                          0x08000ac5   Thumb Code    66  adc.o(i.HAL_ADC_MspInit)
    HAL_ADC_PollForConversion                0x08000b15   Thumb Code   290  stm32f1xx_hal_adc.o(i.HAL_ADC_PollForConversion)
    HAL_ADC_Start                            0x08000c45   Thumb Code   184  stm32f1xx_hal_adc.o(i.HAL_ADC_Start)
    HAL_DMA_IRQHandler                       0x08000d05   Thumb Code  1198  stm32f1xx_hal_dma.o(i.HAL_DMA_IRQHandler)
    HAL_DMA_Init                             0x080011bd   Thumb Code    80  stm32f1xx_hal_dma.o(i.HAL_DMA_Init)
    HAL_Delay                                0x0800120d   Thumb Code    22  stm32f1xx_hal.o(i.HAL_Delay)
    HAL_GPIO_Init                            0x08001225   Thumb Code   446  stm32f1xx_hal_gpio.o(i.HAL_GPIO_Init)
    HAL_GPIO_WritePin                        0x0800140d   Thumb Code    10  stm32f1xx_hal_gpio.o(i.HAL_GPIO_WritePin)
    HAL_GetTick                              0x08001419   Thumb Code     6  stm32f1xx_hal.o(i.HAL_GetTick)
    HAL_IncTick                              0x08001425   Thumb Code    10  stm32f1xx_hal.o(i.HAL_IncTick)
    HAL_Init                                 0x08001435   Thumb Code    32  stm32f1xx_hal.o(i.HAL_Init)
    HAL_InitTick                             0x08001459   Thumb Code    34  stm32f1xx_hal.o(i.HAL_InitTick)
    HAL_MspInit                              0x0800147d   Thumb Code   118  stm32f1xx_hal_msp.o(i.HAL_MspInit)
    HAL_NVIC_EnableIRQ                       0x080014fd   Thumb Code    22  stm32f1xx_hal_cortex.o(i.HAL_NVIC_EnableIRQ)
    HAL_NVIC_SetPriority                     0x08001515   Thumb Code    60  stm32f1xx_hal_cortex.o(i.HAL_NVIC_SetPriority)
    HAL_NVIC_SetPriorityGrouping             0x08001555   Thumb Code    26  stm32f1xx_hal_cortex.o(i.HAL_NVIC_SetPriorityGrouping)
    HAL_RCCEx_GetPeriphCLKFreq               0x08001579   Thumb Code   222  stm32f1xx_hal_rcc_ex.o(i.HAL_RCCEx_GetPeriphCLKFreq)
    HAL_RCCEx_PeriphCLKConfig                0x08001679   Thumb Code   288  stm32f1xx_hal_rcc_ex.o(i.HAL_RCCEx_PeriphCLKConfig)
    HAL_RCC_ClockConfig                      0x080017a5   Thumb Code   374  stm32f1xx_hal_rcc.o(i.HAL_RCC_ClockConfig)
    HAL_RCC_GetHCLKFreq                      0x0800192d   Thumb Code     6  stm32f1xx_hal_rcc.o(i.HAL_RCC_GetHCLKFreq)
    HAL_RCC_GetPCLK1Freq                     0x08001939   Thumb Code    34  stm32f1xx_hal_rcc.o(i.HAL_RCC_GetPCLK1Freq)
    HAL_RCC_GetPCLK2Freq                     0x08001969   Thumb Code    34  stm32f1xx_hal_rcc.o(i.HAL_RCC_GetPCLK2Freq)
    HAL_RCC_GetSysClockFreq                  0x08001999   Thumb Code   102  stm32f1xx_hal_rcc.o(i.HAL_RCC_GetSysClockFreq)
    HAL_RCC_OscConfig                        0x08001a21   Thumb Code  1406  stm32f1xx_hal_rcc.o(i.HAL_RCC_OscConfig)
    HAL_SYSTICK_CLKSourceConfig              0x08001f9f   Thumb Code    24  stm32f1xx_hal_cortex.o(i.HAL_SYSTICK_CLKSourceConfig)
    HAL_SYSTICK_Callback                     0x08001fb7   Thumb Code     2  stm32f1xx_hal_cortex.o(i.HAL_SYSTICK_Callback)
    HAL_SYSTICK_Config                       0x08001fb9   Thumb Code    40  stm32f1xx_hal_cortex.o(i.HAL_SYSTICK_Config)
    HAL_SYSTICK_IRQHandler                   0x08001fe1   Thumb Code     8  stm32f1xx_hal_cortex.o(i.HAL_SYSTICK_IRQHandler)
    HAL_TIMEx_BreakCallback                  0x08001fe9   Thumb Code     2  stm32f1xx_hal_tim_ex.o(i.HAL_TIMEx_BreakCallback)
    HAL_TIMEx_CommutationCallback            0x08001feb   Thumb Code     2  stm32f1xx_hal_tim_ex.o(i.HAL_TIMEx_CommutationCallback)
    HAL_TIMEx_ConfigBreakDeadTime            0x08001fed   Thumb Code    66  stm32f1xx_hal_tim_ex.o(i.HAL_TIMEx_ConfigBreakDeadTime)
    HAL_TIMEx_MasterConfigSynchronization    0x0800202f   Thumb Code    80  stm32f1xx_hal_tim_ex.o(i.HAL_TIMEx_MasterConfigSynchronization)
    HAL_TIM_Base_Init                        0x0800207f   Thumb Code    54  stm32f1xx_hal_tim.o(i.HAL_TIM_Base_Init)
    HAL_TIM_Base_MspInit                     0x080020b5   Thumb Code    50  tim.o(i.HAL_TIM_Base_MspInit)
    HAL_TIM_Base_Start                       0x080020f1   Thumb Code    26  stm32f1xx_hal_tim.o(i.HAL_TIM_Base_Start)
    HAL_TIM_Base_Start_IT                    0x0800210b   Thumb Code    24  stm32f1xx_hal_tim.o(i.HAL_TIM_Base_Start_IT)
    HAL_TIM_ConfigClockSource                0x08002123   Thumb Code   242  stm32f1xx_hal_tim.o(i.HAL_TIM_ConfigClockSource)
    HAL_TIM_IC_CaptureCallback               0x08002215   Thumb Code   104  my_pwm_input.o(i.HAL_TIM_IC_CaptureCallback)
    HAL_TIM_IC_ConfigChannel                 0x08002289   Thumb Code   286  stm32f1xx_hal_tim.o(i.HAL_TIM_IC_ConfigChannel)
    HAL_TIM_IC_Init                          0x080023a7   Thumb Code    54  stm32f1xx_hal_tim.o(i.HAL_TIM_IC_Init)
    HAL_TIM_IC_MspInit                       0x080023dd   Thumb Code    68  tim.o(i.HAL_TIM_IC_MspInit)
    HAL_TIM_IC_Start_IT                      0x0800242d   Thumb Code    76  stm32f1xx_hal_tim.o(i.HAL_TIM_IC_Start_IT)
    HAL_TIM_IRQHandler                       0x08002479   Thumb Code   358  stm32f1xx_hal_tim.o(i.HAL_TIM_IRQHandler)
    HAL_TIM_MspPostInit                      0x080025e1   Thumb Code    30  tim.o(i.HAL_TIM_MspPostInit)
    HAL_TIM_OC_DelayElapsedCallback          0x08002609   Thumb Code     2  stm32f1xx_hal_tim.o(i.HAL_TIM_OC_DelayElapsedCallback)
    HAL_TIM_PWM_ConfigChannel                0x0800260b   Thumb Code   208  stm32f1xx_hal_tim.o(i.HAL_TIM_PWM_ConfigChannel)
    HAL_TIM_PWM_Init                         0x080026db   Thumb Code    54  stm32f1xx_hal_tim.o(i.HAL_TIM_PWM_Init)
    HAL_TIM_PWM_MspInit                      0x08002711   Thumb Code    30  tim.o(i.HAL_TIM_PWM_MspInit)
    HAL_TIM_PWM_PulseFinishedCallback        0x08002739   Thumb Code     2  stm32f1xx_hal_tim.o(i.HAL_TIM_PWM_PulseFinishedCallback)
    HAL_TIM_PWM_Start                        0x0800273d   Thumb Code    48  stm32f1xx_hal_tim.o(i.HAL_TIM_PWM_Start)
    HAL_TIM_PeriodElapsedCallback            0x08002775   Thumb Code    38  system_control.o(i.HAL_TIM_PeriodElapsedCallback)
    HAL_TIM_ReadCapturedValue                0x080027a9   Thumb Code    68  stm32f1xx_hal_tim.o(i.HAL_TIM_ReadCapturedValue)
    HAL_TIM_TriggerCallback                  0x080027ed   Thumb Code     2  stm32f1xx_hal_tim.o(i.HAL_TIM_TriggerCallback)
    HAL_UART_ErrorCallback                   0x080027ef   Thumb Code     2  stm32f1xx_hal_uart.o(i.HAL_UART_ErrorCallback)
    HAL_UART_IRQHandler                      0x080027f1   Thumb Code   218  stm32f1xx_hal_uart.o(i.HAL_UART_IRQHandler)
    HAL_UART_Init                            0x080028cb   Thumb Code    94  stm32f1xx_hal_uart.o(i.HAL_UART_Init)
    HAL_UART_MspInit                         0x08002929   Thumb Code   572  usart.o(i.HAL_UART_MspInit)
    HAL_UART_RxCpltCallback                  0x08002b99   Thumb Code     2  stm32f1xx_hal_uart.o(i.HAL_UART_RxCpltCallback)
    HAL_UART_Transmit                        0x08002b9d   Thumb Code   204  stm32f1xx_hal_uart.o(i.HAL_UART_Transmit)
    HAL_UART_TxCpltCallback                  0x08002c69   Thumb Code     2  stm32f1xx_hal_uart.o(i.HAL_UART_TxCpltCallback)
    HardFault_Handler                        0x08002c6b   Thumb Code     2  stm32f1xx_it.o(i.HardFault_Handler)
    MX_ADC1_Init                             0x08002c6d   Thumb Code    72  adc.o(i.MX_ADC1_Init)
    MX_DMA_Init                              0x08002ccd   Thumb Code   120  dma.o(i.MX_DMA_Init)
    MX_GPIO_Init                             0x08002d49   Thumb Code   106  gpio.o(i.MX_GPIO_Init)
    MX_TIM1_Init                             0x08002dbd   Thumb Code   146  tim.o(i.MX_TIM1_Init)
    MX_TIM2_Init                             0x08002e69   Thumb Code   100  tim.o(i.MX_TIM2_Init)
    MX_TIM3_Init                             0x08002ee1   Thumb Code    98  tim.o(i.MX_TIM3_Init)
    MX_TIM4_Init                             0x08002f5d   Thumb Code    92  tim.o(i.MX_TIM4_Init)
    MX_USART1_UART_Init                      0x08002fd5   Thumb Code    52  usart.o(i.MX_USART1_UART_Init)
    MX_USART2_UART_Init                      0x08003021   Thumb Code    52  usart.o(i.MX_USART2_UART_Init)
    MX_USART3_UART_Init                      0x0800306d   Thumb Code    52  usart.o(i.MX_USART3_UART_Init)
    MemManage_Handler                        0x080030b9   Thumb Code     2  stm32f1xx_it.o(i.MemManage_Handler)
    NMI_Handler                              0x080030bb   Thumb Code     2  stm32f1xx_it.o(i.NMI_Handler)
    Pack_And_Send_Cmd                        0x080030dd   Thumb Code   148  process.o(i.Pack_And_Send_Cmd)
    PendSV_Handler                           0x08003171   Thumb Code     2  stm32f1xx_it.o(i.PendSV_Handler)
    Reset_User_Timer                         0x08003173   Thumb Code    42  stm32_bsp_timer.o(i.Reset_User_Timer)
    SVC_Handler                              0x0800319d   Thumb Code     2  stm32f1xx_it.o(i.SVC_Handler)
    Start_ADC_Conv_Period                    0x080031a1   Thumb Code    50  my_adc.o(i.Start_ADC_Conv_Period)
    Start_User_Timer                         0x080031e1   Thumb Code    42  stm32_bsp_timer.o(i.Start_User_Timer)
    Statr_Microsecond_Timer                  0x0800320d   Thumb Code     6  stm32_bsp_timer.o(i.Statr_Microsecond_Timer)
    Stop_User_Timer                          0x08003219   Thumb Code    40  stm32_bsp_timer.o(i.Stop_User_Timer)
    SysTick_Handler                          0x08003241   Thumb Code    14  stm32f1xx_it.o(i.SysTick_Handler)
    SystemClock_Config                       0x0800324f   Thumb Code   122  main.o(i.SystemClock_Config)
    SystemInit                               0x080032c9   Thumb Code    56  system_stm32f1xx.o(i.SystemInit)
    System_Init                              0x08003311   Thumb Code    82  system_control.o(i.System_Init)
    System_Run                               0x0800337d   Thumb Code    62  system_control.o(i.System_Run)
    TIM3_IRQHandler                          0x080033cd   Thumb Code     6  stm32f1xx_it.o(i.TIM3_IRQHandler)
    TIM4_IRQHandler                          0x080033d9   Thumb Code     6  stm32f1xx_it.o(i.TIM4_IRQHandler)
    TIM_Base_SetConfig                       0x080033e5   Thumb Code   112  stm32f1xx_hal_tim.o(i.TIM_Base_SetConfig)
    TIM_CCxChannelCmd                        0x08003469   Thumb Code    22  stm32f1xx_hal_tim.o(i.TIM_CCxChannelCmd)
    TIM_OC2_SetConfig                        0x08003505   Thumb Code    98  stm32f1xx_hal_tim.o(i.TIM_OC2_SetConfig)
    TIM_TI1_SetConfig                        0x0800364d   Thumb Code    88  stm32f1xx_hal_tim.o(i.TIM_TI1_SetConfig)
    Task_Anasyse_Protocol                    0x08003715   Thumb Code   994  process.o(i.Task_Anasyse_Protocol)
    UART_DelChar                             0x08003b25   Thumb Code    70  stm32_bsp_uart.o(i.UART_DelChar)
    UART_GetChar                             0x08003b6b   Thumb Code    62  stm32_bsp_uart.o(i.UART_GetChar)
    UART_PutChar                             0x08003ba9   Thumb Code    84  stm32_bsp_uart.o(i.UART_PutChar)
    UART_ReadChar                            0x08003bfd   Thumb Code    30  stm32_bsp_uart.o(i.UART_ReadChar)
    UART_Rx_ISR                              0x08003cc5   Thumb Code    74  stm32_bsp_uart.o(i.UART_Rx_ISR)
    UART_TxRx_ISR                            0x08003ee7   Thumb Code   122  stm32_bsp_uart.o(i.UART_TxRx_ISR)
    UART_Tx_ISR                              0x08003f61   Thumb Code    80  stm32_bsp_uart.o(i.UART_Tx_ISR)
    USART1_IRQHandler                        0x08004045   Thumb Code     6  stm32f1xx_it.o(i.USART1_IRQHandler)
    USART2_IRQHandler                        0x08004051   Thumb Code     6  stm32f1xx_it.o(i.USART2_IRQHandler)
    USART3_IRQHandler                        0x0800405d   Thumb Code    24  stm32f1xx_it.o(i.USART3_IRQHandler)
    Update_User_Timer_Cnt                    0x08004081   Thumb Code    64  stm32_bsp_timer.o(i.Update_User_Timer_Cnt)
    UsageFault_Handler                       0x080040c1   Thumb Code     2  stm32f1xx_it.o(i.UsageFault_Handler)
    _Error_Handler                           0x080040c3   Thumb Code     2  main.o(i._Error_Handler)
    __0printf$5                              0x080040c5   Thumb Code    22  printf5.o(i.__0printf$5)
    __1printf$5                              0x080040c5   Thumb Code     0  printf5.o(i.__0printf$5)
    __2printf                                0x080040c5   Thumb Code     0  printf5.o(i.__0printf$5)
    __scatterload_copy                       0x080040e5   Thumb Code    14  handlers.o(i.__scatterload_copy)
    __scatterload_null                       0x080040f3   Thumb Code     2  handlers.o(i.__scatterload_null)
    __scatterload_zeroinit                   0x080040f5   Thumb Code    14  handlers.o(i.__scatterload_zeroinit)
    fputc                                    0x080043c5   Thumb Code    20  usart.o(i.fputc)
    main                                     0x080043dd   Thumb Code    60  main.o(i.main)
    AHBPrescTable                            0x08004418   Data          16  system_stm32f1xx.o(.constdata)
    APBPrescTable                            0x08004428   Data           8  system_stm32f1xx.o(.constdata)
    Region$$Table$$Base                      0x0800448c   Number         0  anon$$obj.o(Region$$Table)
    Region$$Table$$Limit                     0x080044ac   Number         0  anon$$obj.o(Region$$Table)
    SystemCoreClock                          0x20000004   Data           4  system_stm32f1xx.o(.data)
    adcx                                     0x20000008   Data           2  my_adc.o(.data)
    ADC_ConvertedValue                       0x2000000a   Data           2  my_adc.o(.data)
    ADC_ConvertedValueLocal                  0x2000000c   Data           4  my_adc.o(.data)
    cntTime                                  0x20000010   Data           4  my_pwm_input.o(.data)
    Time3First                               0x20000014   Data           4  my_pwm_input.o(.data)
    Time3Second                              0x20000018   Data           4  my_pwm_input.o(.data)
    Time3Time                                0x2000001c   Data           4  my_pwm_input.o(.data)
    strCapture                               0x20000020   Data           6  my_pwm_input.o(.data)
    AircraftModule1                          0x20000026   Data           1  system_control.o(.data)
    AirExceptionInf                          0x20000027   Data           1  system_control.o(.data)
    AirCustomerInf                           0x20000028   Data           1  system_control.o(.data)
    AirLongitude                             0x20000029   Data           4  system_control.o(.data)
    AirLatitude                              0x2000002d   Data           4  system_control.o(.data)
    AirHight                                 0x20000031   Data           4  system_control.o(.data)
    AirSatelliteTime                         0x20000035   Data           4  system_control.o(.data)
    RxBuf_Struct1                            0x2000003c   Data          20  stm32_bsp_uart.o(.data)
    TxBuf_Struct1                            0x20000050   Data          20  stm32_bsp_uart.o(.data)
    __stdout                                 0x20000064   Data           4  stdout.o(.data)
    htim2                                    0x20000068   Data          60  tim.o(.bss)
    htim1                                    0x200000a4   Data          60  tim.o(.bss)
    htim3                                    0x200000e0   Data          60  tim.o(.bss)
    htim4                                    0x2000011c   Data          60  tim.o(.bss)
    hadc1                                    0x20000158   Data          48  adc.o(.bss)
    huart1                                   0x20000188   Data          64  usart.o(.bss)
    huart2                                   0x200001c8   Data          64  usart.o(.bss)
    huart3                                   0x20000208   Data          64  usart.o(.bss)
    hdma_usart1_rx                           0x20000248   Data          56  usart.o(.bss)
    hdma_usart1_tx                           0x20000280   Data          56  usart.o(.bss)
    hdma_usart2_rx                           0x200002b8   Data          56  usart.o(.bss)
    hdma_usart2_tx                           0x200002f0   Data          56  usart.o(.bss)
    hdma_usart3_rx                           0x20000328   Data          56  usart.o(.bss)
    hdma_usart3_tx                           0x20000360   Data          56  usart.o(.bss)
    uc_Pack_And_Send_Buf                     0x200003b0   Data          10  system_control.o(.bss)
    myUart1_4g_module_data                   0x200003ba   Data          25  system_control.o(.bss)
    st_usart1_rx_com_timer                   0x200003d4   Data          24  stm32_bsp_uart.o(.bss)
    st_usart1_tx_com_timer                   0x200003ec   Data          24  stm32_bsp_uart.o(.bss)
    RxBuf1                                   0x20000404   Data          30  stm32_bsp_uart.o(.bss)
    TxBuf1                                   0x20000422   Data          30  stm32_bsp_uart.o(.bss)
    __initial_sp                             0x20000840   Data           0  startup_stm32f103xe.o(STACK)



==============================================================================

Memory Map of the image

  Image Entry point : 0x08000131

  Load Region LR_IROM1 (Base: 0x08000000, Size: 0x00004514, Max: 0x00040000, ABSOLUTE)

    Execution Region ER_IROM1 (Base: 0x08000000, Size: 0x000044ac, Max: 0x00040000, ABSOLUTE)

    Base Addr    Size         Type   Attr      Idx    E Section Name        Object

    0x08000000   0x00000130   Data   RO         2846    RESET               startup_stm32f103xe.o
    0x08000130   0x00000000   Code   RO         3477  * .ARM.Collect$$$$00000000  mc_w.l(entry.o)
    0x08000130   0x00000004   Code   RO         3757    .ARM.Collect$$$$00000001  mc_w.l(entry2.o)
    0x08000134   0x00000004   Code   RO         3760    .ARM.Collect$$$$00000004  mc_w.l(entry5.o)
    0x08000138   0x00000000   Code   RO         3762    .ARM.Collect$$$$00000008  mc_w.l(entry7b.o)
    0x08000138   0x00000000   Code   RO         3764    .ARM.Collect$$$$0000000A  mc_w.l(entry8b.o)
    0x08000138   0x00000008   Code   RO         3765    .ARM.Collect$$$$0000000B  mc_w.l(entry9a.o)
    0x08000140   0x00000000   Code   RO         3767    .ARM.Collect$$$$0000000D  mc_w.l(entry10a.o)
    0x08000140   0x00000000   Code   RO         3769    .ARM.Collect$$$$0000000F  mc_w.l(entry11a.o)
    0x08000140   0x00000004   Code   RO         3758    .ARM.Collect$$$$00002712  mc_w.l(entry2.o)
    0x08000144   0x00000024   Code   RO         2847    .text               startup_stm32f103xe.o
    0x08000168   0x00000020   Code   RO         3480    .text               mc_w.l(llushr.o)
    0x08000188   0x000000e4   Code   RO         3745    .text               mf_w.l(dmul.o)
    0x0800026c   0x0000002e   Code   RO         3747    .text               mf_w.l(dscalb.o)
    0x0800029a   0x0000001a   Code   RO         3751    .text               mf_w.l(dfltui.o)
    0x080002b4   0x00000028   Code   RO         3753    .text               mf_w.l(ffixui.o)
    0x080002dc   0x00000038   Code   RO         3755    .text               mf_w.l(d2f.o)
    0x08000314   0x00000062   Code   RO         3774    .text               mc_w.l(uldiv.o)
    0x08000376   0x00000000   Code   RO         3776    .text               mc_w.l(iusefp.o)
    0x08000376   0x0000006e   Code   RO         3777    .text               mf_w.l(fepilogue.o)
    0x080003e4   0x000000ba   Code   RO         3779    .text               mf_w.l(depilogue.o)
    0x0800049e   0x00000002   PAD
    0x080004a0   0x00000024   Code   RO         3789    .text               mc_w.l(init.o)
    0x080004c4   0x0000001e   Code   RO         3791    .text               mc_w.l(llshl.o)
    0x080004e2   0x00000002   PAD
    0x080004e4   0x0000000c   Code   RO          319    i.ADC1_2_IRQHandler  stm32f1xx_it.o
    0x080004f0   0x0000004c   Code   RO         1555    i.ADC_ConversionStop_Disable  stm32f1xx_hal_adc.o
    0x0800053c   0x00000070   Code   RO         1559    i.ADC_Enable        stm32f1xx_hal_adc.o
    0x080005ac   0x00000002   Code   RO         3416    i.Board_Gimbal_Cmd_Trans_Process  board_gimbal_cmd_process.o
    0x080005ae   0x00000002   Code   RO          320    i.BusFault_Handler  stm32f1xx_it.o
    0x080005b0   0x0000000c   Code   RO          321    i.DMA1_Channel2_IRQHandler  stm32f1xx_it.o
    0x080005bc   0x0000000c   Code   RO          322    i.DMA1_Channel3_IRQHandler  stm32f1xx_it.o
    0x080005c8   0x0000000c   Code   RO          323    i.DMA1_Channel4_IRQHandler  stm32f1xx_it.o
    0x080005d4   0x0000000c   Code   RO          324    i.DMA1_Channel5_IRQHandler  stm32f1xx_it.o
    0x080005e0   0x0000000c   Code   RO          325    i.DMA1_Channel6_IRQHandler  stm32f1xx_it.o
    0x080005ec   0x0000000c   Code   RO          326    i.DMA1_Channel7_IRQHandler  stm32f1xx_it.o
    0x080005f8   0x00000002   Code   RO          327    i.DebugMon_Handler  stm32f1xx_it.o
    0x080005fa   0x00000002   PAD
    0x080005fc   0x00000030   Code   RO         2913    i.Get_Adc           my_adc.o
    0x0800062c   0x00000022   Code   RO         2914    i.Get_Adc_Average   my_adc.o
    0x0800064e   0x00000002   PAD
    0x08000650   0x000000c8   Code   RO         2617    i.HAL_ADCEx_Calibration_Start  stm32f1xx_hal_adc_ex.o
    0x08000718   0x00000002   Code   RO         2619    i.HAL_ADCEx_InjectedConvCpltCallback  stm32f1xx_hal_adc_ex.o
    0x0800071a   0x00000002   PAD
    0x0800071c   0x00000168   Code   RO         1561    i.HAL_ADC_ConfigChannel  stm32f1xx_hal_adc.o
    0x08000884   0x00000002   Code   RO         1562    i.HAL_ADC_ConvCpltCallback  stm32f1xx_hal_adc.o
    0x08000886   0x00000004   Code   RO         1567    i.HAL_ADC_GetState  stm32f1xx_hal_adc.o
    0x0800088a   0x00000006   Code   RO         1568    i.HAL_ADC_GetValue  stm32f1xx_hal_adc.o
    0x08000890   0x000000e6   Code   RO         1569    i.HAL_ADC_IRQHandler  stm32f1xx_hal_adc.o
    0x08000976   0x00000002   PAD
    0x08000978   0x00000148   Code   RO         1570    i.HAL_ADC_Init      stm32f1xx_hal_adc.o
    0x08000ac0   0x00000002   Code   RO         1571    i.HAL_ADC_LevelOutOfWindowCallback  stm32f1xx_hal_adc.o
    0x08000ac2   0x00000002   PAD
    0x08000ac4   0x00000050   Code   RO          218    i.HAL_ADC_MspInit   adc.o
    0x08000b14   0x00000130   Code   RO         1574    i.HAL_ADC_PollForConversion  stm32f1xx_hal_adc.o
    0x08000c44   0x000000c0   Code   RO         1576    i.HAL_ADC_Start     stm32f1xx_hal_adc.o
    0x08000d04   0x000004b8   Code   RO         1740    i.HAL_DMA_IRQHandler  stm32f1xx_hal_dma.o
    0x080011bc   0x00000050   Code   RO         1741    i.HAL_DMA_Init      stm32f1xx_hal_dma.o
    0x0800120c   0x00000016   Code   RO         2720    i.HAL_Delay         stm32f1xx_hal.o
    0x08001222   0x00000002   PAD
    0x08001224   0x000001e8   Code   RO         2254    i.HAL_GPIO_Init     stm32f1xx_hal_gpio.o
    0x0800140c   0x0000000a   Code   RO         2258    i.HAL_GPIO_WritePin  stm32f1xx_hal_gpio.o
    0x08001416   0x00000002   PAD
    0x08001418   0x0000000c   Code   RO         2724    i.HAL_GetTick       stm32f1xx_hal.o
    0x08001424   0x00000010   Code   RO         2725    i.HAL_IncTick       stm32f1xx_hal.o
    0x08001434   0x00000024   Code   RO         2726    i.HAL_Init          stm32f1xx_hal.o
    0x08001458   0x00000022   Code   RO         2727    i.HAL_InitTick      stm32f1xx_hal.o
    0x0800147a   0x00000002   PAD
    0x0800147c   0x00000080   Code   RO          478    i.HAL_MspInit       stm32f1xx_hal_msp.o
    0x080014fc   0x00000016   Code   RO         2051    i.HAL_NVIC_EnableIRQ  stm32f1xx_hal_cortex.o
    0x08001512   0x00000002   PAD
    0x08001514   0x00000040   Code   RO         2057    i.HAL_NVIC_SetPriority  stm32f1xx_hal_cortex.o
    0x08001554   0x00000024   Code   RO         2058    i.HAL_NVIC_SetPriorityGrouping  stm32f1xx_hal_cortex.o
    0x08001578   0x00000100   Code   RO         2318    i.HAL_RCCEx_GetPeriphCLKFreq  stm32f1xx_hal_rcc_ex.o
    0x08001678   0x0000012c   Code   RO         2319    i.HAL_RCCEx_PeriphCLKConfig  stm32f1xx_hal_rcc_ex.o
    0x080017a4   0x00000188   Code   RO          590    i.HAL_RCC_ClockConfig  stm32f1xx_hal_rcc.o
    0x0800192c   0x0000000c   Code   RO          595    i.HAL_RCC_GetHCLKFreq  stm32f1xx_hal_rcc.o
    0x08001938   0x00000030   Code   RO          597    i.HAL_RCC_GetPCLK1Freq  stm32f1xx_hal_rcc.o
    0x08001968   0x00000030   Code   RO          598    i.HAL_RCC_GetPCLK2Freq  stm32f1xx_hal_rcc.o
    0x08001998   0x00000088   Code   RO          599    i.HAL_RCC_GetSysClockFreq  stm32f1xx_hal_rcc.o
    0x08001a20   0x0000057e   Code   RO          602    i.HAL_RCC_OscConfig  stm32f1xx_hal_rcc.o
    0x08001f9e   0x00000018   Code   RO         2060    i.HAL_SYSTICK_CLKSourceConfig  stm32f1xx_hal_cortex.o
    0x08001fb6   0x00000002   Code   RO         2061    i.HAL_SYSTICK_Callback  stm32f1xx_hal_cortex.o
    0x08001fb8   0x00000028   Code   RO         2062    i.HAL_SYSTICK_Config  stm32f1xx_hal_cortex.o
    0x08001fe0   0x00000008   Code   RO         2063    i.HAL_SYSTICK_IRQHandler  stm32f1xx_hal_cortex.o
    0x08001fe8   0x00000002   Code   RO         1322    i.HAL_TIMEx_BreakCallback  stm32f1xx_hal_tim_ex.o
    0x08001fea   0x00000002   Code   RO         1323    i.HAL_TIMEx_CommutationCallback  stm32f1xx_hal_tim_ex.o
    0x08001fec   0x00000042   Code   RO         1324    i.HAL_TIMEx_ConfigBreakDeadTime  stm32f1xx_hal_tim_ex.o
    0x0800202e   0x00000050   Code   RO         1339    i.HAL_TIMEx_MasterConfigSynchronization  stm32f1xx_hal_tim_ex.o
    0x0800207e   0x00000036   Code   RO          693    i.HAL_TIM_Base_Init  stm32f1xx_hal_tim.o
    0x080020b4   0x0000003c   Code   RO            5    i.HAL_TIM_Base_MspInit  tim.o
    0x080020f0   0x0000001a   Code   RO          696    i.HAL_TIM_Base_Start  stm32f1xx_hal_tim.o
    0x0800210a   0x00000018   Code   RO          698    i.HAL_TIM_Base_Start_IT  stm32f1xx_hal_tim.o
    0x08002122   0x000000f2   Code   RO          702    i.HAL_TIM_ConfigClockSource  stm32f1xx_hal_tim.o
    0x08002214   0x00000074   Code   RO         2958    i.HAL_TIM_IC_CaptureCallback  my_pwm_input.o
    0x08002288   0x0000011e   Code   RO          723    i.HAL_TIM_IC_ConfigChannel  stm32f1xx_hal_tim.o
    0x080023a6   0x00000036   Code   RO          726    i.HAL_TIM_IC_Init   stm32f1xx_hal_tim.o
    0x080023dc   0x00000050   Code   RO            7    i.HAL_TIM_IC_MspInit  tim.o
    0x0800242c   0x0000004c   Code   RO          731    i.HAL_TIM_IC_Start_IT  stm32f1xx_hal_tim.o
    0x08002478   0x00000166   Code   RO          735    i.HAL_TIM_IRQHandler  stm32f1xx_hal_tim.o
    0x080025de   0x00000002   PAD
    0x080025e0   0x00000028   Code   RO            8    i.HAL_TIM_MspPostInit  tim.o
    0x08002608   0x00000002   Code   RO          738    i.HAL_TIM_OC_DelayElapsedCallback  stm32f1xx_hal_tim.o
    0x0800260a   0x000000d0   Code   RO          759    i.HAL_TIM_PWM_ConfigChannel  stm32f1xx_hal_tim.o
    0x080026da   0x00000036   Code   RO          762    i.HAL_TIM_PWM_Init  stm32f1xx_hal_tim.o
    0x08002710   0x00000028   Code   RO           10    i.HAL_TIM_PWM_MspInit  tim.o
    0x08002738   0x00000002   Code   RO          765    i.HAL_TIM_PWM_PulseFinishedCallback  stm32f1xx_hal_tim.o
    0x0800273a   0x00000002   PAD
    0x0800273c   0x00000038   Code   RO          766    i.HAL_TIM_PWM_Start  stm32f1xx_hal_tim.o
    0x08002774   0x00000034   Code   RO         3031    i.HAL_TIM_PeriodElapsedCallback  system_control.o
    0x080027a8   0x00000044   Code   RO          773    i.HAL_TIM_ReadCapturedValue  stm32f1xx_hal_tim.o
    0x080027ec   0x00000002   Code   RO          776    i.HAL_TIM_TriggerCallback  stm32f1xx_hal_tim.o
    0x080027ee   0x00000002   Code   RO         1824    i.HAL_UART_ErrorCallback  stm32f1xx_hal_uart.o
    0x080027f0   0x000000da   Code   RO         1827    i.HAL_UART_IRQHandler  stm32f1xx_hal_uart.o
    0x080028ca   0x0000005e   Code   RO         1828    i.HAL_UART_Init     stm32f1xx_hal_uart.o
    0x08002928   0x00000270   Code   RO          260    i.HAL_UART_MspInit  usart.o
    0x08002b98   0x00000002   Code   RO         1834    i.HAL_UART_RxCpltCallback  stm32f1xx_hal_uart.o
    0x08002b9a   0x00000002   PAD
    0x08002b9c   0x000000cc   Code   RO         1836    i.HAL_UART_Transmit  stm32f1xx_hal_uart.o
    0x08002c68   0x00000002   Code   RO         1839    i.HAL_UART_TxCpltCallback  stm32f1xx_hal_uart.o
    0x08002c6a   0x00000002   Code   RO          328    i.HardFault_Handler  stm32f1xx_it.o
    0x08002c6c   0x00000060   Code   RO          219    i.MX_ADC1_Init      adc.o
    0x08002ccc   0x0000007c   Code   RO          190    i.MX_DMA_Init       dma.o
    0x08002d48   0x00000074   Code   RO          565    i.MX_GPIO_Init      gpio.o
    0x08002dbc   0x000000ac   Code   RO           11    i.MX_TIM1_Init      tim.o
    0x08002e68   0x00000078   Code   RO           12    i.MX_TIM2_Init      tim.o
    0x08002ee0   0x0000007c   Code   RO           13    i.MX_TIM3_Init      tim.o
    0x08002f5c   0x00000078   Code   RO           14    i.MX_TIM4_Init      tim.o
    0x08002fd4   0x0000004c   Code   RO          261    i.MX_USART1_UART_Init  usart.o
    0x08003020   0x0000004c   Code   RO          262    i.MX_USART2_UART_Init  usart.o
    0x0800306c   0x0000004c   Code   RO          263    i.MX_USART3_UART_Init  usart.o
    0x080030b8   0x00000002   Code   RO          329    i.MemManage_Handler  stm32f1xx_it.o
    0x080030ba   0x00000002   Code   RO          330    i.NMI_Handler       stm32f1xx_it.o
    0x080030bc   0x00000020   Code   RO         2064    i.NVIC_SetPriority  stm32f1xx_hal_cortex.o
    0x080030dc   0x00000094   Code   RO         2993    i.Pack_And_Send_Cmd  process.o
    0x08003170   0x00000002   Code   RO          331    i.PendSV_Handler    stm32f1xx_it.o
    0x08003172   0x0000002a   Code   RO         3264    i.Reset_User_Timer  stm32_bsp_timer.o
    0x0800319c   0x00000002   Code   RO          332    i.SVC_Handler       stm32f1xx_it.o
    0x0800319e   0x00000002   PAD
    0x080031a0   0x00000040   Code   RO         2915    i.Start_ADC_Conv_Period  my_adc.o
    0x080031e0   0x0000002a   Code   RO         3267    i.Start_User_Timer  stm32_bsp_timer.o
    0x0800320a   0x00000002   PAD
    0x0800320c   0x0000000c   Code   RO         3268    i.Statr_Microsecond_Timer  stm32_bsp_timer.o
    0x08003218   0x00000028   Code   RO         3269    i.Stop_User_Timer   stm32_bsp_timer.o
    0x08003240   0x0000000e   Code   RO          333    i.SysTick_Handler   stm32f1xx_it.o
    0x0800324e   0x0000007a   Code   RO          502    i.SystemClock_Config  main.o
    0x080032c8   0x00000048   Code   RO         2855    i.SystemInit        system_stm32f1xx.o
    0x08003310   0x0000006c   Code   RO         3032    i.System_Init       system_control.o
    0x0800337c   0x00000050   Code   RO         3033    i.System_Run        system_control.o
    0x080033cc   0x0000000c   Code   RO          334    i.TIM3_IRQHandler   stm32f1xx_it.o
    0x080033d8   0x0000000c   Code   RO          335    i.TIM4_IRQHandler   stm32f1xx_it.o
    0x080033e4   0x00000084   Code   RO          777    i.TIM_Base_SetConfig  stm32f1xx_hal_tim.o
    0x08003468   0x00000016   Code   RO          778    i.TIM_CCxChannelCmd  stm32f1xx_hal_tim.o
    0x0800347e   0x00000014   Code   RO          784    i.TIM_ETR_SetConfig  stm32f1xx_hal_tim.o
    0x08003492   0x00000010   Code   RO          785    i.TIM_ITRx_SetConfig  stm32f1xx_hal_tim.o
    0x080034a2   0x00000002   PAD
    0x080034a4   0x00000060   Code   RO          786    i.TIM_OC1_SetConfig  stm32f1xx_hal_tim.o
    0x08003504   0x0000006c   Code   RO          787    i.TIM_OC2_SetConfig  stm32f1xx_hal_tim.o
    0x08003570   0x00000068   Code   RO          788    i.TIM_OC3_SetConfig  stm32f1xx_hal_tim.o
    0x080035d8   0x00000050   Code   RO          789    i.TIM_OC4_SetConfig  stm32f1xx_hal_tim.o
    0x08003628   0x00000022   Code   RO          791    i.TIM_TI1_ConfigInputStage  stm32f1xx_hal_tim.o
    0x0800364a   0x00000002   PAD
    0x0800364c   0x0000006c   Code   RO          792    i.TIM_TI1_SetConfig  stm32f1xx_hal_tim.o
    0x080036b8   0x00000024   Code   RO          793    i.TIM_TI2_ConfigInputStage  stm32f1xx_hal_tim.o
    0x080036dc   0x00000036   Code   RO          794    i.TIM_TI2_SetConfig  stm32f1xx_hal_tim.o
    0x08003712   0x00000002   PAD
    0x08003714   0x00000410   Code   RO         2994    i.Task_Anasyse_Protocol  process.o
    0x08003b24   0x00000046   Code   RO         3344    i.UART_DelChar      stm32_bsp_uart.o
    0x08003b6a   0x0000003e   Code   RO         3345    i.UART_GetChar      stm32_bsp_uart.o
    0x08003ba8   0x00000054   Code   RO         3346    i.UART_PutChar      stm32_bsp_uart.o
    0x08003bfc   0x0000001e   Code   RO         3347    i.UART_ReadChar     stm32_bsp_uart.o
    0x08003c1a   0x00000002   PAD
    0x08003c1c   0x000000a8   Code   RO         1846    i.UART_Receive_IT   stm32f1xx_hal_uart.o
    0x08003cc4   0x0000004a   Code   RO         3348    i.UART_Rx_ISR       stm32_bsp_uart.o
    0x08003d0e   0x00000002   PAD
    0x08003d10   0x00000170   Code   RO         1847    i.UART_SetConfig    stm32f1xx_hal_uart.o
    0x08003e80   0x00000066   Code   RO         1848    i.UART_Transmit_IT  stm32f1xx_hal_uart.o
    0x08003ee6   0x0000007a   Code   RO         3349    i.UART_TxRx_ISR     stm32_bsp_uart.o
    0x08003f60   0x00000050   Code   RO         3350    i.UART_Tx_ISR       stm32_bsp_uart.o
    0x08003fb0   0x00000092   Code   RO         1849    i.UART_WaitOnFlagUntilTimeout  stm32f1xx_hal_uart.o
    0x08004042   0x00000002   PAD
    0x08004044   0x0000000c   Code   RO          336    i.USART1_IRQHandler  stm32f1xx_it.o
    0x08004050   0x0000000c   Code   RO          337    i.USART2_IRQHandler  stm32f1xx_it.o
    0x0800405c   0x00000024   Code   RO          338    i.USART3_IRQHandler  stm32f1xx_it.o
    0x08004080   0x00000040   Code   RO         3270    i.Update_User_Timer_Cnt  stm32_bsp_timer.o
    0x080040c0   0x00000002   Code   RO          339    i.UsageFault_Handler  stm32f1xx_it.o
    0x080040c2   0x00000002   Code   RO          503    i._Error_Handler    main.o
    0x080040c4   0x00000020   Code   RO         3615    i.__0printf$5       mc_w.l(printf5.o)
    0x080040e4   0x0000000e   Code   RO         3797    i.__scatterload_copy  mc_w.l(handlers.o)
    0x080040f2   0x00000002   Code   RO         3798    i.__scatterload_null  mc_w.l(handlers.o)
    0x080040f4   0x0000000e   Code   RO         3799    i.__scatterload_zeroinit  mc_w.l(handlers.o)
    0x08004102   0x00000002   PAD
    0x08004104   0x000002c0   Code   RO         3622    i._printf_core      mc_w.l(printf5.o)
    0x080043c4   0x00000018   Code   RO          264    i.fputc             usart.o
    0x080043dc   0x0000003c   Code   RO          504    i.main              main.o
    0x08004418   0x00000010   Data   RO         2856    .constdata          system_stm32f1xx.o
    0x08004428   0x00000008   Data   RO         2857    .constdata          system_stm32f1xx.o
    0x08004430   0x0000005a   Data   RO         3036    .conststring        system_control.o
    0x0800448a   0x00000002   PAD
    0x0800448c   0x00000020   Data   RO         3795    Region$$Table       anon$$obj.o


    Execution Region RW_IRAM1 (Base: 0x20000000, Size: 0x00000840, Max: 0x0000c000, ABSOLUTE)

    Base Addr    Size         Type   Attr      Idx    E Section Name        Object

    0x20000000   0x00000004   Data   RW         2732    .data               stm32f1xx_hal.o
    0x20000004   0x00000004   Data   RW         2858    .data               system_stm32f1xx.o
    0x20000008   0x00000008   Data   RW         2916    .data               my_adc.o
    0x20000010   0x00000016   Data   RW         2959    .data               my_pwm_input.o
    0x20000026   0x00000013   Data   RW         3038    .data               system_control.o
    0x20000039   0x00000003   PAD
    0x2000003c   0x00000014   Data   RW         3355    .data               stm32_bsp_uart.o
    0x20000050   0x00000014   Data   RW         3356    .data               stm32_bsp_uart.o
    0x20000064   0x00000004   Data   RW         3771    .data               mc_w.l(stdout.o)
    0x20000068   0x000000f0   Zero   RW           15    .bss                tim.o
    0x20000158   0x00000030   Zero   RW          220    .bss                adc.o
    0x20000188   0x00000210   Zero   RW          265    .bss                usart.o
    0x20000398   0x00000022   Zero   RW         3034    .bss                system_control.o
    0x200003ba   0x00000019   Zero   RW         3035    .bss                system_control.o
    0x200003d3   0x00000001   PAD
    0x200003d4   0x00000018   Zero   RW         3351    .bss                stm32_bsp_uart.o
    0x200003ec   0x00000018   Zero   RW         3352    .bss                stm32_bsp_uart.o
    0x20000404   0x0000001e   Zero   RW         3353    .bss                stm32_bsp_uart.o
    0x20000422   0x0000001e   Zero   RW         3354    .bss                stm32_bsp_uart.o
    0x20000440   0x00000400   Zero   RW         2844    STACK               startup_stm32f103xe.o


==============================================================================

Image component sizes


      Code (inc. data)   RO Data    RW Data    ZI Data      Debug   Object Name

       176         38          0          0         48       1585   adc.o
         2          0          0          0          0       1201   board_gimbal_cmd_process.o
       124          4          0          0          0        786   dma.o
       116         10          0          0          0        923   gpio.o
       184          0          0          0          0       2145   main.o
       146         22          0          8          0       2467   my_adc.o
       116         12          0         22          0       2050   my_pwm_input.o
      1188         46          0          0          0       3912   process.o
        36          8        304          0       1024        768   startup_stm32f103xe.o
       200          6          0          0          0       3566   stm32_bsp_timer.o
       522          0          0         40        108       6387   stm32_bsp_uart.o
       120         16          0          4          0       3646   stm32f1xx_hal.o
      1616         56          0          0          0       9030   stm32f1xx_hal_adc.o
       202          6          0          0          0       2015   stm32f1xx_hal_adc_ex.o
       228         14          0          0          0      27441   stm32f1xx_hal_cortex.o
      1288         20          0          0          0       2312   stm32f1xx_hal_dma.o
       498         42          0          0          0       3076   stm32f1xx_hal_gpio.o
       128         10          0          0          0        854   stm32f1xx_hal_msp.o
      2042         98          0          0          0       5864   stm32f1xx_hal_rcc.o
       556         46          0          0          0       2533   stm32f1xx_hal_rcc_ex.o
      2322         84          0          0          0      20057   stm32f1xx_hal_tim.o
       150          0          0          0          0       3102   stm32f1xx_hal_tim_ex.o
      1306          4          0          0          0       7919   stm32f1xx_hal_uart.o
       198         78          0          0          0      10982   stm32f1xx_it.o
       240         58         90         19         59       3171   system_control.o
        72         16         24          4          0       1167   system_stm32f1xx.o
       756        142          0          0        240     527194   tim.o
       876        128          0          0        528       3978   usart.o

    ----------------------------------------------------------------------
     15448        964        452        100       2008     660131   Object Totals
         0          0         32          0          0          0   (incl. Generated)
        40          0          2          3          1          0   (incl. Padding)

    ----------------------------------------------------------------------

      Code (inc. data)   RO Data    RW Data    ZI Data      Debug   Library Member Name

         0          0          0          0          0          0   entry.o
         0          0          0          0          0          0   entry10a.o
         0          0          0          0          0          0   entry11a.o
         8          4          0          0          0          0   entry2.o
         4          0          0          0          0          0   entry5.o
         0          0          0          0          0          0   entry7b.o
         0          0          0          0          0          0   entry8b.o
         8          4          0          0          0          0   entry9a.o
        30          0          0          0          0          0   handlers.o
        36          8          0          0          0         68   init.o
         0          0          0          0          0          0   iusefp.o
        30          0          0          0          0         68   llshl.o
        32          0          0          0          0         68   llushr.o
       736         56          0          0          0        184   printf5.o
         0          0          0          4          0          0   stdout.o
        98          0          0          0          0         92   uldiv.o
        56          0          0          0          0         88   d2f.o
       186          0          0          0          0        176   depilogue.o
        26          0          0          0          0         76   dfltui.o
       228          0          0          0          0         96   dmul.o
        46          0          0          0          0         80   dscalb.o
       110          0          0          0          0        168   fepilogue.o
        40          0          0          0          0         68   ffixui.o

    ----------------------------------------------------------------------
      1680         72          0          4          0       1232   Library Totals
         6          0          0          0          0          0   (incl. Padding)

    ----------------------------------------------------------------------

      Code (inc. data)   RO Data    RW Data    ZI Data      Debug   Library Name

       982         72          0          4          0        480   mc_w.l
       692          0          0          0          0        752   mf_w.l

    ----------------------------------------------------------------------
      1680         72          0          4          0       1232   Library Totals

    ----------------------------------------------------------------------

==============================================================================


      Code (inc. data)   RO Data    RW Data    ZI Data      Debug   

     17128       1036        452        104       2008     653663   Grand Totals
     17128       1036        452        104       2008     653663   ELF Image Totals
     17128       1036        452        104          0          0   ROM Totals

==============================================================================

    Total RO  Size (Code + RO Data)                17580 (  17.17kB)
    Total RW  Size (RW Data + ZI Data)              2112 (   2.06kB)
    Total ROM Size (Code + RO Data + RW Data)      17684 (  17.27kB)

==============================================================================

