Component: ARM Compiler 5.06 update 2 (build 183) Tool: armlink [4d35b7]

==============================================================================

Section Cross References

    tim.o(i.HAL_TIM_Base_MspDeInit) refers to stm32f1xx_hal_cortex.o(i.HAL_NVIC_DisableIRQ) for HAL_NVIC_DisableIRQ
    tim.o(i.HAL_TIM_Base_MspInit) refers to stm32f1xx_hal_cortex.o(i.HAL_NVIC_SetPriority) for HAL_NVIC_SetPriority
    tim.o(i.HAL_TIM_Base_MspInit) refers to stm32f1xx_hal_cortex.o(i.HAL_NVIC_EnableIRQ) for HAL_NVIC_EnableIRQ
    tim.o(i.HAL_TIM_IC_MspDeInit) refers to stm32f1xx_hal_gpio.o(i.HAL_GPIO_DeInit) for HAL_GPIO_DeInit
    tim.o(i.HAL_TIM_IC_MspDeInit) refers to stm32f1xx_hal_cortex.o(i.HAL_NVIC_DisableIRQ) for HAL_NVIC_DisableIRQ
    tim.o(i.HAL_TIM_IC_MspInit) refers to stm32f1xx_hal_gpio.o(i.HAL_GPIO_Init) for HAL_GPIO_Init
    tim.o(i.HAL_TIM_IC_MspInit) refers to stm32f1xx_hal_cortex.o(i.HAL_NVIC_SetPriority) for HAL_NVIC_SetPriority
    tim.o(i.HAL_TIM_IC_MspInit) refers to stm32f1xx_hal_cortex.o(i.HAL_NVIC_EnableIRQ) for HAL_NVIC_EnableIRQ
    tim.o(i.HAL_TIM_MspPostInit) refers to stm32f1xx_hal_gpio.o(i.HAL_GPIO_Init) for HAL_GPIO_Init
    tim.o(i.MX_TIM1_Init) refers to stm32f1xx_hal_tim.o(i.HAL_TIM_PWM_Init) for HAL_TIM_PWM_Init
    tim.o(i.MX_TIM1_Init) refers to main.o(i._Error_Handler) for _Error_Handler
    tim.o(i.MX_TIM1_Init) refers to stm32f1xx_hal_tim_ex.o(i.HAL_TIMEx_MasterConfigSynchronization) for HAL_TIMEx_MasterConfigSynchronization
    tim.o(i.MX_TIM1_Init) refers to stm32f1xx_hal_tim.o(i.HAL_TIM_PWM_ConfigChannel) for HAL_TIM_PWM_ConfigChannel
    tim.o(i.MX_TIM1_Init) refers to stm32f1xx_hal_tim_ex.o(i.HAL_TIMEx_ConfigBreakDeadTime) for HAL_TIMEx_ConfigBreakDeadTime
    tim.o(i.MX_TIM1_Init) refers to tim.o(i.HAL_TIM_MspPostInit) for HAL_TIM_MspPostInit
    tim.o(i.MX_TIM1_Init) refers to tim.o(.bss) for .bss
    tim.o(i.MX_TIM2_Init) refers to stm32f1xx_hal_tim.o(i.HAL_TIM_Base_Init) for HAL_TIM_Base_Init
    tim.o(i.MX_TIM2_Init) refers to main.o(i._Error_Handler) for _Error_Handler
    tim.o(i.MX_TIM2_Init) refers to stm32f1xx_hal_tim.o(i.HAL_TIM_ConfigClockSource) for HAL_TIM_ConfigClockSource
    tim.o(i.MX_TIM2_Init) refers to stm32f1xx_hal_tim_ex.o(i.HAL_TIMEx_MasterConfigSynchronization) for HAL_TIMEx_MasterConfigSynchronization
    tim.o(i.MX_TIM2_Init) refers to tim.o(.bss) for .bss
    tim.o(i.MX_TIM3_Init) refers to stm32f1xx_hal_tim.o(i.HAL_TIM_IC_Init) for HAL_TIM_IC_Init
    tim.o(i.MX_TIM3_Init) refers to main.o(i._Error_Handler) for _Error_Handler
    tim.o(i.MX_TIM3_Init) refers to stm32f1xx_hal_tim_ex.o(i.HAL_TIMEx_MasterConfigSynchronization) for HAL_TIMEx_MasterConfigSynchronization
    tim.o(i.MX_TIM3_Init) refers to stm32f1xx_hal_tim.o(i.HAL_TIM_IC_ConfigChannel) for HAL_TIM_IC_ConfigChannel
    tim.o(i.MX_TIM3_Init) refers to tim.o(.bss) for .bss
    tim.o(i.MX_TIM4_Init) refers to stm32f1xx_hal_tim.o(i.HAL_TIM_Base_Init) for HAL_TIM_Base_Init
    tim.o(i.MX_TIM4_Init) refers to main.o(i._Error_Handler) for _Error_Handler
    tim.o(i.MX_TIM4_Init) refers to stm32f1xx_hal_tim.o(i.HAL_TIM_ConfigClockSource) for HAL_TIM_ConfigClockSource
    tim.o(i.MX_TIM4_Init) refers to stm32f1xx_hal_tim_ex.o(i.HAL_TIMEx_MasterConfigSynchronization) for HAL_TIMEx_MasterConfigSynchronization
    tim.o(i.MX_TIM4_Init) refers to tim.o(.bss) for .bss
    dma.o(i.MX_DMA_Init) refers to stm32f1xx_hal_cortex.o(i.HAL_NVIC_SetPriority) for HAL_NVIC_SetPriority
    dma.o(i.MX_DMA_Init) refers to stm32f1xx_hal_cortex.o(i.HAL_NVIC_EnableIRQ) for HAL_NVIC_EnableIRQ
    adc.o(i.HAL_ADC_MspDeInit) refers to stm32f1xx_hal_gpio.o(i.HAL_GPIO_DeInit) for HAL_GPIO_DeInit
    adc.o(i.HAL_ADC_MspDeInit) refers to stm32f1xx_hal_cortex.o(i.HAL_NVIC_DisableIRQ) for HAL_NVIC_DisableIRQ
    adc.o(i.HAL_ADC_MspInit) refers to stm32f1xx_hal_gpio.o(i.HAL_GPIO_Init) for HAL_GPIO_Init
    adc.o(i.HAL_ADC_MspInit) refers to stm32f1xx_hal_cortex.o(i.HAL_NVIC_SetPriority) for HAL_NVIC_SetPriority
    adc.o(i.HAL_ADC_MspInit) refers to stm32f1xx_hal_cortex.o(i.HAL_NVIC_EnableIRQ) for HAL_NVIC_EnableIRQ
    adc.o(i.MX_ADC1_Init) refers to stm32f1xx_hal_adc.o(i.HAL_ADC_Init) for HAL_ADC_Init
    adc.o(i.MX_ADC1_Init) refers to main.o(i._Error_Handler) for _Error_Handler
    adc.o(i.MX_ADC1_Init) refers to stm32f1xx_hal_adc.o(i.HAL_ADC_ConfigChannel) for HAL_ADC_ConfigChannel
    adc.o(i.MX_ADC1_Init) refers to adc.o(.bss) for .bss
    usart.o(i.HAL_UART_MspDeInit) refers to stm32f1xx_hal_gpio.o(i.HAL_GPIO_DeInit) for HAL_GPIO_DeInit
    usart.o(i.HAL_UART_MspDeInit) refers to stm32f1xx_hal_dma.o(i.HAL_DMA_DeInit) for HAL_DMA_DeInit
    usart.o(i.HAL_UART_MspDeInit) refers to stm32f1xx_hal_cortex.o(i.HAL_NVIC_DisableIRQ) for HAL_NVIC_DisableIRQ
    usart.o(i.HAL_UART_MspInit) refers to stm32f1xx_hal_gpio.o(i.HAL_GPIO_Init) for HAL_GPIO_Init
    usart.o(i.HAL_UART_MspInit) refers to stm32f1xx_hal_dma.o(i.HAL_DMA_Init) for HAL_DMA_Init
[...]
    Removing system_stm32f1xx.o(i.SystemCoreClockUpdate), (104 bytes).
    Removing led.o(.rev16_text), (4 bytes).
    Removing led.o(.revsh_text), (4 bytes).
    Removing led.o(.rrx_text), (6 bytes).
    Removing my_adc.o(.rev16_text), (4 bytes).
    Removing my_adc.o(.revsh_text), (4 bytes).
    Removing my_adc.o(.rrx_text), (6 bytes).
    Removing my_pwm_input.o(.rev16_text), (4 bytes).
    Removing my_pwm_input.o(.revsh_text), (4 bytes).
    Removing my_pwm_input.o(.rrx_text), (6 bytes).
    Removing process.o(.rev16_text), (4 bytes).
    Removing process.o(.revsh_text), (4 bytes).
    Removing process.o(.rrx_text), (6 bytes).
    Removing system_control.o(.rev16_text), (4 bytes).
    Removing system_control.o(.revsh_text), (4 bytes).
    Removing system_control.o(.rrx_text), (6 bytes).
    Removing system_control.o(.data), (2 bytes).
    Removing 24cxx.o(.rev16_text), (4 bytes).
    Removing 24cxx.o(.revsh_text), (4 bytes).
    Removing 24cxx.o(.rrx_text), (6 bytes).
    Removing 24cxx.o(i.AT24CXX_Check), (38 bytes).
    Removing 24cxx.o(i.AT24CXX_Init), (4 bytes).
    Removing 24cxx.o(i.AT24CXX_Read), (34 bytes).
    Removing 24cxx.o(i.AT24CXX_ReadLenByte), (42 bytes).
    Removing 24cxx.o(i.AT24CXX_ReadOneByte), (66 bytes).
    Removing 24cxx.o(i.AT24CXX_Write), (32 bytes).
    Removing 24cxx.o(i.AT24CXX_WriteLenByte), (42 bytes).
    Removing 24cxx.o(i.AT24CXX_WriteOneByte), (62 bytes).
    Removing myiic.o(.rev16_text), (4 bytes).
    Removing myiic.o(.revsh_text), (4 bytes).
    Removing myiic.o(.rrx_text), (6 bytes).
    Removing myiic.o(i.IIC_Ack), (60 bytes).
    Removing myiic.o(i.IIC_Init), (68 bytes).
    Removing myiic.o(i.IIC_NAck), (60 bytes).
    Removing myiic.o(i.IIC_Read_Byte), (104 bytes).
    Removing mynop.o(.rev16_text), (4 bytes).
    Removing mynop.o(.revsh_text), (4 bytes).
    Removing mynop.o(.rrx_text), (6 bytes).
    Removing stm32_bsp_timer.o(.rev16_text), (4 bytes).
    Removing stm32_bsp_timer.o(.revsh_text), (4 bytes).
    Removing stm32_bsp_timer.o(.rrx_text), (6 bytes).
    Removing stm32_bsp_timer.o(i.Disable_Pwm_Output), (60 bytes).
    Removing stm32_bsp_timer.o(i.Enable_Pwm_Output), (60 bytes).
    Removing stm32_bsp_timer.o(i.Get_Function_Period), (52 bytes).
    Removing stm32_bsp_timer.o(i.Pause_User_Timer), (24 bytes).
    Removing stm32_bsp_timer.o(i.Resume_User_Timer), (38 bytes).
    Removing stm32_bsp_timer.o(i.Start_Pwm_Tiemr), (36 bytes).
    Removing stm32_bsp_uart.o(.rev16_text), (4 bytes).
    Removing stm32_bsp_uart.o(.revsh_text), (4 bytes).
    Removing stm32_bsp_uart.o(.rrx_text), (6 bytes).
    Removing board_gimbal_cmd_process.o(.rev16_text), (4 bytes).
    Removing board_gimbal_cmd_process.o(.revsh_text), (4 bytes).
    Removing board_gimbal_cmd_process.o(.rrx_text), (6 bytes).
    Removing sys.o(.rev16_text), (4 bytes).
    Removing sys.o(.revsh_text), (4 bytes).
    Removing sys.o(.rrx_text), (6 bytes).
    Removing sys.o(.emb_text), (6 bytes).
    Removing sys.o(i.INTX_DISABLE), (4 bytes).
    Removing sys.o(i.INTX_ENABLE), (4 bytes).
    Removing sys.o(i.WFI_SET), (4 bytes).

397 unused section(s) (total 21714 bytes) removed from the image.

==============================================================================

Image Symbol Table

    Local Symbols

    Symbol Name                              Value     Ov Type        Size  Object(Section)

    ../Drivers/STM32F1xx_HAL_Driver/Src/stm32f1xx_hal.c 0x00000000   Number         0  stm32f1xx_hal.o ABSOLUTE
    ../Drivers/STM32F1xx_HAL_Driver/Src/stm32f1xx_hal_adc.c 0x00000000   Number         0  stm32f1xx_hal_adc.o ABSOLUTE
    ../Drivers/STM32F1xx_HAL_Driver/Src/stm32f1xx_hal_adc_ex.c 0x00000000   Number         0  stm32f1xx_hal_adc_ex.o ABSOLUTE
    ../Drivers/STM32F1xx_HAL_Driver/Src/stm32f1xx_hal_cortex.c 0x00000000   Number         0  stm32f1xx_hal_cortex.o ABSOLUTE
    ../Drivers/STM32F1xx_HAL_Driver/Src/stm32f1xx_hal_dma.c 0x00000000   Number         0  stm32f1xx_hal_dma.o ABSOLUTE
    ../Drivers/STM32F1xx_HAL_Driver/Src/stm32f1xx_hal_flash.c 0x00000000   Number         0  stm32f1xx_hal_flash.o ABSOLUTE
    ../Drivers/STM32F1xx_HAL_Driver/Src/stm32f1xx_hal_flash_ex.c 0x00000000   Number         0  stm32f1xx_hal_flash_ex.o ABSOLUTE
    ../Drivers/STM32F1xx_HAL_Driver/Src/stm32f1xx_hal_gpio.c 0x00000000   Number         0  stm32f1xx_hal_gpio.o ABSOLUTE
    ../Drivers/STM32F1xx_HAL_Driver/Src/stm32f1xx_hal_gpio_ex.c 0x00000000   Number         0  stm32f1xx_hal_gpio_ex.o ABSOLUTE
    ../Drivers/STM32F1xx_HAL_Driver/Src/stm32f1xx_hal_pwr.c 0x00000000   Number         0  stm32f1xx_hal_pwr.o ABSOLUTE
    ../Drivers/STM32F1xx_HAL_Driver/Src/stm32f1xx_hal_rcc.c 0x00000000   Number         0  stm32f1xx_hal_rcc.o ABSOLUTE
    ../Drivers/STM32F1xx_HAL_Driver/Src/stm32f1xx_hal_rcc_ex.c 0x00000000   Number         0  stm32f1xx_hal_rcc_ex.o ABSOLUTE
    ../Drivers/STM32F1xx_HAL_Driver/Src/stm32f1xx_hal_tim.c 0x00000000   Number         0  stm32f1xx_hal_tim.o ABSOLUTE
    ../Drivers/STM32F1xx_HAL_Driver/Src/stm32f1xx_hal_tim_ex.c 0x00000000   Number         0  stm32f1xx_hal_tim_ex.o ABSOLUTE
    ../Drivers/STM32F1xx_HAL_Driver/Src/stm32f1xx_hal_uart.c 0x00000000   Number         0  stm32f1xx_hal_uart.o ABSOLUTE
    ../Src/adc.c                             0x00000000   Number         0  adc.o ABSOLUTE
    ../Src/dma.c                             0x00000000   Number         0  dma.o ABSOLUTE
    ../Src/gpio.c                            0x00000000   Number         0  gpio.o ABSOLUTE
    ../Src/main.c                            0x00000000   Number         0  main.o ABSOLUTE
    ../Src/stm32f1xx_hal_msp.c               0x00000000   Number         0  stm32f1xx_hal_msp.o ABSOLUTE
    ../Src/stm32f1xx_it.c                    0x00000000   Number         0  stm32f1xx_it.o ABSOLUTE
    ../Src/system_stm32f1xx.c                0x00000000   Number         0  system_stm32f1xx.o ABSOLUTE
    ../Src/tim.c                             0x00000000   Number         0  tim.o ABSOLUTE
    ../Src/usart.c                           0x00000000   Number         0  usart.o ABSOLUTE
    ../clib/microlib/init/entry.s            0x00000000   Number         0  entry11b.o ABSOLUTE
    ../clib/microlib/init/entry.s            0x00000000   Number         0  entry9a.o ABSOLUTE
    ../clib/microlib/init/entry.s            0x00000000   Number         0  entry8b.o ABSOLUTE
    ../clib/microlib/init/entry.s            0x00000000   Number         0  entry8a.o ABSOLUTE
    ../clib/microlib/init/entry.s            0x00000000   Number         0  entry7a.o ABSOLUTE
    ../clib/microlib/init/entry.s            0x00000000   Number         0  entry5.o ABSOLUTE
    ../clib/microlib/init/entry.s            0x00000000   Number         0  entry2.o ABSOLUTE
    ../clib/microlib/init/entry.s            0x00000000   Number         0  entry9b.o ABSOLUTE
    ../clib/microlib/init/entry.s            0x00000000   Number         0  entry10a.o ABSOLUTE
    ../clib/microlib/init/entry.s            0x00000000   Number         0  entry10b.o ABSOLUTE
    ../clib/microlib/init/entry.s            0x00000000   Number         0  entry.o ABSOLUTE
    ../clib/microlib/init/entry.s            0x00000000   Number         0  entry11a.o ABSOLUTE
    ../clib/microlib/init/entry.s            0x00000000   Number         0  entry7b.o ABSOLUTE
    ../clib/microlib/longlong.c              0x00000000   Number         0  llshl.o ABSOLUTE
    ../clib/microlib/longlong.c              0x00000000   Number         0  llushr.o ABSOLUTE
    ../clib/microlib/stubs.s                 0x00000000   Number         0  iusefp.o ABSOLUTE
    ../fplib/microlib/d2f.c                  0x00000000   Number         0  d2f.o ABSOLUTE
    ../fplib/microlib/fpdiv.c                0x00000000   Number         0  fdiv.o ABSOLUTE
    ../fplib/microlib/fpepilogue.c           0x00000000   Number         0  depilogue.o ABSOLUTE
    ../fplib/microlib/fpepilogue.c           0x00000000   Number         0  fepilogue.o ABSOLUTE
    ../fplib/microlib/fpfix.c                0x00000000   Number         0  ffixui.o ABSOLUTE
    ../fplib/microlib/fpflt.c                0x00000000   Number         0  dfltui.o ABSOLUTE
    ../fplib/microlib/fpflt.c                0x00000000   Number         0  ffltui.o ABSOLUTE
    ../fplib/microlib/fpmul.c                0x00000000   Number         0  dmul.o ABSOLUTE
    ../fplib/microlib/fpscalb.c              0x00000000   Number         0  dscalb.o ABSOLUTE
    ..\Application\Communication\src\board_gimbal_cmd_process.c 0x00000000   Number         0  board_gimbal_cmd_process.o ABSOLUTE
    ..\Drivers\STM32F1xx_HAL_Driver\Src\stm32f1xx_hal.c 0x00000000   Number         0  stm32f1xx_hal.o ABSOLUTE
    ..\Drivers\STM32F1xx_HAL_Driver\Src\stm32f1xx_hal_adc.c 0x00000000   Number         0  stm32f1xx_hal_adc.o ABSOLUTE
    ..\Drivers\STM32F1xx_HAL_Driver\Src\stm32f1xx_hal_adc_ex.c 0x00000000   Number         0  stm32f1xx_hal_adc_ex.o ABSOLUTE
    ..\Drivers\STM32F1xx_HAL_Driver\Src\stm32f1xx_hal_cortex.c 0x00000000   Number         0  stm32f1xx_hal_cortex.o ABSOLUTE
    ..\Drivers\STM32F1xx_HAL_Driver\Src\stm32f1xx_hal_dma.c 0x00000000   Number         0  stm32f1xx_hal_dma.o ABSOLUTE
    ..\Drivers\STM32F1xx_HAL_Driver\Src\stm32f1xx_hal_flash.c 0x00000000   Number         0  stm32f1xx_hal_flash.o ABSOLUTE
    ..\Drivers\STM32F1xx_HAL_Driver\Src\stm32f1xx_hal_flash_ex.c 0x00000000   Number         0  stm32f1xx_hal_flash_ex.o ABSOLUTE
    ..\Drivers\STM32F1xx_HAL_Driver\Src\stm32f1xx_hal_gpio.c 0x00000000   Number         0  stm32f1xx_hal_gpio.o ABSOLUTE
    ..\Drivers\STM32F1xx_HAL_Driver\Src\stm32f1xx_hal_gpio_ex.c 0x00000000   Number         0  stm32f1xx_hal_gpio_ex.o ABSOLUTE
    ..\Drivers\STM32F1xx_HAL_Driver\Src\stm32f1xx_hal_pwr.c 0x00000000   Number         0  stm32f1xx_hal_pwr.o ABSOLUTE
    ..\Drivers\STM32F1xx_HAL_Driver\Src\stm32f1xx_hal_rcc.c 0x00000000   Number         0  stm32f1xx_hal_rcc.o ABSOLUTE
    ..\Drivers\STM32F1xx_HAL_Driver\Src\stm32f1xx_hal_rcc_ex.c 0x00000000   Number         0  stm32f1xx_hal_rcc_ex.o ABSOLUTE
    ..\Drivers\STM32F1xx_HAL_Driver\Src\stm32f1xx_hal_tim.c 0x00000000   Number         0  stm32f1xx_hal_tim.o ABSOLUTE
    ..\Drivers\STM32F1xx_HAL_Driver\Src\stm32f1xx_hal_tim_ex.c 0x00000000   Number         0  stm32f1xx_hal_tim_ex.o ABSOLUTE
    ..\Drivers\STM32F1xx_HAL_Driver\Src\stm32f1xx_hal_uart.c 0x00000000   Number         0  stm32f1xx_hal_uart.o ABSOLUTE
    ..\Drivers\STM32_BSP_Driver\src\stm32_bsp_timer.C 0x00000000   Number         0  stm32_bsp_timer.o ABSOLUTE
    ..\Drivers\STM32_BSP_Driver\src\stm32_bsp_uart.C 0x00000000   Number         0  stm32_bsp_uart.o ABSOLUTE
    ..\SYSTEM\sys\sys.c                      0x00000000   Number         0  sys.o ABSOLUTE
    ..\Src\adc.c                             0x00000000   Number         0  adc.o ABSOLUTE
    ..\Src\dma.c                             0x00000000   Number         0  dma.o ABSOLUTE
    ..\Src\gpio.c                            0x00000000   Number         0  gpio.o ABSOLUTE
    ..\Src\main.c                            0x00000000   Number         0  main.o ABSOLUTE
    ..\Src\stm32f1xx_hal_msp.c               0x00000000   Number         0  stm32f1xx_hal_msp.o ABSOLUTE
    ..\Src\stm32f1xx_it.c                    0x00000000   Number         0  stm32f1xx_it.o ABSOLUTE
    ..\Src\system_control.c                  0x00000000   Number         0  system_control.o ABSOLUTE
    ..\Src\system_stm32f1xx.c                0x00000000   Number         0  system_stm32f1xx.o ABSOLUTE
    ..\Src\tim.c                             0x00000000   Number         0  tim.o ABSOLUTE
    ..\Src\usart.c                           0x00000000   Number         0  usart.o ABSOLUTE
    ..\USER\24cxx.c                          0x00000000   Number         0  24cxx.o ABSOLUTE
    ..\USER\led.c                            0x00000000   Number         0  led.o ABSOLUTE
    ..\USER\my_adc.c                         0x00000000   Number         0  my_adc.o ABSOLUTE
    ..\USER\my_pwm_input.c                   0x00000000   Number         0  my_pwm_input.o ABSOLUTE
    ..\USER\myiic.c                          0x00000000   Number         0  myiic.o ABSOLUTE
    ..\USER\mynop.c                          0x00000000   Number         0  mynop.o ABSOLUTE
    ..\USER\process.c                        0x00000000   Number         0  process.o ABSOLUTE
    ..\\Application\\Communication\\src\\board_gimbal_cmd_process.c 0x00000000   Number         0  board_gimbal_cmd_process.o ABSOLUTE
    ..\\Drivers\\STM32_BSP_Driver\\src\\stm32_bsp_timer.C 0x00000000   Number         0  stm32_bsp_timer.o ABSOLUTE
    ..\\Drivers\\STM32_BSP_Driver\\src\\stm32_bsp_uart.C 0x00000000   Number         0  stm32_bsp_uart.o ABSOLUTE
    ..\\SYSTEM\\sys\\sys.c                   0x00000000   Number         0  sys.o ABSOLUTE
    ..\\Src\\system_control.c                0x00000000   Number         0  system_control.o ABSOLUTE
    ..\\USER\\24cxx.c                        0x00000000   Number         0  24cxx.o ABSOLUTE
    ..\\USER\\led.c                          0x00000000   Number         0  led.o ABSOLUTE
    ..\\USER\\my_adc.c                       0x00000000   Number         0  my_adc.o ABSOLUTE
    ..\\USER\\my_pwm_input.c                 0x00000000   Number         0  my_pwm_input.o ABSOLUTE
    ..\\USER\\myiic.c                        0x00000000   Number         0  myiic.o ABSOLUTE
    ..\\USER\\mynop.c                        0x00000000   Number         0  mynop.o ABSOLUTE
    ..\\USER\\process.c                      0x00000000   Number         0  process.o ABSOLUTE
    dc.s                                     0x00000000   Number         0  dc.o ABSOLUTE
    handlers.s                               0x00000000   Number         0  handlers.o ABSOLUTE
    init.s                                   0x00000000   Number         0  init.o ABSOLUTE
    startup_stm32f103xe.s                    0x00000000   Number         0  startup_stm32f103xe.o ABSOLUTE
    RESET                                    0x08000000   Section      304  startup_stm32f103xe.o(RESET)
    .ARM.Collect$$$$00000000                 0x08000130   Section        0  entry.o(.ARM.Collect$$$$00000000)
    .ARM.Collect$$$$00000001                 0x08000130   Section        4  entry2.o(.ARM.Collect$$$$00000001)
    .ARM.Collect$$$$00000004                 0x08000134   Section        4  entry5.o(.ARM.Collect$$$$00000004)
    .ARM.Collect$$$$00000008                 0x08000138   Section        0  entry7b.o(.ARM.Collect$$$$00000008)
    .ARM.Collect$$$$0000000A                 0x08000138   Section        0  entry8b.o(.ARM.Collect$$$$0000000A)
    .ARM.Collect$$$$0000000B                 0x08000138   Section        8  entry9a.o(.ARM.Collect$$$$0000000B)
    .ARM.Collect$$$$0000000D                 0x08000140   Section        0  entry10a.o(.ARM.Collect$$$$0000000D)
    .ARM.Collect$$$$0000000F                 0x08000140   Section        0  entry11a.o(.ARM.Collect$$$$0000000F)
    .ARM.Collect$$$$00002712                 0x08000140   Section        4  entry2.o(.ARM.Collect$$$$00002712)
    __lit__00000000                          0x08000140   Data           4  entry2.o(.ARM.Collect$$$$00002712)
    .text                                    0x08000144   Section       36  startup_stm32f103xe.o(.text)
    .text                                    0x08000168   Section        0  llushr.o(.text)
    .text                                    0x08000188   Section        0  fdiv.o(.text)
    .text                                    0x08000204   Section        0  dmul.o(.text)
    .text                                    0x080002e8   Section        0  dscalb.o(.text)
    .text                                    0x08000316   Section        0  ffltui.o(.text)
    .text                                    0x08000320   Section        0  dfltui.o(.text)
    .text                                    0x0800033a   Section        0  ffixui.o(.text)
    .text                                    0x08000362   Section        0  d2f.o(.text)
    .text                                    0x0800039a   Section        0  iusefp.o(.text)
    .text                                    0x0800039a   Section        0  fepilogue.o(.text)
    .text                                    0x08000408   Section        0  depilogue.o(.text)
    .text                                    0x080004c4   Section       36  init.o(.text)
    .text                                    0x080004e8   Section        0  llshl.o(.text)
    i.ADC1_2_IRQHandler                      0x08000508   Section        0  stm32f1xx_it.o(i.ADC1_2_IRQHandler)
    i.ADC_ConversionStop_Disable             0x08000514   Section        0  stm32f1xx_hal_adc.o(i.ADC_ConversionStop_Disable)
    i.ADC_Enable                             0x08000560   Section        0  stm32f1xx_hal_adc.o(i.ADC_Enable)
    i.Board_Gimbal_Cmd_Trans_Process         0x080005d0   Section        0  board_gimbal_cmd_process.o(i.Board_Gimbal_Cmd_Trans_Process)
    i.BusFault_Handler                       0x080005d2   Section        0  stm32f1xx_it.o(i.BusFault_Handler)
    i.DMA1_Channel2_IRQHandler               0x080005d4   Section        0  stm32f1xx_it.o(i.DMA1_Channel2_IRQHandler)
    i.DMA1_Channel3_IRQHandler               0x080005e0   Section        0  stm32f1xx_it.o(i.DMA1_Channel3_IRQHandler)
    i.DMA1_Channel4_IRQHandler               0x080005ec   Section        0  stm32f1xx_it.o(i.DMA1_Channel4_IRQHandler)
    i.DMA1_Channel5_IRQHandler               0x080005f8   Section        0  stm32f1xx_it.o(i.DMA1_Channel5_IRQHandler)
    i.DMA1_Channel6_IRQHandler               0x08000604   Section        0  stm32f1xx_it.o(i.DMA1_Channel6_IRQHandler)
    i.DMA1_Channel7_IRQHandler               0x08000610   Section        0  stm32f1xx_it.o(i.DMA1_Channel7_IRQHandler)
    i.DebugMon_Handler                       0x0800061c   Section        0  stm32f1xx_it.o(i.DebugMon_Handler)
    i.Delay_nop_1us                          0x0800061e   Section        0  mynop.o(i.Delay_nop_1us)
    i.Delay_nop_2us                          0x08000630   Section        0  mynop.o(i.Delay_nop_2us)
    i.Delay_nop_4us                          0x08000642   Section        0  mynop.o(i.Delay_nop_4us)
    i.Get_Adc                                0x08000654   Section        0  my_adc.o(i.Get_Adc)
    i.Get_Adc_Average                        0x08000684   Section        0  my_adc.o(i.Get_Adc_Average)
    i.HAL_ADCEx_Calibration_Start            0x080006a8   Section        0  stm32f1xx_hal_adc_ex.o(i.HAL_ADCEx_Calibration_Start)
    i.HAL_ADCEx_InjectedConvCpltCallback     0x08000770   Section        0  stm32f1xx_hal_adc_ex.o(i.HAL_ADCEx_InjectedConvCpltCallback)
    i.HAL_ADC_ConfigChannel                  0x08000774   Section        0  stm32f1xx_hal_adc.o(i.HAL_ADC_ConfigChannel)
    i.HAL_ADC_ConvCpltCallback               0x080008dc   Section        0  stm32f1xx_hal_adc.o(i.HAL_ADC_ConvCpltCallback)
    i.HAL_ADC_GetState                       0x080008de   Section        0  stm32f1xx_hal_adc.o(i.HAL_ADC_GetState)
    i.HAL_ADC_GetValue                       0x080008e2   Section        0  stm32f1xx_hal_adc.o(i.HAL_ADC_GetValue)
    i.HAL_ADC_IRQHandler                     0x080008e8   Section        0  stm32f1xx_hal_adc.o(i.HAL_ADC_IRQHandler)
    i.HAL_ADC_Init                           0x080009d0   Section        0  stm32f1xx_hal_adc.o(i.HAL_ADC_Init)
    i.HAL_ADC_LevelOutOfWindowCallback       0x08000b18   Section        0  stm32f1xx_hal_adc.o(i.HAL_ADC_LevelOutOfWindowCallback)
    i.HAL_ADC_MspInit                        0x08000b1c   Section        0  adc.o(i.HAL_ADC_MspInit)
    i.HAL_ADC_PollForConversion              0x08000b6c   Section        0  stm32f1xx_hal_adc.o(i.HAL_ADC_PollForConversion)
    i.HAL_ADC_Start                          0x08000c9c   Section        0  stm32f1xx_hal_adc.o(i.HAL_ADC_Start)
    i.HAL_DMA_IRQHandler                     0x08000d5c   Section        0  stm32f1xx_hal_dma.o(i.HAL_DMA_IRQHandler)
    i.HAL_DMA_Init                           0x08001214   Section        0  stm32f1xx_hal_dma.o(i.HAL_DMA_Init)
    i.HAL_Delay                              0x08001264   Section        0  stm32f1xx_hal.o(i.HAL_Delay)
    i.HAL_GPIO_Init                          0x0800127c   Section        0  stm32f1xx_hal_gpio.o(i.HAL_GPIO_Init)
    i.HAL_GPIO_WritePin                      0x08001464   Section        0  stm32f1xx_hal_gpio.o(i.HAL_GPIO_WritePin)
    i.HAL_GetTick                            0x08001470   Section        0  stm32f1xx_hal.o(i.HAL_GetTick)
    i.HAL_IncTick                            0x0800147c   Section        0  stm32f1xx_hal.o(i.HAL_IncTick)
    i.HAL_Init                               0x0800148c   Section        0  stm32f1xx_hal.o(i.HAL_Init)
    i.HAL_InitTick                           0x080014b0   Section        0  stm32f1xx_hal.o(i.HAL_InitTick)
    i.HAL_MspInit                            0x080014d4   Section        0  stm32f1xx_hal_msp.o(i.HAL_MspInit)
    i.HAL_NVIC_EnableIRQ                     0x08001554   Section        0  stm32f1xx_hal_cortex.o(i.HAL_NVIC_EnableIRQ)
    i.HAL_NVIC_SetPriority                   0x0800156c   Section        0  stm32f1xx_hal_cortex.o(i.HAL_NVIC_SetPriority)
    i.HAL_NVIC_SetPriorityGrouping           0x080015ac   Section        0  stm32f1xx_hal_cortex.o(i.HAL_NVIC_SetPriorityGrouping)
    i.HAL_RCCEx_GetPeriphCLKFreq             0x080015d0   Section        0  stm32f1xx_hal_rcc_ex.o(i.HAL_RCCEx_GetPeriphCLKFreq)
    i.HAL_RCCEx_PeriphCLKConfig              0x080016d0   Section        0  stm32f1xx_hal_rcc_ex.o(i.HAL_RCCEx_PeriphCLKConfig)
    i.HAL_RCC_ClockConfig                    0x080017fc   Section        0  stm32f1xx_hal_rcc.o(i.HAL_RCC_ClockConfig)
    i.HAL_RCC_GetHCLKFreq                    0x08001984   Section        0  stm32f1xx_hal_rcc.o(i.HAL_RCC_GetHCLKFreq)
    i.HAL_RCC_GetPCLK1Freq                   0x08001990   Section        0  stm32f1xx_hal_rcc.o(i.HAL_RCC_GetPCLK1Freq)
    i.HAL_RCC_GetPCLK2Freq                   0x080019c0   Section        0  stm32f1xx_hal_rcc.o(i.HAL_RCC_GetPCLK2Freq)
    i.HAL_RCC_GetSysClockFreq                0x080019f0   Section        0  stm32f1xx_hal_rcc.o(i.HAL_RCC_GetSysClockFreq)
    i.HAL_RCC_OscConfig                      0x08001a78   Section        0  stm32f1xx_hal_rcc.o(i.HAL_RCC_OscConfig)
    i.HAL_SYSTICK_CLKSourceConfig            0x08001ff6   Section        0  stm32f1xx_hal_cortex.o(i.HAL_SYSTICK_CLKSourceConfig)
    i.HAL_SYSTICK_Callback                   0x0800200e   Section        0  stm32f1xx_hal_cortex.o(i.HAL_SYSTICK_Callback)
    i.HAL_SYSTICK_Config                     0x08002010   Section        0  stm32f1xx_hal_cortex.o(i.HAL_SYSTICK_Config)
    i.HAL_SYSTICK_IRQHandler                 0x08002038   Section        0  stm32f1xx_hal_cortex.o(i.HAL_SYSTICK_IRQHandler)
    i.HAL_TIMEx_BreakCallback                0x08002040   Section        0  stm32f1xx_hal_tim_ex.o(i.HAL_TIMEx_BreakCallback)
    i.HAL_TIMEx_CommutationCallback          0x08002042   Section        0  stm32f1xx_hal_tim_ex.o(i.HAL_TIMEx_CommutationCallback)
    i.HAL_TIMEx_ConfigBreakDeadTime          0x08002044   Section        0  stm32f1xx_hal_tim_ex.o(i.HAL_TIMEx_ConfigBreakDeadTime)
    i.HAL_TIMEx_MasterConfigSynchronization  0x08002086   Section        0  stm32f1xx_hal_tim_ex.o(i.HAL_TIMEx_MasterConfigSynchronization)
    i.HAL_TIM_Base_Init                      0x080020d6   Section        0  stm32f1xx_hal_tim.o(i.HAL_TIM_Base_Init)
    i.HAL_TIM_Base_MspInit                   0x0800210c   Section        0  tim.o(i.HAL_TIM_Base_MspInit)
    i.HAL_TIM_Base_Start                     0x08002148   Section        0  stm32f1xx_hal_tim.o(i.HAL_TIM_Base_Start)
    i.HAL_TIM_Base_Start_IT                  0x08002162   Section        0  stm32f1xx_hal_tim.o(i.HAL_TIM_Base_Start_IT)
    i.HAL_TIM_ConfigClockSource              0x0800217a   Section        0  stm32f1xx_hal_tim.o(i.HAL_TIM_ConfigClockSource)
    i.HAL_TIM_IC_CaptureCallback             0x0800226c   Section        0  my_pwm_input.o(i.HAL_TIM_IC_CaptureCallback)
    i.HAL_TIM_IC_ConfigChannel               0x08002314   Section        0  stm32f1xx_hal_tim.o(i.HAL_TIM_IC_ConfigChannel)
    i.HAL_TIM_IC_Init                        0x08002432   Section        0  stm32f1xx_hal_tim.o(i.HAL_TIM_IC_Init)
    i.HAL_TIM_IC_MspInit                     0x08002468   Section        0  tim.o(i.HAL_TIM_IC_MspInit)
    i.HAL_TIM_IC_Start_IT                    0x080024b8   Section        0  stm32f1xx_hal_tim.o(i.HAL_TIM_IC_Start_IT)
    i.HAL_TIM_IRQHandler                     0x08002504   Section        0  stm32f1xx_hal_tim.o(i.HAL_TIM_IRQHandler)
    i.HAL_TIM_MspPostInit                    0x0800266c   Section        0  tim.o(i.HAL_TIM_MspPostInit)
    i.HAL_TIM_OC_DelayElapsedCallback        0x08002694   Section        0  stm32f1xx_hal_tim.o(i.HAL_TIM_OC_DelayElapsedCallback)
    i.HAL_TIM_PWM_ConfigChannel              0x08002696   Section        0  stm32f1xx_hal_tim.o(i.HAL_TIM_PWM_ConfigChannel)
    i.HAL_TIM_PWM_Init                       0x08002766   Section        0  stm32f1xx_hal_tim.o(i.HAL_TIM_PWM_Init)
    i.HAL_TIM_PWM_MspInit                    0x0800279c   Section        0  tim.o(i.HAL_TIM_PWM_MspInit)
    i.HAL_TIM_PWM_PulseFinishedCallback      0x080027c4   Section        0  stm32f1xx_hal_tim.o(i.HAL_TIM_PWM_PulseFinishedCallback)
    i.HAL_TIM_PWM_Start                      0x080027c8   Section        0  stm32f1xx_hal_tim.o(i.HAL_TIM_PWM_Start)
    i.HAL_TIM_PeriodElapsedCallback          0x08002800   Section        0  stm32f1xx_hal_tim.o(i.HAL_TIM_PeriodElapsedCallback)
    i.HAL_TIM_ReadCapturedValue              0x08002802   Section        0  stm32f1xx_hal_tim.o(i.HAL_TIM_ReadCapturedValue)
    i.HAL_TIM_TriggerCallback                0x08002846   Section        0  stm32f1xx_hal_tim.o(i.HAL_TIM_TriggerCallback)
    i.HAL_UART_ErrorCallback                 0x08002848   Section        0  stm32f1xx_hal_uart.o(i.HAL_UART_ErrorCallback)
    i.HAL_UART_IRQHandler                    0x0800284c   Section        0  stm32f1xx_hal_uart.o(i.HAL_UART_IRQHandler)
    i.HAL_UART_Init                          0x08002926   Section        0  stm32f1xx_hal_uart.o(i.HAL_UART_Init)
    i.HAL_UART_MspInit                       0x08002984   Section        0  usart.o(i.HAL_UART_MspInit)
    i.HAL_UART_RxCpltCallback                0x08002bf4   Section        0  stm32f1xx_hal_uart.o(i.HAL_UART_RxCpltCallback)
    i.HAL_UART_TxCpltCallback                0x08002bf6   Section        0  stm32f1xx_hal_uart.o(i.HAL_UART_TxCpltCallback)
    i.HardFault_Handler                      0x08002bf8   Section        0  stm32f1xx_it.o(i.HardFault_Handler)
    i.IIC_Send_Byte                          0x08002bfc   Section        0  myiic.o(i.IIC_Send_Byte)
    i.IIC_Start                              0x08002c54   Section        0  myiic.o(i.IIC_Start)
    i.IIC_Stop                               0x08002c90   Section        0  myiic.o(i.IIC_Stop)
    i.IIC_Wait_Ack                           0x08002cd0   Section        0  myiic.o(i.IIC_Wait_Ack)
    i.MX_ADC1_Init                           0x08002d24   Section        0  adc.o(i.MX_ADC1_Init)
    i.MX_DMA_Init                            0x08002d84   Section        0  dma.o(i.MX_DMA_Init)
    i.MX_GPIO_Init                           0x08002e00   Section        0  gpio.o(i.MX_GPIO_Init)
    i.MX_TIM1_Init                           0x08002e74   Section        0  tim.o(i.MX_TIM1_Init)
    i.MX_TIM2_Init                           0x08002f24   Section        0  tim.o(i.MX_TIM2_Init)
    i.MX_TIM3_Init                           0x08002f9c   Section        0  tim.o(i.MX_TIM3_Init)
    i.MX_TIM4_Init                           0x08003018   Section        0  tim.o(i.MX_TIM4_Init)
    i.MX_USART1_UART_Init                    0x08003090   Section        0  usart.o(i.MX_USART1_UART_Init)
    i.MX_USART2_UART_Init                    0x080030dc   Section        0  usart.o(i.MX_USART2_UART_Init)
    i.MX_USART3_UART_Init                    0x08003128   Section        0  usart.o(i.MX_USART3_UART_Init)
    i.MemManage_Handler                      0x08003174   Section        0  stm32f1xx_it.o(i.MemManage_Handler)
    i.NMI_Handler                            0x08003176   Section        0  stm32f1xx_it.o(i.NMI_Handler)
    i.NVIC_SetPriority                       0x08003178   Section        0  stm32f1xx_hal_cortex.o(i.NVIC_SetPriority)
    NVIC_SetPriority                         0x08003179   Thumb Code    32  stm32f1xx_hal_cortex.o(i.NVIC_SetPriority)
    i.Pack_And_Send_Cmd                      0x08003198   Section        0  process.o(i.Pack_And_Send_Cmd)
    i.PendSV_Handler                         0x08003234   Section        0  stm32f1xx_it.o(i.PendSV_Handler)
    i.Reset_User_Timer                       0x08003236   Section        0  stm32_bsp_timer.o(i.Reset_User_Timer)
    i.SVC_Handler                            0x08003260   Section        0  stm32f1xx_it.o(i.SVC_Handler)
    i.Start_ADC_Conv_Period                  0x08003264   Section        0  my_adc.o(i.Start_ADC_Conv_Period)
    i.Start_User_Timer                       0x080032a4   Section        0  stm32_bsp_timer.o(i.Start_User_Timer)
    i.Statr_Microsecond_Timer                0x080032d0   Section        0  stm32_bsp_timer.o(i.Statr_Microsecond_Timer)
    i.Stop_User_Timer                        0x080032dc   Section        0  stm32_bsp_timer.o(i.Stop_User_Timer)
    i.SysTick_Handler                        0x08003304   Section        0  stm32f1xx_it.o(i.SysTick_Handler)
    i.SystemClock_Config                     0x08003312   Section        0  main.o(i.SystemClock_Config)
    i.SystemInit                             0x0800338c   Section        0  system_stm32f1xx.o(i.SystemInit)
    i.System_Init                            0x080033d4   Section        0  system_control.o(i.System_Init)
    i.System_Run                             0x08003434   Section        0  system_control.o(i.System_Run)
    i.TCA62724FMG_Write_OFF                  0x08003484   Section        0  24cxx.o(i.TCA62724FMG_Write_OFF)
    i.TIM3_IRQHandler                        0x080034f4   Section        0  stm32f1xx_it.o(i.TIM3_IRQHandler)
    i.TIM4_IRQHandler                        0x08003500   Section        0  stm32f1xx_it.o(i.TIM4_IRQHandler)
    i.TIM_Base_SetConfig                     0x0800350c   Section        0  stm32f1xx_hal_tim.o(i.TIM_Base_SetConfig)
    i.TIM_CCxChannelCmd                      0x08003590   Section        0  stm32f1xx_hal_tim.o(i.TIM_CCxChannelCmd)
    i.TIM_ETR_SetConfig                      0x080035a6   Section        0  stm32f1xx_hal_tim.o(i.TIM_ETR_SetConfig)
    TIM_ETR_SetConfig                        0x080035a7   Thumb Code    20  stm32f1xx_hal_tim.o(i.TIM_ETR_SetConfig)
    i.TIM_ITRx_SetConfig                     0x080035ba   Section        0  stm32f1xx_hal_tim.o(i.TIM_ITRx_SetConfig)
    TIM_ITRx_SetConfig                       0x080035bb   Thumb Code    16  stm32f1xx_hal_tim.o(i.TIM_ITRx_SetConfig)
    i.TIM_OC1_SetConfig                      0x080035cc   Section        0  stm32f1xx_hal_tim.o(i.TIM_OC1_SetConfig)
    TIM_OC1_SetConfig                        0x080035cd   Thumb Code    88  stm32f1xx_hal_tim.o(i.TIM_OC1_SetConfig)
    i.TIM_OC2_SetConfig                      0x0800362c   Section        0  stm32f1xx_hal_tim.o(i.TIM_OC2_SetConfig)
    i.TIM_OC3_SetConfig                      0x08003698   Section        0  stm32f1xx_hal_tim.o(i.TIM_OC3_SetConfig)
    TIM_OC3_SetConfig                        0x08003699   Thumb Code    96  stm32f1xx_hal_tim.o(i.TIM_OC3_SetConfig)
    i.TIM_OC4_SetConfig                      0x08003700   Section        0  stm32f1xx_hal_tim.o(i.TIM_OC4_SetConfig)
    TIM_OC4_SetConfig                        0x08003701   Thumb Code    70  stm32f1xx_hal_tim.o(i.TIM_OC4_SetConfig)
    i.TIM_TI1_ConfigInputStage               0x08003750   Section        0  stm32f1xx_hal_tim.o(i.TIM_TI1_ConfigInputStage)
    TIM_TI1_ConfigInputStage                 0x08003751   Thumb Code    34  stm32f1xx_hal_tim.o(i.TIM_TI1_ConfigInputStage)
    i.TIM_TI1_SetConfig                      0x08003774   Section        0  stm32f1xx_hal_tim.o(i.TIM_TI1_SetConfig)
    i.TIM_TI2_ConfigInputStage               0x080037e0   Section        0  stm32f1xx_hal_tim.o(i.TIM_TI2_ConfigInputStage)
    TIM_TI2_ConfigInputStage                 0x080037e1   Thumb Code    36  stm32f1xx_hal_tim.o(i.TIM_TI2_ConfigInputStage)
    i.TIM_TI2_SetConfig                      0x08003804   Section        0  stm32f1xx_hal_tim.o(i.TIM_TI2_SetConfig)
    TIM_TI2_SetConfig                        0x08003805   Thumb Code    54  stm32f1xx_hal_tim.o(i.TIM_TI2_SetConfig)
    i.Task_Anasyse_Protocol                  0x0800383c   Section        0  process.o(i.Task_Anasyse_Protocol)
    i.UART_DelChar                           0x08003cd4   Section        0  stm32_bsp_uart.o(i.UART_DelChar)
    i.UART_GetChar                           0x08003d1a   Section        0  stm32_bsp_uart.o(i.UART_GetChar)
    i.UART_PutChar                           0x08003d58   Section        0  stm32_bsp_uart.o(i.UART_PutChar)
    i.UART_ReadChar                          0x08003dac   Section        0  stm32_bsp_uart.o(i.UART_ReadChar)
    i.UART_Receive_IT                        0x08003dcc   Section        0  stm32f1xx_hal_uart.o(i.UART_Receive_IT)
    UART_Receive_IT                          0x08003dcd   Thumb Code   168  stm32f1xx_hal_uart.o(i.UART_Receive_IT)
    i.UART_Rx_ISR                            0x08003e74   Section        0  stm32_bsp_uart.o(i.UART_Rx_ISR)
    i.UART_SetConfig                         0x08003ec0   Section        0  stm32f1xx_hal_uart.o(i.UART_SetConfig)
    UART_SetConfig                           0x08003ec1   Thumb Code   364  stm32f1xx_hal_uart.o(i.UART_SetConfig)
    i.UART_Transmit_IT                       0x08004030   Section        0  stm32f1xx_hal_uart.o(i.UART_Transmit_IT)
    UART_Transmit_IT                         0x08004031   Thumb Code   102  stm32f1xx_hal_uart.o(i.UART_Transmit_IT)
    i.UART_TxRx_ISR                          0x08004096   Section        0  stm32_bsp_uart.o(i.UART_TxRx_ISR)
    i.UART_Tx_ISR                            0x08004110   Section        0  stm32_bsp_uart.o(i.UART_Tx_ISR)
    i.USART1_IRQHandler                      0x08004160   Section        0  stm32f1xx_it.o(i.USART1_IRQHandler)
    i.USART2_IRQHandler                      0x0800416c   Section        0  stm32f1xx_it.o(i.USART2_IRQHandler)
    i.USART3_IRQHandler                      0x08004178   Section        0  stm32f1xx_it.o(i.USART3_IRQHandler)
    i.Update_User_Timer_Cnt                  0x0800419c   Section        0  stm32_bsp_timer.o(i.Update_User_Timer_Cnt)
    i.UsageFault_Handler                     0x080041dc   Section        0  stm32f1xx_it.o(i.UsageFault_Handler)
    i._Error_Handler                         0x080041de   Section        0  main.o(i._Error_Handler)
    i.__scatterload_copy                     0x080041e0   Section       14  handlers.o(i.__scatterload_copy)
    i.__scatterload_null                     0x080041ee   Section        2  handlers.o(i.__scatterload_null)
    i.__scatterload_zeroinit                 0x080041f0   Section       14  handlers.o(i.__scatterload_zeroinit)
    i.main                                   0x080041fe   Section        0  main.o(i.main)
    .constdata                               0x0800423a   Section       16  system_stm32f1xx.o(.constdata)
    .constdata                               0x0800424a   Section        8  system_stm32f1xx.o(.constdata)
    .data                                    0x20000000   Section        4  stm32f1xx_hal.o(.data)
    uwTick                                   0x20000000   Data           4  stm32f1xx_hal.o(.data)
    .data                                    0x20000004   Section        4  system_stm32f1xx.o(.data)
    .data                                    0x20000008   Section        8  my_adc.o(.data)
    .data                                    0x20000010   Section       30  my_pwm_input.o(.data)
    .data                                    0x2000002e   Section        1  system_control.o(.data)
    .data                                    0x2000002f   Section        1  system_control.o(.data)
    .data                                    0x20000030   Section        1  system_control.o(.data)
    .data                                    0x20000031   Section        4  system_control.o(.data)
    .data                                    0x20000035   Section        4  system_control.o(.data)
    .data                                    0x20000039   Section        4  system_control.o(.data)
    .data                                    0x2000003d   Section        4  system_control.o(.data)
    .data                                    0x20000044   Section       20  stm32_bsp_uart.o(.data)
    .data                                    0x20000058   Section       20  stm32_bsp_uart.o(.data)
    .bss                                     0x2000006c   Section      240  tim.o(.bss)
    .bss                                     0x2000015c   Section       48  adc.o(.bss)
    .bss                                     0x2000018c   Section      528  usart.o(.bss)
    .bss                                     0x2000039c   Section       24  process.o(.bss)
    AirEngineOrder_time_delay                0x2000039c   Data          24  process.o(.bss)
    .bss                                     0x200003b4   Section       35  system_control.o(.bss)
    Pack_And_Send_timer                      0x200003b4   Data          24  system_control.o(.bss)
    .bss                                     0x200003d7   Section       25  system_control.o(.bss)
    .bss                                     0x200003f0   Section       24  stm32_bsp_uart.o(.bss)
    .bss                                     0x20000408   Section       24  stm32_bsp_uart.o(.bss)
    .bss                                     0x20000420   Section       30  stm32_bsp_uart.o(.bss)
    .bss                                     0x2000043e   Section       30  stm32_bsp_uart.o(.bss)
    STACK                                    0x20000460   Section     1024  startup_stm32f103xe.o(STACK)

    Global Symbols

    Symbol Name                              Value     Ov Type        Size  Object(Section)

    BuildAttributes$$THM_ISAv4$P$D$K$B$S$PE$A:L22UL41UL21$X:L11$S22US41US21$IEEE1$IW$USESV6$~STKCKD$USESV7$~SHL$OTIME$ROPI$EBA8$MICROLIB$REQ8$PRES8$EABIv2 0x00000000   Number         0  anon$$obj.o ABSOLUTE
    __ARM_use_no_argv                        0x00000000   Number         0  main.o ABSOLUTE
    __cpp_initialize__aeabi_                  - Undefined Weak Reference
    __cxa_finalize                            - Undefined Weak Reference
    __decompress                              - Undefined Weak Reference
    _clock_init                               - Undefined Weak Reference
    _microlib_exit                            - Undefined Weak Reference
    __Vectors_Size                           0x00000130   Number         0  startup_stm32f103xe.o ABSOLUTE
    __Vectors                                0x08000000   Data           4  startup_stm32f103xe.o(RESET)
    __Vectors_End                            0x08000130   Data           0  startup_stm32f103xe.o(RESET)
    __main                                   0x08000131   Thumb Code     0  entry.o(.ARM.Collect$$$$00000000)
    _main_stk                                0x08000131   Thumb Code     0  entry2.o(.ARM.Collect$$$$00000001)
    _main_scatterload                        0x08000135   Thumb Code     0  entry5.o(.ARM.Collect$$$$00000004)
    __main_after_scatterload                 0x08000139   Thumb Code     0  entry5.o(.ARM.Collect$$$$00000004)
    _main_clock                              0x08000139   Thumb Code     0  entry7b.o(.ARM.Collect$$$$00000008)
    _main_cpp_init                           0x08000139   Thumb Code     0  entry8b.o(.ARM.Collect$$$$0000000A)
    _main_init                               0x08000139   Thumb Code     0  entry9a.o(.ARM.Collect$$$$0000000B)
    __rt_final_cpp                           0x08000141   Thumb Code     0  entry10a.o(.ARM.Collect$$$$0000000D)
    __rt_final_exit                          0x08000141   Thumb Code     0  entry11a.o(.ARM.Collect$$$$0000000F)
    Reset_Handler                            0x08000145   Thumb Code     8  startup_stm32f103xe.o(.text)
    ADC3_IRQHandler                          0x0800015f   Thumb Code     0  startup_stm32f103xe.o(.text)
    CAN1_RX1_IRQHandler                      0x0800015f   Thumb Code     0  startup_stm32f103xe.o(.text)
    CAN1_SCE_IRQHandler                      0x0800015f   Thumb Code     0  startup_stm32f103xe.o(.text)
    DMA1_Channel1_IRQHandler                 0x0800015f   Thumb Code     0  startup_stm32f103xe.o(.text)
    DMA2_Channel1_IRQHandler                 0x0800015f   Thumb Code     0  startup_stm32f103xe.o(.text)
    DMA2_Channel2_IRQHandler                 0x0800015f   Thumb Code     0  startup_stm32f103xe.o(.text)
    DMA2_Channel3_IRQHandler                 0x0800015f   Thumb Code     0  startup_stm32f103xe.o(.text)
    DMA2_Channel4_5_IRQHandler               0x0800015f   Thumb Code     0  startup_stm32f103xe.o(.text)
    EXTI0_IRQHandler                         0x0800015f   Thumb Code     0  startup_stm32f103xe.o(.text)
    EXTI15_10_IRQHandler                     0x0800015f   Thumb Code     0  startup_stm32f103xe.o(.text)
    EXTI1_IRQHandler                         0x0800015f   Thumb Code     0  startup_stm32f103xe.o(.text)
    EXTI2_IRQHandler                         0x0800015f   Thumb Code     0  startup_stm32f103xe.o(.text)
    EXTI3_IRQHandler                         0x0800015f   Thumb Code     0  startup_stm32f103xe.o(.text)
    EXTI4_IRQHandler                         0x0800015f   Thumb Code     0  startup_stm32f103xe.o(.text)
    EXTI9_5_IRQHandler                       0x0800015f   Thumb Code     0  startup_stm32f103xe.o(.text)
    FLASH_IRQHandler                         0x0800015f   Thumb Code     0  startup_stm32f103xe.o(.text)
    FSMC_IRQHandler                          0x0800015f   Thumb Code     0  startup_stm32f103xe.o(.text)
    I2C1_ER_IRQHandler                       0x0800015f   Thumb Code     0  startup_stm32f103xe.o(.text)
    I2C1_EV_IRQHandler                       0x0800015f   Thumb Code     0  startup_stm32f103xe.o(.text)
    I2C2_ER_IRQHandler                       0x0800015f   Thumb Code     0  startup_stm32f103xe.o(.text)
    I2C2_EV_IRQHandler                       0x0800015f   Thumb Code     0  startup_stm32f103xe.o(.text)
    PVD_IRQHandler                           0x0800015f   Thumb Code     0  startup_stm32f103xe.o(.text)
    RCC_IRQHandler                           0x0800015f   Thumb Code     0  startup_stm32f103xe.o(.text)
    RTC_Alarm_IRQHandler                     0x0800015f   Thumb Code     0  startup_stm32f103xe.o(.text)
    RTC_IRQHandler                           0x0800015f   Thumb Code     0  startup_stm32f103xe.o(.text)
    SDIO_IRQHandler                          0x0800015f   Thumb Code     0  startup_stm32f103xe.o(.text)
    SPI1_IRQHandler                          0x0800015f   Thumb Code     0  startup_stm32f103xe.o(.text)
    SPI2_IRQHandler                          0x0800015f   Thumb Code     0  startup_stm32f103xe.o(.text)
    SPI3_IRQHandler                          0x0800015f   Thumb Code     0  startup_stm32f103xe.o(.text)
    TAMPER_IRQHandler                        0x0800015f   Thumb Code     0  startup_stm32f103xe.o(.text)
    TIM1_BRK_IRQHandler                      0x0800015f   Thumb Code     0  startup_stm32f103xe.o(.text)
    TIM1_CC_IRQHandler                       0x0800015f   Thumb Code     0  startup_stm32f103xe.o(.text)
    TIM1_TRG_COM_IRQHandler                  0x0800015f   Thumb Code     0  startup_stm32f103xe.o(.text)
    TIM1_UP_IRQHandler                       0x0800015f   Thumb Code     0  startup_stm32f103xe.o(.text)
    TIM2_IRQHandler                          0x0800015f   Thumb Code     0  startup_stm32f103xe.o(.text)
    TIM5_IRQHandler                          0x0800015f   Thumb Code     0  startup_stm32f103xe.o(.text)
    TIM6_IRQHandler                          0x0800015f   Thumb Code     0  startup_stm32f103xe.o(.text)
    TIM7_IRQHandler                          0x0800015f   Thumb Code     0  startup_stm32f103xe.o(.text)
    TIM8_BRK_IRQHandler                      0x0800015f   Thumb Code     0  startup_stm32f103xe.o(.text)
    TIM8_CC_IRQHandler                       0x0800015f   Thumb Code     0  startup_stm32f103xe.o(.text)
    TIM8_TRG_COM_IRQHandler                  0x0800015f   Thumb Code     0  startup_stm32f103xe.o(.text)
    TIM8_UP_IRQHandler                       0x0800015f   Thumb Code     0  startup_stm32f103xe.o(.text)
    UART4_IRQHandler                         0x0800015f   Thumb Code     0  startup_stm32f103xe.o(.text)
    UART5_IRQHandler                         0x0800015f   Thumb Code     0  startup_stm32f103xe.o(.text)
    USBWakeUp_IRQHandler                     0x0800015f   Thumb Code     0  startup_stm32f103xe.o(.text)
    USB_HP_CAN1_TX_IRQHandler                0x0800015f   Thumb Code     0  startup_stm32f103xe.o(.text)
    USB_LP_CAN1_RX0_IRQHandler               0x0800015f   Thumb Code     0  startup_stm32f103xe.o(.text)
    WWDG_IRQHandler                          0x0800015f   Thumb Code     0  startup_stm32f103xe.o(.text)
    __aeabi_llsr                             0x08000169   Thumb Code    32  llushr.o(.text)
    _ll_ushift_r                             0x08000169   Thumb Code     0  llushr.o(.text)
    __aeabi_fdiv                             0x08000189   Thumb Code   124  fdiv.o(.text)
    __aeabi_dmul                             0x08000205   Thumb Code   228  dmul.o(.text)
    __ARM_scalbn                             0x080002e9   Thumb Code    46  dscalb.o(.text)
    scalbn                                   0x080002e9   Thumb Code     0  dscalb.o(.text)
    __aeabi_ui2f                             0x08000317   Thumb Code    10  ffltui.o(.text)
    __aeabi_ui2d                             0x08000321   Thumb Code    26  dfltui.o(.text)
    __aeabi_f2uiz                            0x0800033b   Thumb Code    40  ffixui.o(.text)
    __aeabi_d2f                              0x08000363   Thumb Code    56  d2f.o(.text)
    __I$use$fp                               0x0800039b   Thumb Code     0  iusefp.o(.text)
    _float_round                             0x0800039b   Thumb Code    18  fepilogue.o(.text)
    _float_epilogue                          0x080003ad   Thumb Code    92  fepilogue.o(.text)
    _double_round                            0x08000409   Thumb Code    30  depilogue.o(.text)
    _double_epilogue                         0x08000427   Thumb Code   156  depilogue.o(.text)
    __scatterload                            0x080004c5   Thumb Code    28  init.o(.text)
    __scatterload_rt2                        0x080004c5   Thumb Code     0  init.o(.text)
    __aeabi_llsl                             0x080004e9   Thumb Code    30  llshl.o(.text)
    _ll_shift_l                              0x080004e9   Thumb Code     0  llshl.o(.text)
    ADC1_2_IRQHandler                        0x08000509   Thumb Code     6  stm32f1xx_it.o(i.ADC1_2_IRQHandler)
    ADC_ConversionStop_Disable               0x08000515   Thumb Code    76  stm32f1xx_hal_adc.o(i.ADC_ConversionStop_Disable)
    ADC_Enable                               0x08000561   Thumb Code   104  stm32f1xx_hal_adc.o(i.ADC_Enable)
    Board_Gimbal_Cmd_Trans_Process           0x080005d1   Thumb Code     2  board_gimbal_cmd_process.o(i.Board_Gimbal_Cmd_Trans_Process)
    BusFault_Handler                         0x080005d3   Thumb Code     2  stm32f1xx_it.o(i.BusFault_Handler)
    DMA1_Channel2_IRQHandler                 0x080005d5   Thumb Code     6  stm32f1xx_it.o(i.DMA1_Channel2_IRQHandler)
    DMA1_Channel3_IRQHandler                 0x080005e1   Thumb Code     6  stm32f1xx_it.o(i.DMA1_Channel3_IRQHandler)
    DMA1_Channel4_IRQHandler                 0x080005ed   Thumb Code     6  stm32f1xx_it.o(i.DMA1_Channel4_IRQHandler)
    DMA1_Channel5_IRQHandler                 0x080005f9   Thumb Code     6  stm32f1xx_it.o(i.DMA1_Channel5_IRQHandler)
    DMA1_Channel6_IRQHandler                 0x08000605   Thumb Code     6  stm32f1xx_it.o(i.DMA1_Channel6_IRQHandler)
    DMA1_Channel7_IRQHandler                 0x08000611   Thumb Code     6  stm32f1xx_it.o(i.DMA1_Channel7_IRQHandler)
    DebugMon_Handler                         0x0800061d   Thumb Code     2  stm32f1xx_it.o(i.DebugMon_Handler)
    Delay_nop_1us                            0x0800061f   Thumb Code    18  mynop.o(i.Delay_nop_1us)
    Delay_nop_2us                            0x08000631   Thumb Code    18  mynop.o(i.Delay_nop_2us)
    Delay_nop_4us                            0x08000643   Thumb Code    18  mynop.o(i.Delay_nop_4us)
    Get_Adc                                  0x08000655   Thumb Code    40  my_adc.o(i.Get_Adc)
    Get_Adc_Average                          0x08000685   Thumb Code    34  my_adc.o(i.Get_Adc_Average)
    HAL_ADCEx_Calibration_Start              0x080006a9   Thumb Code   194  stm32f1xx_hal_adc_ex.o(i.HAL_ADCEx_Calibration_Start)
    HAL_ADCEx_InjectedConvCpltCallback       0x08000771   Thumb Code     2  stm32f1xx_hal_adc_ex.o(i.HAL_ADCEx_InjectedConvCpltCallback)
    HAL_ADC_ConfigChannel                    0x08000775   Thumb Code   346  stm32f1xx_hal_adc.o(i.HAL_ADC_ConfigChannel)
    HAL_ADC_ConvCpltCallback                 0x080008dd   Thumb Code     2  stm32f1xx_hal_adc.o(i.HAL_ADC_ConvCpltCallback)
    HAL_ADC_GetState                         0x080008df   Thumb Code     4  stm32f1xx_hal_adc.o(i.HAL_ADC_GetState)
    HAL_ADC_GetValue                         0x080008e3   Thumb Code     6  stm32f1xx_hal_adc.o(i.HAL_ADC_GetValue)
    HAL_ADC_IRQHandler                       0x080008e9   Thumb Code   230  stm32f1xx_hal_adc.o(i.HAL_ADC_IRQHandler)
    HAL_ADC_Init                             0x080009d1   Thumb Code   316  stm32f1xx_hal_adc.o(i.HAL_ADC_Init)
    HAL_ADC_LevelOutOfWindowCallback         0x08000b19   Thumb Code     2  stm32f1xx_hal_adc.o(i.HAL_ADC_LevelOutOfWindowCallback)
    HAL_ADC_MspInit                          0x08000b1d   Thumb Code    66  adc.o(i.HAL_ADC_MspInit)
    HAL_ADC_PollForConversion                0x08000b6d   Thumb Code   290  stm32f1xx_hal_adc.o(i.HAL_ADC_PollForConversion)
    HAL_ADC_Start                            0x08000c9d   Thumb Code   184  stm32f1xx_hal_adc.o(i.HAL_ADC_Start)
    HAL_DMA_IRQHandler                       0x08000d5d   Thumb Code  1198  stm32f1xx_hal_dma.o(i.HAL_DMA_IRQHandler)
    HAL_DMA_Init                             0x08001215   Thumb Code    80  stm32f1xx_hal_dma.o(i.HAL_DMA_Init)
    HAL_Delay                                0x08001265   Thumb Code    22  stm32f1xx_hal.o(i.HAL_Delay)
    HAL_GPIO_Init                            0x0800127d   Thumb Code   446  stm32f1xx_hal_gpio.o(i.HAL_GPIO_Init)
    HAL_GPIO_WritePin                        0x08001465   Thumb Code    10  stm32f1xx_hal_gpio.o(i.HAL_GPIO_WritePin)
    HAL_GetTick                              0x08001471   Thumb Code     6  stm32f1xx_hal.o(i.HAL_GetTick)
    HAL_IncTick                              0x0800147d   Thumb Code    10  stm32f1xx_hal.o(i.HAL_IncTick)
    HAL_Init                                 0x0800148d   Thumb Code    32  stm32f1xx_hal.o(i.HAL_Init)
    HAL_InitTick                             0x080014b1   Thumb Code    34  stm32f1xx_hal.o(i.HAL_InitTick)
    HAL_MspInit                              0x080014d5   Thumb Code   118  stm32f1xx_hal_msp.o(i.HAL_MspInit)
    HAL_NVIC_EnableIRQ                       0x08001555   Thumb Code    22  stm32f1xx_hal_cortex.o(i.HAL_NVIC_EnableIRQ)
    HAL_NVIC_SetPriority                     0x0800156d   Thumb Code    60  stm32f1xx_hal_cortex.o(i.HAL_NVIC_SetPriority)
    HAL_NVIC_SetPriorityGrouping             0x080015ad   Thumb Code    26  stm32f1xx_hal_cortex.o(i.HAL_NVIC_SetPriorityGrouping)
    HAL_RCCEx_GetPeriphCLKFreq               0x080015d1   Thumb Code   222  stm32f1xx_hal_rcc_ex.o(i.HAL_RCCEx_GetPeriphCLKFreq)
    HAL_RCCEx_PeriphCLKConfig                0x080016d1   Thumb Code   288  stm32f1xx_hal_rcc_ex.o(i.HAL_RCCEx_PeriphCLKConfig)
    HAL_RCC_ClockConfig                      0x080017fd   Thumb Code   374  stm32f1xx_hal_rcc.o(i.HAL_RCC_ClockConfig)
    HAL_RCC_GetHCLKFreq                      0x08001985   Thumb Code     6  stm32f1xx_hal_rcc.o(i.HAL_RCC_GetHCLKFreq)
    HAL_RCC_GetPCLK1Freq                     0x08001991   Thumb Code    34  stm32f1xx_hal_rcc.o(i.HAL_RCC_GetPCLK1Freq)
    HAL_RCC_GetPCLK2Freq                     0x080019c1   Thumb Code    34  stm32f1xx_hal_rcc.o(i.HAL_RCC_GetPCLK2Freq)
    HAL_RCC_GetSysClockFreq                  0x080019f1   Thumb Code   102  stm32f1xx_hal_rcc.o(i.HAL_RCC_GetSysClockFreq)
    HAL_RCC_OscConfig                        0x08001a79   Thumb Code  1406  stm32f1xx_hal_rcc.o(i.HAL_RCC_OscConfig)
    HAL_SYSTICK_CLKSourceConfig              0x08001ff7   Thumb Code    24  stm32f1xx_hal_cortex.o(i.HAL_SYSTICK_CLKSourceConfig)
    HAL_SYSTICK_Callback                     0x0800200f   Thumb Code     2  stm32f1xx_hal_cortex.o(i.HAL_SYSTICK_Callback)
    HAL_SYSTICK_Config                       0x08002011   Thumb Code    40  stm32f1xx_hal_cortex.o(i.HAL_SYSTICK_Config)
    HAL_SYSTICK_IRQHandler                   0x08002039   Thumb Code     8  stm32f1xx_hal_cortex.o(i.HAL_SYSTICK_IRQHandler)
    HAL_TIMEx_BreakCallback                  0x08002041   Thumb Code     2  stm32f1xx_hal_tim_ex.o(i.HAL_TIMEx_BreakCallback)
    HAL_TIMEx_CommutationCallback            0x08002043   Thumb Code     2  stm32f1xx_hal_tim_ex.o(i.HAL_TIMEx_CommutationCallback)
    HAL_TIMEx_ConfigBreakDeadTime            0x08002045   Thumb Code    66  stm32f1xx_hal_tim_ex.o(i.HAL_TIMEx_ConfigBreakDeadTime)
    HAL_TIMEx_MasterConfigSynchronization    0x08002087   Thumb Code    80  stm32f1xx_hal_tim_ex.o(i.HAL_TIMEx_MasterConfigSynchronization)
    HAL_TIM_Base_Init                        0x080020d7   Thumb Code    54  stm32f1xx_hal_tim.o(i.HAL_TIM_Base_Init)
    HAL_TIM_Base_MspInit                     0x0800210d   Thumb Code    50  tim.o(i.HAL_TIM_Base_MspInit)
    HAL_TIM_Base_Start                       0x08002149   Thumb Code    26  stm32f1xx_hal_tim.o(i.HAL_TIM_Base_Start)
    HAL_TIM_Base_Start_IT                    0x08002163   Thumb Code    24  stm32f1xx_hal_tim.o(i.HAL_TIM_Base_Start_IT)
    HAL_TIM_ConfigClockSource                0x0800217b   Thumb Code   242  stm32f1xx_hal_tim.o(i.HAL_TIM_ConfigClockSource)
    HAL_TIM_IC_CaptureCallback               0x0800226d   Thumb Code   148  my_pwm_input.o(i.HAL_TIM_IC_CaptureCallback)
    HAL_TIM_IC_ConfigChannel                 0x08002315   Thumb Code   286  stm32f1xx_hal_tim.o(i.HAL_TIM_IC_ConfigChannel)
    HAL_TIM_IC_Init                          0x08002433   Thumb Code    54  stm32f1xx_hal_tim.o(i.HAL_TIM_IC_Init)
    HAL_TIM_IC_MspInit                       0x08002469   Thumb Code    68  tim.o(i.HAL_TIM_IC_MspInit)
    HAL_TIM_IC_Start_IT                      0x080024b9   Thumb Code    76  stm32f1xx_hal_tim.o(i.HAL_TIM_IC_Start_IT)
    HAL_TIM_IRQHandler                       0x08002505   Thumb Code   358  stm32f1xx_hal_tim.o(i.HAL_TIM_IRQHandler)
    HAL_TIM_MspPostInit                      0x0800266d   Thumb Code    30  tim.o(i.HAL_TIM_MspPostInit)
    HAL_TIM_OC_DelayElapsedCallback          0x08002695   Thumb Code     2  stm32f1xx_hal_tim.o(i.HAL_TIM_OC_DelayElapsedCallback)
    HAL_TIM_PWM_ConfigChannel                0x08002697   Thumb Code   208  stm32f1xx_hal_tim.o(i.HAL_TIM_PWM_ConfigChannel)
    HAL_TIM_PWM_Init                         0x08002767   Thumb Code    54  stm32f1xx_hal_tim.o(i.HAL_TIM_PWM_Init)
    HAL_TIM_PWM_MspInit                      0x0800279d   Thumb Code    30  tim.o(i.HAL_TIM_PWM_MspInit)
    HAL_TIM_PWM_PulseFinishedCallback        0x080027c5   Thumb Code     2  stm32f1xx_hal_tim.o(i.HAL_TIM_PWM_PulseFinishedCallback)
    HAL_TIM_PWM_Start                        0x080027c9   Thumb Code    48  stm32f1xx_hal_tim.o(i.HAL_TIM_PWM_Start)
    HAL_TIM_PeriodElapsedCallback            0x08002801   Thumb Code     2  stm32f1xx_hal_tim.o(i.HAL_TIM_PeriodElapsedCallback)
    HAL_TIM_ReadCapturedValue                0x08002803   Thumb Code    68  stm32f1xx_hal_tim.o(i.HAL_TIM_ReadCapturedValue)
    HAL_TIM_TriggerCallback                  0x08002847   Thumb Code     2  stm32f1xx_hal_tim.o(i.HAL_TIM_TriggerCallback)
    HAL_UART_ErrorCallback                   0x08002849   Thumb Code     2  stm32f1xx_hal_uart.o(i.HAL_UART_ErrorCallback)
    HAL_UART_IRQHandler                      0x0800284d   Thumb Code   218  stm32f1xx_hal_uart.o(i.HAL_UART_IRQHandler)
    HAL_UART_Init                            0x08002927   Thumb Code    94  stm32f1xx_hal_uart.o(i.HAL_UART_Init)
    HAL_UART_MspInit                         0x08002985   Thumb Code   572  usart.o(i.HAL_UART_MspInit)
    HAL_UART_RxCpltCallback                  0x08002bf5   Thumb Code     2  stm32f1xx_hal_uart.o(i.HAL_UART_RxCpltCallback)
    HAL_UART_TxCpltCallback                  0x08002bf7   Thumb Code     2  stm32f1xx_hal_uart.o(i.HAL_UART_TxCpltCallback)
    HardFault_Handler                        0x08002bf9   Thumb Code     2  stm32f1xx_it.o(i.HardFault_Handler)
    IIC_Send_Byte                            0x08002bfd   Thumb Code    80  myiic.o(i.IIC_Send_Byte)
    IIC_Start                                0x08002c55   Thumb Code    52  myiic.o(i.IIC_Start)
    IIC_Stop                                 0x08002c91   Thumb Code    54  myiic.o(i.IIC_Stop)
    IIC_Wait_Ack                             0x08002cd1   Thumb Code    74  myiic.o(i.IIC_Wait_Ack)
    MX_ADC1_Init                             0x08002d25   Thumb Code    72  adc.o(i.MX_ADC1_Init)
    MX_DMA_Init                              0x08002d85   Thumb Code   120  dma.o(i.MX_DMA_Init)
    MX_GPIO_Init                             0x08002e01   Thumb Code   106  gpio.o(i.MX_GPIO_Init)
    MX_TIM1_Init                             0x08002e75   Thumb Code   150  tim.o(i.MX_TIM1_Init)
    MX_TIM2_Init                             0x08002f25   Thumb Code   100  tim.o(i.MX_TIM2_Init)
    MX_TIM3_Init                             0x08002f9d   Thumb Code    98  tim.o(i.MX_TIM3_Init)
    MX_TIM4_Init                             0x08003019   Thumb Code    92  tim.o(i.MX_TIM4_Init)
    MX_USART1_UART_Init                      0x08003091   Thumb Code    52  usart.o(i.MX_USART1_UART_Init)
    MX_USART2_UART_Init                      0x080030dd   Thumb Code    52  usart.o(i.MX_USART2_UART_Init)
    MX_USART3_UART_Init                      0x08003129   Thumb Code    52  usart.o(i.MX_USART3_UART_Init)
    MemManage_Handler                        0x08003175   Thumb Code     2  stm32f1xx_it.o(i.MemManage_Handler)
    NMI_Handler                              0x08003177   Thumb Code     2  stm32f1xx_it.o(i.NMI_Handler)
    Pack_And_Send_Cmd                        0x08003199   Thumb Code   156  process.o(i.Pack_And_Send_Cmd)
    PendSV_Handler                           0x08003235   Thumb Code     2  stm32f1xx_it.o(i.PendSV_Handler)
    Reset_User_Timer                         0x08003237   Thumb Code    42  stm32_bsp_timer.o(i.Reset_User_Timer)
    SVC_Handler                              0x08003261   Thumb Code     2  stm32f1xx_it.o(i.SVC_Handler)
    Start_ADC_Conv_Period                    0x08003265   Thumb Code    50  my_adc.o(i.Start_ADC_Conv_Period)
    Start_User_Timer                         0x080032a5   Thumb Code    42  stm32_bsp_timer.o(i.Start_User_Timer)
    Statr_Microsecond_Timer                  0x080032d1   Thumb Code     6  stm32_bsp_timer.o(i.Statr_Microsecond_Timer)
    Stop_User_Timer                          0x080032dd   Thumb Code    40  stm32_bsp_timer.o(i.Stop_User_Timer)
    SysTick_Handler                          0x08003305   Thumb Code    14  stm32f1xx_it.o(i.SysTick_Handler)
    SystemClock_Config                       0x08003313   Thumb Code   122  main.o(i.SystemClock_Config)
    SystemInit                               0x0800338d   Thumb Code    56  system_stm32f1xx.o(i.SystemInit)
    System_Init                              0x080033d5   Thumb Code    76  system_control.o(i.System_Init)
    System_Run                               0x08003435   Thumb Code    62  system_control.o(i.System_Run)
    TCA62724FMG_Write_OFF                    0x08003485   Thumb Code   110  24cxx.o(i.TCA62724FMG_Write_OFF)
    TIM3_IRQHandler                          0x080034f5   Thumb Code     6  stm32f1xx_it.o(i.TIM3_IRQHandler)
    TIM4_IRQHandler                          0x08003501   Thumb Code     6  stm32f1xx_it.o(i.TIM4_IRQHandler)
    TIM_Base_SetConfig                       0x0800350d   Thumb Code   112  stm32f1xx_hal_tim.o(i.TIM_Base_SetConfig)
    TIM_CCxChannelCmd                        0x08003591   Thumb Code    22  stm32f1xx_hal_tim.o(i.TIM_CCxChannelCmd)
    TIM_OC2_SetConfig                        0x0800362d   Thumb Code    98  stm32f1xx_hal_tim.o(i.TIM_OC2_SetConfig)
    TIM_TI1_SetConfig                        0x08003775   Thumb Code    88  stm32f1xx_hal_tim.o(i.TIM_TI1_SetConfig)
    Task_Anasyse_Protocol                    0x0800383d   Thumb Code  1170  process.o(i.Task_Anasyse_Protocol)
    UART_DelChar                             0x08003cd5   Thumb Code    70  stm32_bsp_uart.o(i.UART_DelChar)
    UART_GetChar                             0x08003d1b   Thumb Code    62  stm32_bsp_uart.o(i.UART_GetChar)
    UART_PutChar                             0x08003d59   Thumb Code    84  stm32_bsp_uart.o(i.UART_PutChar)
    UART_ReadChar                            0x08003dad   Thumb Code    30  stm32_bsp_uart.o(i.UART_ReadChar)
    UART_Rx_ISR                              0x08003e75   Thumb Code    74  stm32_bsp_uart.o(i.UART_Rx_ISR)
    UART_TxRx_ISR                            0x08004097   Thumb Code   122  stm32_bsp_uart.o(i.UART_TxRx_ISR)
    UART_Tx_ISR                              0x08004111   Thumb Code    80  stm32_bsp_uart.o(i.UART_Tx_ISR)
    USART1_IRQHandler                        0x08004161   Thumb Code     6  stm32f1xx_it.o(i.USART1_IRQHandler)
    USART2_IRQHandler                        0x0800416d   Thumb Code     6  stm32f1xx_it.o(i.USART2_IRQHandler)
    USART3_IRQHandler                        0x08004179   Thumb Code    24  stm32f1xx_it.o(i.USART3_IRQHandler)
    Update_User_Timer_Cnt                    0x0800419d   Thumb Code    64  stm32_bsp_timer.o(i.Update_User_Timer_Cnt)
    UsageFault_Handler                       0x080041dd   Thumb Code     2  stm32f1xx_it.o(i.UsageFault_Handler)
    _Error_Handler                           0x080041df   Thumb Code     2  main.o(i._Error_Handler)
    __scatterload_copy                       0x080041e1   Thumb Code    14  handlers.o(i.__scatterload_copy)
    __scatterload_null                       0x080041ef   Thumb Code     2  handlers.o(i.__scatterload_null)
    __scatterload_zeroinit                   0x080041f1   Thumb Code    14  handlers.o(i.__scatterload_zeroinit)
    main                                     0x080041ff   Thumb Code    60  main.o(i.main)
    AHBPrescTable                            0x0800423a   Data          16  system_stm32f1xx.o(.constdata)
    APBPrescTable                            0x0800424a   Data           8  system_stm32f1xx.o(.constdata)
    Region$$Table$$Base                      0x08004254   Number         0  anon$$obj.o(Region$$Table)
    Region$$Table$$Limit                     0x08004274   Number         0  anon$$obj.o(Region$$Table)
    SystemCoreClock                          0x20000004   Data           4  system_stm32f1xx.o(.data)
    adcx                                     0x20000008   Data           2  my_adc.o(.data)
    ADC_ConvertedValue                       0x2000000a   Data           2  my_adc.o(.data)
    ADC_ConvertedValueLocal                  0x2000000c   Data           4  my_adc.o(.data)
    High_input                               0x20000010   Data           1  my_pwm_input.o(.data)
    Low_input                                0x20000011   Data           1  my_pwm_input.o(.data)
    AirOil                                   0x20000012   Data           2  my_pwm_input.o(.data)
    cntTime                                  0x20000014   Data           4  my_pwm_input.o(.data)
    Time3First                               0x20000018   Data           4  my_pwm_input.o(.data)
    Time3Second                              0x2000001c   Data           4  my_pwm_input.o(.data)
    Time3Time                                0x20000020   Data           4  my_pwm_input.o(.data)
    pwm_test1                                0x20000024   Data           4  my_pwm_input.o(.data)
    strCapture                               0x20000028   Data           6  my_pwm_input.o(.data)
    AircraftModule1                          0x2000002e   Data           1  system_control.o(.data)
    AirExceptionInf                          0x2000002f   Data           1  system_control.o(.data)
    AirCustomerInf                           0x20000030   Data           1  system_control.o(.data)
    AirLongitude                             0x20000031   Data           4  system_control.o(.data)
    AirLatitude                              0x20000035   Data           4  system_control.o(.data)
    AirHight                                 0x20000039   Data           4  system_control.o(.data)
    AirSatelliteTime                         0x2000003d   Data           4  system_control.o(.data)
    RxBuf_Struct1                            0x20000044   Data          20  stm32_bsp_uart.o(.data)
    TxBuf_Struct1                            0x20000058   Data          20  stm32_bsp_uart.o(.data)
    htim2                                    0x2000006c   Data          60  tim.o(.bss)
    htim1                                    0x200000a8   Data          60  tim.o(.bss)
    htim3                                    0x200000e4   Data          60  tim.o(.bss)
    htim4                                    0x20000120   Data          60  tim.o(.bss)
    hadc1                                    0x2000015c   Data          48  adc.o(.bss)
    huart1                                   0x2000018c   Data          64  usart.o(.bss)
    huart2                                   0x200001cc   Data          64  usart.o(.bss)
    huart3                                   0x2000020c   Data          64  usart.o(.bss)
    hdma_usart1_rx                           0x2000024c   Data          56  usart.o(.bss)
    hdma_usart1_tx                           0x20000284   Data          56  usart.o(.bss)
    hdma_usart2_rx                           0x200002bc   Data          56  usart.o(.bss)
    hdma_usart2_tx                           0x200002f4   Data          56  usart.o(.bss)
    hdma_usart3_rx                           0x2000032c   Data          56  usart.o(.bss)
    hdma_usart3_tx                           0x20000364   Data          56  usart.o(.bss)
    uc_Pack_And_Send_Buf                     0x200003cc   Data          11  system_control.o(.bss)
    myUart1_4g_module_data                   0x200003d7   Data          25  system_control.o(.bss)
    st_usart1_rx_com_timer                   0x200003f0   Data          24  stm32_bsp_uart.o(.bss)
    st_usart1_tx_com_timer                   0x20000408   Data          24  stm32_bsp_uart.o(.bss)
    RxBuf1                                   0x20000420   Data          30  stm32_bsp_uart.o(.bss)
    TxBuf1                                   0x2000043e   Data          30  stm32_bsp_uart.o(.bss)
    __initial_sp                             0x20000860   Data           0  startup_stm32f103xe.o(STACK)



==============================================================================

Memory Map of the image

  Image Entry point : 0x08000131

  Load Region LR_IROM1 (Base: 0x08000000, Size: 0x000042e0, Max: 0x00040000, ABSOLUTE)

    Execution Region ER_IROM1 (Base: 0x08000000, Size: 0x00004274, Max: 0x00040000, ABSOLUTE)

    Base Addr    Size         Type   Attr      Idx    E Section Name        Object

    0x08000000   0x00000130   Data   RO         2846    RESET               startup_stm32f103xe.o
    0x08000130   0x00000000   Code   RO         3477  * .ARM.Collect$$$$00000000  mc_w.l(entry.o)
    0x08000130   0x00000004   Code   RO         3496    .ARM.Collect$$$$00000001  mc_w.l(entry2.o)
    0x08000134   0x00000004   Code   RO         3499    .ARM.Collect$$$$00000004  mc_w.l(entry5.o)
    0x08000138   0x00000000   Code   RO         3501    .ARM.Collect$$$$00000008  mc_w.l(entry7b.o)
    0x08000138   0x00000000   Code   RO         3503    .ARM.Collect$$$$0000000A  mc_w.l(entry8b.o)
    0x08000138   0x00000008   Code   RO         3504    .ARM.Collect$$$$0000000B  mc_w.l(entry9a.o)
    0x08000140   0x00000000   Code   RO         3506    .ARM.Collect$$$$0000000D  mc_w.l(entry10a.o)
    0x08000140   0x00000000   Code   RO         3508    .ARM.Collect$$$$0000000F  mc_w.l(entry11a.o)
    0x08000140   0x00000004   Code   RO         3497    .ARM.Collect$$$$00002712  mc_w.l(entry2.o)
    0x08000144   0x00000024   Code   RO         2847    .text               startup_stm32f103xe.o
    0x08000168   0x00000020   Code   RO         3480    .text               mc_w.l(llushr.o)
    0x08000188   0x0000007c   Code   RO         3482    .text               mf_w.l(fdiv.o)
    0x08000204   0x000000e4   Code   RO         3484    .text               mf_w.l(dmul.o)
    0x080002e8   0x0000002e   Code   RO         3486    .text               mf_w.l(dscalb.o)
    0x08000316   0x0000000a   Code   RO         3488    .text               mf_w.l(ffltui.o)
    0x08000320   0x0000001a   Code   RO         3490    .text               mf_w.l(dfltui.o)
    0x0800033a   0x00000028   Code   RO         3492    .text               mf_w.l(ffixui.o)
    0x08000362   0x00000038   Code   RO         3494    .text               mf_w.l(d2f.o)
    0x0800039a   0x00000000   Code   RO         3510    .text               mc_w.l(iusefp.o)
    0x0800039a   0x0000006e   Code   RO         3511    .text               mf_w.l(fepilogue.o)
    0x08000408   0x000000ba   Code   RO         3513    .text               mf_w.l(depilogue.o)
    0x080004c2   0x00000002   PAD
    0x080004c4   0x00000024   Code   RO         3515    .text               mc_w.l(init.o)
    0x080004e8   0x0000001e   Code   RO         3517    .text               mc_w.l(llshl.o)
    0x08000506   0x00000002   PAD
    0x08000508   0x0000000c   Code   RO          319    i.ADC1_2_IRQHandler  stm32f1xx_it.o
    0x08000514   0x0000004c   Code   RO         1555    i.ADC_ConversionStop_Disable  stm32f1xx_hal_adc.o
    0x08000560   0x00000070   Code   RO         1559    i.ADC_Enable        stm32f1xx_hal_adc.o
    0x080005d0   0x00000002   Code   RO         3416    i.Board_Gimbal_Cmd_Trans_Process  board_gimbal_cmd_process.o
    0x080005d2   0x00000002   Code   RO          320    i.BusFault_Handler  stm32f1xx_it.o
    0x080005d4   0x0000000c   Code   RO          321    i.DMA1_Channel2_IRQHandler  stm32f1xx_it.o
    0x080005e0   0x0000000c   Code   RO          322    i.DMA1_Channel3_IRQHandler  stm32f1xx_it.o
    0x080005ec   0x0000000c   Code   RO          323    i.DMA1_Channel4_IRQHandler  stm32f1xx_it.o
    0x080005f8   0x0000000c   Code   RO          324    i.DMA1_Channel5_IRQHandler  stm32f1xx_it.o
    0x08000604   0x0000000c   Code   RO          325    i.DMA1_Channel6_IRQHandler  stm32f1xx_it.o
    0x08000610   0x0000000c   Code   RO          326    i.DMA1_Channel7_IRQHandler  stm32f1xx_it.o
    0x0800061c   0x00000002   Code   RO          327    i.DebugMon_Handler  stm32f1xx_it.o
    0x0800061e   0x00000012   Code   RO         3224    i.Delay_nop_1us     mynop.o
    0x08000630   0x00000012   Code   RO         3225    i.Delay_nop_2us     mynop.o
    0x08000642   0x00000012   Code   RO         3226    i.Delay_nop_4us     mynop.o
    0x08000654   0x00000030   Code   RO         2913    i.Get_Adc           my_adc.o
    0x08000684   0x00000022   Code   RO         2914    i.Get_Adc_Average   my_adc.o
    0x080006a6   0x00000002   PAD
    0x080006a8   0x000000c8   Code   RO         2617    i.HAL_ADCEx_Calibration_Start  stm32f1xx_hal_adc_ex.o
    0x08000770   0x00000002   Code   RO         2619    i.HAL_ADCEx_InjectedConvCpltCallback  stm32f1xx_hal_adc_ex.o
    0x08000772   0x00000002   PAD
    0x08000774   0x00000168   Code   RO         1561    i.HAL_ADC_ConfigChannel  stm32f1xx_hal_adc.o
    0x080008dc   0x00000002   Code   RO         1562    i.HAL_ADC_ConvCpltCallback  stm32f1xx_hal_adc.o
    0x080008de   0x00000004   Code   RO         1567    i.HAL_ADC_GetState  stm32f1xx_hal_adc.o
    0x080008e2   0x00000006   Code   RO         1568    i.HAL_ADC_GetValue  stm32f1xx_hal_adc.o
    0x080008e8   0x000000e6   Code   RO         1569    i.HAL_ADC_IRQHandler  stm32f1xx_hal_adc.o
    0x080009ce   0x00000002   PAD
    0x080009d0   0x00000148   Code   RO         1570    i.HAL_ADC_Init      stm32f1xx_hal_adc.o
    0x08000b18   0x00000002   Code   RO         1571    i.HAL_ADC_LevelOutOfWindowCallback  stm32f1xx_hal_adc.o
    0x08000b1a   0x00000002   PAD
    0x08000b1c   0x00000050   Code   RO          218    i.HAL_ADC_MspInit   adc.o
    0x08000b6c   0x00000130   Code   RO         1574    i.HAL_ADC_PollForConversion  stm32f1xx_hal_adc.o
    0x08000c9c   0x000000c0   Code   RO         1576    i.HAL_ADC_Start     stm32f1xx_hal_adc.o
    0x08000d5c   0x000004b8   Code   RO         1740    i.HAL_DMA_IRQHandler  stm32f1xx_hal_dma.o
    0x08001214   0x00000050   Code   RO         1741    i.HAL_DMA_Init      stm32f1xx_hal_dma.o
    0x08001264   0x00000016   Code   RO         2720    i.HAL_Delay         stm32f1xx_hal.o
    0x0800127a   0x00000002   PAD
    0x0800127c   0x000001e8   Code   RO         2254    i.HAL_GPIO_Init     stm32f1xx_hal_gpio.o
    0x08001464   0x0000000a   Code   RO         2258    i.HAL_GPIO_WritePin  stm32f1xx_hal_gpio.o
    0x0800146e   0x00000002   PAD
    0x08001470   0x0000000c   Code   RO         2724    i.HAL_GetTick       stm32f1xx_hal.o
    0x0800147c   0x00000010   Code   RO         2725    i.HAL_IncTick       stm32f1xx_hal.o
    0x0800148c   0x00000024   Code   RO         2726    i.HAL_Init          stm32f1xx_hal.o
    0x080014b0   0x00000022   Code   RO         2727    i.HAL_InitTick      stm32f1xx_hal.o
    0x080014d2   0x00000002   PAD
    0x080014d4   0x00000080   Code   RO          478    i.HAL_MspInit       stm32f1xx_hal_msp.o
    0x08001554   0x00000016   Code   RO         2051    i.HAL_NVIC_EnableIRQ  stm32f1xx_hal_cortex.o
    0x0800156a   0x00000002   PAD
    0x0800156c   0x00000040   Code   RO         2057    i.HAL_NVIC_SetPriority  stm32f1xx_hal_cortex.o
    0x080015ac   0x00000024   Code   RO         2058    i.HAL_NVIC_SetPriorityGrouping  stm32f1xx_hal_cortex.o
    0x080015d0   0x00000100   Code   RO         2318    i.HAL_RCCEx_GetPeriphCLKFreq  stm32f1xx_hal_rcc_ex.o
    0x080016d0   0x0000012c   Code   RO         2319    i.HAL_RCCEx_PeriphCLKConfig  stm32f1xx_hal_rcc_ex.o
    0x080017fc   0x00000188   Code   RO          590    i.HAL_RCC_ClockConfig  stm32f1xx_hal_rcc.o
    0x08001984   0x0000000c   Code   RO          595    i.HAL_RCC_GetHCLKFreq  stm32f1xx_hal_rcc.o
    0x08001990   0x00000030   Code   RO          597    i.HAL_RCC_GetPCLK1Freq  stm32f1xx_hal_rcc.o
    0x080019c0   0x00000030   Code   RO          598    i.HAL_RCC_GetPCLK2Freq  stm32f1xx_hal_rcc.o
    0x080019f0   0x00000088   Code   RO          599    i.HAL_RCC_GetSysClockFreq  stm32f1xx_hal_rcc.o
    0x08001a78   0x0000057e   Code   RO          602    i.HAL_RCC_OscConfig  stm32f1xx_hal_rcc.o
    0x08001ff6   0x00000018   Code   RO         2060    i.HAL_SYSTICK_CLKSourceConfig  stm32f1xx_hal_cortex.o
    0x0800200e   0x00000002   Code   RO         2061    i.HAL_SYSTICK_Callback  stm32f1xx_hal_cortex.o
    0x08002010   0x00000028   Code   RO         2062    i.HAL_SYSTICK_Config  stm32f1xx_hal_cortex.o
    0x08002038   0x00000008   Code   RO         2063    i.HAL_SYSTICK_IRQHandler  stm32f1xx_hal_cortex.o
    0x08002040   0x00000002   Code   RO         1322    i.HAL_TIMEx_BreakCallback  stm32f1xx_hal_tim_ex.o
    0x08002042   0x00000002   Code   RO         1323    i.HAL_TIMEx_CommutationCallback  stm32f1xx_hal_tim_ex.o
    0x08002044   0x00000042   Code   RO         1324    i.HAL_TIMEx_ConfigBreakDeadTime  stm32f1xx_hal_tim_ex.o
    0x08002086   0x00000050   Code   RO         1339    i.HAL_TIMEx_MasterConfigSynchronization  stm32f1xx_hal_tim_ex.o
    0x080020d6   0x00000036   Code   RO          693    i.HAL_TIM_Base_Init  stm32f1xx_hal_tim.o
    0x0800210c   0x0000003c   Code   RO            5    i.HAL_TIM_Base_MspInit  tim.o
    0x08002148   0x0000001a   Code   RO          696    i.HAL_TIM_Base_Start  stm32f1xx_hal_tim.o
    0x08002162   0x00000018   Code   RO          698    i.HAL_TIM_Base_Start_IT  stm32f1xx_hal_tim.o
    0x0800217a   0x000000f2   Code   RO          702    i.HAL_TIM_ConfigClockSource  stm32f1xx_hal_tim.o
    0x0800226c   0x000000a8   Code   RO         2958    i.HAL_TIM_IC_CaptureCallback  my_pwm_input.o
    0x08002314   0x0000011e   Code   RO          723    i.HAL_TIM_IC_ConfigChannel  stm32f1xx_hal_tim.o
    0x08002432   0x00000036   Code   RO          726    i.HAL_TIM_IC_Init   stm32f1xx_hal_tim.o
    0x08002468   0x00000050   Code   RO            7    i.HAL_TIM_IC_MspInit  tim.o
    0x080024b8   0x0000004c   Code   RO          731    i.HAL_TIM_IC_Start_IT  stm32f1xx_hal_tim.o
    0x08002504   0x00000166   Code   RO          735    i.HAL_TIM_IRQHandler  stm32f1xx_hal_tim.o
    0x0800266a   0x00000002   PAD
    0x0800266c   0x00000028   Code   RO            8    i.HAL_TIM_MspPostInit  tim.o
    0x08002694   0x00000002   Code   RO          738    i.HAL_TIM_OC_DelayElapsedCallback  stm32f1xx_hal_tim.o
    0x08002696   0x000000d0   Code   RO          759    i.HAL_TIM_PWM_ConfigChannel  stm32f1xx_hal_tim.o
    0x08002766   0x00000036   Code   RO          762    i.HAL_TIM_PWM_Init  stm32f1xx_hal_tim.o
    0x0800279c   0x00000028   Code   RO           10    i.HAL_TIM_PWM_MspInit  tim.o
    0x080027c4   0x00000002   Code   RO          765    i.HAL_TIM_PWM_PulseFinishedCallback  stm32f1xx_hal_tim.o
    0x080027c6   0x00000002   PAD
    0x080027c8   0x00000038   Code   RO          766    i.HAL_TIM_PWM_Start  stm32f1xx_hal_tim.o
    0x08002800   0x00000002   Code   RO          772    i.HAL_TIM_PeriodElapsedCallback  stm32f1xx_hal_tim.o
    0x08002802   0x00000044   Code   RO          773    i.HAL_TIM_ReadCapturedValue  stm32f1xx_hal_tim.o
    0x08002846   0x00000002   Code   RO          776    i.HAL_TIM_TriggerCallback  stm32f1xx_hal_tim.o
    0x08002848   0x00000002   Code   RO         1824    i.HAL_UART_ErrorCallback  stm32f1xx_hal_uart.o
    0x0800284a   0x00000002   PAD
    0x0800284c   0x000000da   Code   RO         1827    i.HAL_UART_IRQHandler  stm32f1xx_hal_uart.o
    0x08002926   0x0000005e   Code   RO         1828    i.HAL_UART_Init     stm32f1xx_hal_uart.o
    0x08002984   0x00000270   Code   RO          260    i.HAL_UART_MspInit  usart.o
    0x08002bf4   0x00000002   Code   RO         1834    i.HAL_UART_RxCpltCallback  stm32f1xx_hal_uart.o
    0x08002bf6   0x00000002   Code   RO         1839    i.HAL_UART_TxCpltCallback  stm32f1xx_hal_uart.o
    0x08002bf8   0x00000002   Code   RO          328    i.HardFault_Handler  stm32f1xx_it.o
    0x08002bfa   0x00000002   PAD
    0x08002bfc   0x00000058   Code   RO         3162    i.IIC_Send_Byte     myiic.o
    0x08002c54   0x0000003c   Code   RO         3163    i.IIC_Start         myiic.o
    0x08002c90   0x00000040   Code   RO         3164    i.IIC_Stop          myiic.o
    0x08002cd0   0x00000054   Code   RO         3165    i.IIC_Wait_Ack      myiic.o
    0x08002d24   0x00000060   Code   RO          219    i.MX_ADC1_Init      adc.o
    0x08002d84   0x0000007c   Code   RO          190    i.MX_DMA_Init       dma.o
    0x08002e00   0x00000074   Code   RO          565    i.MX_GPIO_Init      gpio.o
    0x08002e74   0x000000b0   Code   RO           11    i.MX_TIM1_Init      tim.o
    0x08002f24   0x00000078   Code   RO           12    i.MX_TIM2_Init      tim.o
    0x08002f9c   0x0000007c   Code   RO           13    i.MX_TIM3_Init      tim.o
    0x08003018   0x00000078   Code   RO           14    i.MX_TIM4_Init      tim.o
    0x08003090   0x0000004c   Code   RO          261    i.MX_USART1_UART_Init  usart.o
    0x080030dc   0x0000004c   Code   RO          262    i.MX_USART2_UART_Init  usart.o
    0x08003128   0x0000004c   Code   RO          263    i.MX_USART3_UART_Init  usart.o
    0x08003174   0x00000002   Code   RO          329    i.MemManage_Handler  stm32f1xx_it.o
    0x08003176   0x00000002   Code   RO          330    i.NMI_Handler       stm32f1xx_it.o
    0x08003178   0x00000020   Code   RO         2064    i.NVIC_SetPriority  stm32f1xx_hal_cortex.o
    0x08003198   0x0000009c   Code   RO         2993    i.Pack_And_Send_Cmd  process.o
    0x08003234   0x00000002   Code   RO          331    i.PendSV_Handler    stm32f1xx_it.o
    0x08003236   0x0000002a   Code   RO         3264    i.Reset_User_Timer  stm32_bsp_timer.o
    0x08003260   0x00000002   Code   RO          332    i.SVC_Handler       stm32f1xx_it.o
    0x08003262   0x00000002   PAD
    0x08003264   0x00000040   Code   RO         2915    i.Start_ADC_Conv_Period  my_adc.o
    0x080032a4   0x0000002a   Code   RO         3267    i.Start_User_Timer  stm32_bsp_timer.o
    0x080032ce   0x00000002   PAD
    0x080032d0   0x0000000c   Code   RO         3268    i.Statr_Microsecond_Timer  stm32_bsp_timer.o
    0x080032dc   0x00000028   Code   RO         3269    i.Stop_User_Timer   stm32_bsp_timer.o
    0x08003304   0x0000000e   Code   RO          333    i.SysTick_Handler   stm32f1xx_it.o
    0x08003312   0x0000007a   Code   RO          502    i.SystemClock_Config  main.o
    0x0800338c   0x00000048   Code   RO         2855    i.SystemInit        system_stm32f1xx.o
    0x080033d4   0x00000060   Code   RO         3032    i.System_Init       system_control.o
    0x08003434   0x00000050   Code   RO         3033    i.System_Run        system_control.o
    0x08003484   0x0000006e   Code   RO         3094    i.TCA62724FMG_Write_OFF  24cxx.o
    0x080034f2   0x00000002   PAD
    0x080034f4   0x0000000c   Code   RO          334    i.TIM3_IRQHandler   stm32f1xx_it.o
    0x08003500   0x0000000c   Code   RO          335    i.TIM4_IRQHandler   stm32f1xx_it.o
    0x0800350c   0x00000084   Code   RO          777    i.TIM_Base_SetConfig  stm32f1xx_hal_tim.o
    0x08003590   0x00000016   Code   RO          778    i.TIM_CCxChannelCmd  stm32f1xx_hal_tim.o
    0x080035a6   0x00000014   Code   RO          784    i.TIM_ETR_SetConfig  stm32f1xx_hal_tim.o
    0x080035ba   0x00000010   Code   RO          785    i.TIM_ITRx_SetConfig  stm32f1xx_hal_tim.o
    0x080035ca   0x00000002   PAD
    0x080035cc   0x00000060   Code   RO          786    i.TIM_OC1_SetConfig  stm32f1xx_hal_tim.o
    0x0800362c   0x0000006c   Code   RO          787    i.TIM_OC2_SetConfig  stm32f1xx_hal_tim.o
    0x08003698   0x00000068   Code   RO          788    i.TIM_OC3_SetConfig  stm32f1xx_hal_tim.o
    0x08003700   0x00000050   Code   RO          789    i.TIM_OC4_SetConfig  stm32f1xx_hal_tim.o
    0x08003750   0x00000022   Code   RO          791    i.TIM_TI1_ConfigInputStage  stm32f1xx_hal_tim.o
    0x08003772   0x00000002   PAD
    0x08003774   0x0000006c   Code   RO          792    i.TIM_TI1_SetConfig  stm32f1xx_hal_tim.o
    0x080037e0   0x00000024   Code   RO          793    i.TIM_TI2_ConfigInputStage  stm32f1xx_hal_tim.o
    0x08003804   0x00000036   Code   RO          794    i.TIM_TI2_SetConfig  stm32f1xx_hal_tim.o
    0x0800383a   0x00000002   PAD
    0x0800383c   0x00000498   Code   RO         2994    i.Task_Anasyse_Protocol  process.o
    0x08003cd4   0x00000046   Code   RO         3344    i.UART_DelChar      stm32_bsp_uart.o
    0x08003d1a   0x0000003e   Code   RO         3345    i.UART_GetChar      stm32_bsp_uart.o
    0x08003d58   0x00000054   Code   RO         3346    i.UART_PutChar      stm32_bsp_uart.o
    0x08003dac   0x0000001e   Code   RO         3347    i.UART_ReadChar     stm32_bsp_uart.o
    0x08003dca   0x00000002   PAD
    0x08003dcc   0x000000a8   Code   RO         1846    i.UART_Receive_IT   stm32f1xx_hal_uart.o
    0x08003e74   0x0000004a   Code   RO         3348    i.UART_Rx_ISR       stm32_bsp_uart.o
    0x08003ebe   0x00000002   PAD
    0x08003ec0   0x00000170   Code   RO         1847    i.UART_SetConfig    stm32f1xx_hal_uart.o
    0x08004030   0x00000066   Code   RO         1848    i.UART_Transmit_IT  stm32f1xx_hal_uart.o
    0x08004096   0x0000007a   Code   RO         3349    i.UART_TxRx_ISR     stm32_bsp_uart.o
    0x08004110   0x00000050   Code   RO         3350    i.UART_Tx_ISR       stm32_bsp_uart.o
    0x08004160   0x0000000c   Code   RO          336    i.USART1_IRQHandler  stm32f1xx_it.o
    0x0800416c   0x0000000c   Code   RO          337    i.USART2_IRQHandler  stm32f1xx_it.o
    0x08004178   0x00000024   Code   RO          338    i.USART3_IRQHandler  stm32f1xx_it.o
    0x0800419c   0x00000040   Code   RO         3270    i.Update_User_Timer_Cnt  stm32_bsp_timer.o
    0x080041dc   0x00000002   Code   RO          339    i.UsageFault_Handler  stm32f1xx_it.o
    0x080041de   0x00000002   Code   RO          503    i._Error_Handler    main.o
    0x080041e0   0x0000000e   Code   RO         3521    i.__scatterload_copy  mc_w.l(handlers.o)
    0x080041ee   0x00000002   Code   RO         3522    i.__scatterload_null  mc_w.l(handlers.o)
    0x080041f0   0x0000000e   Code   RO         3523    i.__scatterload_zeroinit  mc_w.l(handlers.o)
    0x080041fe   0x0000003c   Code   RO          504    i.main              main.o
    0x0800423a   0x00000010   Data   RO         2856    .constdata          system_stm32f1xx.o
    0x0800424a   0x00000008   Data   RO         2857    .constdata          system_stm32f1xx.o
    0x08004252   0x00000002   PAD
    0x08004254   0x00000020   Data   RO         3519    Region$$Table       anon$$obj.o


    Execution Region RW_IRAM1 (Base: 0x20000000, Size: 0x00000860, Max: 0x0000c000, ABSOLUTE)

    Base Addr    Size         Type   Attr      Idx    E Section Name        Object

    0x20000000   0x00000004   Data   RW         2732    .data               stm32f1xx_hal.o
    0x20000004   0x00000004   Data   RW         2858    .data               system_stm32f1xx.o
    0x20000008   0x00000008   Data   RW         2916    .data               my_adc.o
    0x20000010   0x0000001e   Data   RW         2959    .data               my_pwm_input.o
    0x2000002e   0x00000001   Data   RW         3037    .data               system_control.o
    0x2000002f   0x00000001   Data   RW         3038    .data               system_control.o
    0x20000030   0x00000001   Data   RW         3039    .data               system_control.o
    0x20000031   0x00000004   Data   RW         3040    .data               system_control.o
    0x20000035   0x00000004   Data   RW         3041    .data               system_control.o
    0x20000039   0x00000004   Data   RW         3042    .data               system_control.o
    0x2000003d   0x00000004   Data   RW         3043    .data               system_control.o
    0x20000041   0x00000003   PAD
    0x20000044   0x00000014   Data   RW         3355    .data               stm32_bsp_uart.o
    0x20000058   0x00000014   Data   RW         3356    .data               stm32_bsp_uart.o
    0x2000006c   0x000000f0   Zero   RW           15    .bss                tim.o
    0x2000015c   0x00000030   Zero   RW          220    .bss                adc.o
    0x2000018c   0x00000210   Zero   RW          265    .bss                usart.o
    0x2000039c   0x00000018   Zero   RW         2995    .bss                process.o
    0x200003b4   0x00000023   Zero   RW         3034    .bss                system_control.o
    0x200003d7   0x00000019   Zero   RW         3035    .bss                system_control.o
    0x200003f0   0x00000018   Zero   RW         3351    .bss                stm32_bsp_uart.o
    0x20000408   0x00000018   Zero   RW         3352    .bss                stm32_bsp_uart.o
    0x20000420   0x0000001e   Zero   RW         3353    .bss                stm32_bsp_uart.o
    0x2000043e   0x0000001e   Zero   RW         3354    .bss                stm32_bsp_uart.o
    0x2000045c   0x00000004   PAD
    0x20000460   0x00000400   Zero   RW         2844    STACK               startup_stm32f103xe.o


==============================================================================

Image component sizes


      Code (inc. data)   RO Data    RW Data    ZI Data      Debug   Object Name

       110          0          0          0          0        728   24cxx.o
       176         38          0          0         48       1757   adc.o
         2          0          0          0          0       1257   board_gimbal_cmd_process.o
       124          4          0          0          0        870   dma.o
       116         10          0          0          0       1011   gpio.o
       184          0          0          0          0       4269   main.o
       146         22          0          8          0       2683   my_adc.o
       168         20          0         30          0       2412   my_pwm_input.o
       296         36          0          0          0       2286   myiic.o
        54          0          0          0          0       1544   mynop.o
      1332         54          0          0         24       4316   process.o
        36          8        304          0       1024        808   startup_stm32f103xe.o
       200          6          0          0          0       3826   stm32_bsp_timer.o
       522          0          0         40        108       6815   stm32_bsp_uart.o
       120         16          0          4          0       3938   stm32f1xx_hal.o
      1616         56          0          0          0       9538   stm32f1xx_hal_adc.o
       202          6          0          0          0       2143   stm32f1xx_hal_adc_ex.o
       228         14          0          0          0      27817   stm32f1xx_hal_cortex.o
      1288         20          0          0          0       2444   stm32f1xx_hal_dma.o
       498         42          0          0          0       3208   stm32f1xx_hal_gpio.o
       128         10          0          0          0        938   stm32f1xx_hal_msp.o
      2042         98          0          0          0       6164   stm32f1xx_hal_rcc.o
       556         46          0          0          0       2657   stm32f1xx_hal_rcc_ex.o
      2324         84          0          0          0      21853   stm32f1xx_hal_tim.o
       150          0          0          0          0       3314   stm32f1xx_hal_tim_ex.o
       956          4          0          0          0       6191   stm32f1xx_hal_uart.o
       198         78          0          0          0      11974   stm32f1xx_it.o
       176         38          0         19         60       2803   system_control.o
        72         16         24          4          0       1295   system_stm32f1xx.o
       760        142          0          0        240     525538   tim.o
       852        124          0          0        528       3774   usart.o

    ----------------------------------------------------------------------
     15672        992        362        108       2036     670171   Object Totals
         0          0         32          0          0          0   (incl. Generated)
        40          0          2          3          4          0   (incl. Padding)

    ----------------------------------------------------------------------

      Code (inc. data)   RO Data    RW Data    ZI Data      Debug   Library Member Name

         0          0          0          0          0          0   entry.o
         0          0          0          0          0          0   entry10a.o
         0          0          0          0          0          0   entry11a.o
         8          4          0          0          0          0   entry2.o
         4          0          0          0          0          0   entry5.o
         0          0          0          0          0          0   entry7b.o
         0          0          0          0          0          0   entry8b.o
         8          4          0          0          0          0   entry9a.o
        30          0          0          0          0          0   handlers.o
        36          8          0          0          0         68   init.o
         0          0          0          0          0          0   iusefp.o
        30          0          0          0          0         68   llshl.o
        32          0          0          0          0         68   llushr.o
        56          0          0          0          0         88   d2f.o
       186          0          0          0          0        176   depilogue.o
        26          0          0          0          0         76   dfltui.o
       228          0          0          0          0         96   dmul.o
        46          0          0          0          0         80   dscalb.o
       124          0          0          0          0         88   fdiv.o
       110          0          0          0          0        168   fepilogue.o
        40          0          0          0          0         68   ffixui.o
        10          0          0          0          0         68   ffltui.o

    ----------------------------------------------------------------------
       978         16          0          0          0       1112   Library Totals
         4          0          0          0          0          0   (incl. Padding)

    ----------------------------------------------------------------------

      Code (inc. data)   RO Data    RW Data    ZI Data      Debug   Library Name

       148         16          0          0          0        204   mc_w.l
       826          0          0          0          0        908   mf_w.l

    ----------------------------------------------------------------------
       978         16          0          0          0       1112   Library Totals

    ----------------------------------------------------------------------

==============================================================================


      Code (inc. data)   RO Data    RW Data    ZI Data      Debug   

     16650       1008        362        108       2036     663375   Grand Totals
     16650       1008        362        108       2036     663375   ELF Image Totals
     16650       1008        362        108          0          0   ROM Totals

==============================================================================

    Total RO  Size (Code + RO Data)                17012 (  16.61kB)
    Total RW  Size (RW Data + ZI Data)              2144 (   2.09kB)
    Total ROM Size (Code + RO Data + RW Data)      17120 (  16.72kB)

==============================================================================

